Archive member included to satisfy reference by file (symbol)

c:/ti/ccs1000/ccs/tools/compiler/msp430-gcc-9.2.0.50_win64/bin/../lib/gcc/msp430-elf/9.2.0/large\libgcc.a(_addsub_sf.o)
                              ./glue/helper.o (__mspabi_addf)
c:/ti/ccs1000/ccs/tools/compiler/msp430-gcc-9.2.0.50_win64/bin/../lib/gcc/msp430-elf/9.2.0/large\libgcc.a(_mul_sf.o)
                              ./glue/helper.o (__mspabi_mpyf)
c:/ti/ccs1000/ccs/tools/compiler/msp430-gcc-9.2.0.50_win64/bin/../lib/gcc/msp430-elf/9.2.0/large\libgcc.a(_div_sf.o)
                              ./glue/helper.o (__mspabi_divf)
c:/ti/ccs1000/ccs/tools/compiler/msp430-gcc-9.2.0.50_win64/bin/../lib/gcc/msp430-elf/9.2.0/large\libgcc.a(_eq_sf.o)
                              ./glue/helper.o (__eqsf2)
c:/ti/ccs1000/ccs/tools/compiler/msp430-gcc-9.2.0.50_win64/bin/../lib/gcc/msp430-elf/9.2.0/large\libgcc.a(_gt_sf.o)
                              ./glue/helper.o (__gtsf2)
c:/ti/ccs1000/ccs/tools/compiler/msp430-gcc-9.2.0.50_win64/bin/../lib/gcc/msp430-elf/9.2.0/large\libgcc.a(_lt_sf.o)
                              ./glue/helper.o (__ltsf2)
c:/ti/ccs1000/ccs/tools/compiler/msp430-gcc-9.2.0.50_win64/bin/../lib/gcc/msp430-elf/9.2.0/large\libgcc.a(_si_to_sf.o)
                              ./glue/helper.o (__mspabi_fltlif)
c:/ti/ccs1000/ccs/tools/compiler/msp430-gcc-9.2.0.50_win64/bin/../lib/gcc/msp430-elf/9.2.0/large\libgcc.a(_sf_to_df.o)
                              ./glue/helper.o (__mspabi_cvtfd)
c:/ti/ccs1000/ccs/tools/compiler/msp430-gcc-9.2.0.50_win64/bin/../lib/gcc/msp430-elf/9.2.0/large\libgcc.a(_thenan_sf.o)
                              c:/ti/ccs1000/ccs/tools/compiler/msp430-gcc-9.2.0.50_win64/bin/../lib/gcc/msp430-elf/9.2.0/large\libgcc.a(_addsub_sf.o) (__thenan_sf)
c:/ti/ccs1000/ccs/tools/compiler/msp430-gcc-9.2.0.50_win64/bin/../lib/gcc/msp430-elf/9.2.0/large\libgcc.a(_gt_df.o)
                              ./glue/helper.o (__gtdf2)
c:/ti/ccs1000/ccs/tools/compiler/msp430-gcc-9.2.0.50_win64/bin/../lib/gcc/msp430-elf/9.2.0/large\libgcc.a(_lt_df.o)
                              ./glue/helper.o (__ltdf2)
c:/ti/ccs1000/ccs/tools/compiler/msp430-gcc-9.2.0.50_win64/bin/../lib/gcc/msp430-elf/9.2.0/large\libgcc.a(_make_df.o)
                              c:/ti/ccs1000/ccs/tools/compiler/msp430-gcc-9.2.0.50_win64/bin/../lib/gcc/msp430-elf/9.2.0/large\libgcc.a(_sf_to_df.o) (__make_dp)
c:/ti/ccs1000/ccs/tools/compiler/msp430-gcc-9.2.0.50_win64/bin/../lib/gcc/msp430-elf/9.2.0/large\libgcc.a(lib2divHI.o)
                              ./driverlib/MSP430FR5xx_6xx/cs.o (__mspabi_divi)
c:/ti/ccs1000/ccs/tools/compiler/msp430-gcc-9.2.0.50_win64/bin/../lib/gcc/msp430-elf/9.2.0/large\libgcc.a(lib2divSI.o)
                              ./timer_a0.o (__mspabi_divul)
c:/ti/ccs1000/ccs/tools/compiler/msp430-gcc-9.2.0.50_win64/bin/../lib/gcc/msp430-elf/9.2.0/large\libgcc.a(slli.o)
                              ./driverlib/MSP430FR5xx_6xx/comp_e.o (__mspabi_slli)
c:/ti/ccs1000/ccs/tools/compiler/msp430-gcc-9.2.0.50_win64/bin/../lib/gcc/msp430-elf/9.2.0/large\libgcc.a(srai.o)
                              ./driverlib/MSP430FR5xx_6xx/ram.o (__mspabi_srai)
c:/ti/ccs1000/ccs/tools/compiler/msp430-gcc-9.2.0.50_win64/bin/../lib/gcc/msp430-elf/9.2.0/large\libgcc.a(srli.o)
                              ./glue/helper.o (__mspabi_srll_8)
c:/ti/ccs1000/ccs/tools/compiler/msp430-gcc-9.2.0.50_win64/bin/../lib/gcc/msp430-elf/9.2.0/large\libgcc.a(_clzsi2.o)
                              c:/ti/ccs1000/ccs/tools/compiler/msp430-gcc-9.2.0.50_win64/bin/../lib/gcc/msp430-elf/9.2.0/large\libgcc.a(_si_to_sf.o) (__clzsi2)
c:/ti/ccs1000/ccs/tools/compiler/msp430-gcc-9.2.0.50_win64/bin/../lib/gcc/msp430-elf/9.2.0/large\libgcc.a(_udivdi3.o)
                              c:/ti/ccs1000/ccs/tools/compiler/msp430-gcc-9.2.0.50_win64/bin/../lib/gcc/msp430-elf/9.2.0/large\libgcc.a(lib2divSI.o) (__mspabi_divull)
c:/ti/ccs1000/ccs/tools/compiler/msp430-gcc-9.2.0.50_win64/bin/../lib/gcc/msp430-elf/9.2.0/large\libgcc.a(_pack_sf.o)
                              c:/ti/ccs1000/ccs/tools/compiler/msp430-gcc-9.2.0.50_win64/bin/../lib/gcc/msp430-elf/9.2.0/large\libgcc.a(_addsub_sf.o) (__pack_f)
c:/ti/ccs1000/ccs/tools/compiler/msp430-gcc-9.2.0.50_win64/bin/../lib/gcc/msp430-elf/9.2.0/large\libgcc.a(_unpack_sf.o)
                              c:/ti/ccs1000/ccs/tools/compiler/msp430-gcc-9.2.0.50_win64/bin/../lib/gcc/msp430-elf/9.2.0/large\libgcc.a(_addsub_sf.o) (__unpack_f)
c:/ti/ccs1000/ccs/tools/compiler/msp430-gcc-9.2.0.50_win64/bin/../lib/gcc/msp430-elf/9.2.0/large\libgcc.a(_fpcmp_parts_sf.o)
                              c:/ti/ccs1000/ccs/tools/compiler/msp430-gcc-9.2.0.50_win64/bin/../lib/gcc/msp430-elf/9.2.0/large\libgcc.a(_eq_sf.o) (__fpcmp_parts_f)
c:/ti/ccs1000/ccs/tools/compiler/msp430-gcc-9.2.0.50_win64/bin/../lib/gcc/msp430-elf/9.2.0/large\libgcc.a(_pack_df.o)
[...]
Memory Configuration

Name             Origin             Length             Attributes
TINYRAM          0x000000000000000a 0x0000000000000016
BSL              0x0000000000001000 0x0000000000000800
RAM              0x0000000000001c00 0x0000000000001000
LEARAM           0x0000000000002c00 0x0000000000000ec8
LEASTACK         0x0000000000003ac8 0x0000000000000138
INFOMEM          0x0000000000001800 0x0000000000000200
INFOD            0x0000000000001800 0x0000000000000080
INFOC            0x0000000000001880 0x0000000000000080
INFOB            0x0000000000001900 0x0000000000000080
INFOA            0x0000000000001980 0x0000000000000080
ROM              0x0000000000004000 0x000000000000bf80 xr
HIFRAM           0x0000000000010000 0x0000000000033fff xrw
JTAGSIGNATURE    0x000000000000ff80 0x0000000000000004
BSLSIGNATURE     0x000000000000ff84 0x0000000000000004
IPESIGNATURE     0x000000000000ff88 0x0000000000000008
VECT0            0x000000000000ff90 0x0000000000000002
VECT1            0x000000000000ff92 0x0000000000000002
VECT2            0x000000000000ff94 0x0000000000000002
VECT3            0x000000000000ff96 0x0000000000000002
VECT4            0x000000000000ff98 0x0000000000000002
VECT5            0x000000000000ff9a 0x0000000000000002
VECT6            0x000000000000ff9c 0x0000000000000002
VECT7            0x000000000000ff9e 0x0000000000000002
VECT8            0x000000000000ffa0 0x0000000000000002
VECT9            0x000000000000ffa2 0x0000000000000002
VECT10           0x000000000000ffa4 0x0000000000000002
VECT11           0x000000000000ffa6 0x0000000000000002
VECT12           0x000000000000ffa8 0x0000000000000002
VECT13           0x000000000000ffaa 0x0000000000000002
VECT14           0x000000000000ffac 0x0000000000000002
VECT15           0x000000000000ffae 0x0000000000000002
VECT16           0x000000000000ffb0 0x0000000000000002
VECT17           0x000000000000ffb2 0x0000000000000002
VECT18           0x000000000000ffb4 0x0000000000000002
VECT19           0x000000000000ffb6 0x0000000000000002
VECT20           0x000000000000ffb8 0x0000000000000002
VECT21           0x000000000000ffba 0x0000000000000002
VECT22           0x000000000000ffbc 0x0000000000000002
VECT23           0x000000000000ffbe 0x0000000000000002
VECT24           0x000000000000ffc0 0x0000000000000002
VECT25           0x000000000000ffc2 0x0000000000000002
VECT26           0x000000000000ffc4 0x0000000000000002
VECT27           0x000000000000ffc6 0x0000000000000002
VECT28           0x000000000000ffc8 0x0000000000000002
VECT29           0x000000000000ffca 0x0000000000000002
VECT30           0x000000000000ffcc 0x0000000000000002
VECT31           0x000000000000ffce 0x0000000000000002
VECT32           0x000000000000ffd0 0x0000000000000002
VECT33           0x000000000000ffd2 0x0000000000000002
VECT34           0x000000000000ffd4 0x0000000000000002
VECT35           0x000000000000ffd6 0x0000000000000002
VECT36           0x000000000000ffd8 0x0000000000000002
VECT37           0x000000000000ffda 0x0000000000000002
VECT38           0x000000000000ffdc 0x0000000000000002
VECT39           0x000000000000ffde 0x0000000000000002
VECT40           0x000000000000ffe0 0x0000000000000002
VECT41           0x000000000000ffe2 0x0000000000000002
VECT42           0x000000000000ffe4 0x0000000000000002
VECT43           0x000000000000ffe6 0x0000000000000002
VECT44           0x000000000000ffe8 0x0000000000000002
VECT45           0x000000000000ffea 0x0000000000000002
VECT46           0x000000000000ffec 0x0000000000000002
VECT47           0x000000000000ffee 0x0000000000000002
VECT48           0x000000000000fff0 0x0000000000000002
VECT49           0x000000000000fff2 0x0000000000000002
VECT50           0x000000000000fff4 0x0000000000000002
VECT51           0x000000000000fff6 0x0000000000000002
VECT52           0x000000000000fff8 0x0000000000000002
VECT53           0x000000000000fffa 0x0000000000000002
VECT54           0x000000000000fffc 0x0000000000000002
RESETVEC         0x000000000000fffe 0x0000000000000002
*default*        0x0000000000000000 0xffffffffffffffff

Linker script and memory map

LOAD c:/ti/ccs1000/ccs/tools/compiler/msp430-gcc-9.2.0.50_win64/bin/../lib/gcc/msp430-elf/9.2.0/../../../../msp430-elf/lib/large/crt0.o
LOAD c:/ti/ccs1000/ccs/tools/compiler/msp430-gcc-9.2.0.50_win64/bin/../lib/gcc/msp430-elf/9.2.0/large/crtbegin_no_eh.o
LOAD ./main.o
LOAD ./timer_a0.o
LOAD ./timer_a1.o
LOAD ./timer_a2.o
LOAD ./ui.o
LOAD ./driverlib/MSP430FR5xx_6xx/adc12_b.o
LOAD ./driverlib/MSP430FR5xx_6xx/aes256.o
LOAD ./driverlib/MSP430FR5xx_6xx/comp_e.o
LOAD ./driverlib/MSP430FR5xx_6xx/crc.o
LOAD ./driverlib/MSP430FR5xx_6xx/crc32.o
LOAD ./driverlib/MSP430FR5xx_6xx/cs.o
LOAD ./driverlib/MSP430FR5xx_6xx/dma.o
LOAD ./driverlib/MSP430FR5xx_6xx/esi.o
LOAD ./driverlib/MSP430FR5xx_6xx/eusci_a_spi.o
LOAD ./driverlib/MSP430FR5xx_6xx/eusci_a_uart.o
LOAD ./driverlib/MSP430FR5xx_6xx/eusci_b_i2c.o
LOAD ./driverlib/MSP430FR5xx_6xx/eusci_b_spi.o
LOAD ./driverlib/MSP430FR5xx_6xx/framctl.o
LOAD ./driverlib/MSP430FR5xx_6xx/framctl_a.o
LOAD ./driverlib/MSP430FR5xx_6xx/gpio.o
LOAD ./driverlib/MSP430FR5xx_6xx/hspll.o
LOAD ./driverlib/MSP430FR5xx_6xx/lcd_c.o
LOAD ./driverlib/MSP430FR5xx_6xx/mpu.o
LOAD ./driverlib/MSP430FR5xx_6xx/mpy32.o
LOAD ./driverlib/MSP430FR5xx_6xx/mtif.o
LOAD ./driverlib/MSP430FR5xx_6xx/pmm.o
LOAD ./driverlib/MSP430FR5xx_6xx/ram.o
LOAD ./driverlib/MSP430FR5xx_6xx/ref_a.o
LOAD ./driverlib/MSP430FR5xx_6xx/rtc_b.o
LOAD ./driverlib/MSP430FR5xx_6xx/rtc_c.o
LOAD ./driverlib/MSP430FR5xx_6xx/saph.o
LOAD ./driverlib/MSP430FR5xx_6xx/saph_a.o
LOAD ./driverlib/MSP430FR5xx_6xx/sdhs.o
LOAD ./driverlib/MSP430FR5xx_6xx/sfr.o
LOAD ./driverlib/MSP430FR5xx_6xx/sysctl.o
LOAD ./driverlib/MSP430FR5xx_6xx/timer_a.o
LOAD ./driverlib/MSP430FR5xx_6xx/timer_b.o
LOAD ./driverlib/MSP430FR5xx_6xx/tlv.o
LOAD ./driverlib/MSP430FR5xx_6xx/uups.o
LOAD ./driverlib/MSP430FR5xx_6xx/wdt_a.o
LOAD ./glue/ad7789.o
LOAD ./glue/ds3231.o
LOAD ./glue/ds3234.o
LOAD ./glue/fm24.o
LOAD ./glue/fm24_memtest.o
LOAD ./glue/helper.o
LOAD ./glue/hsc_ssc.o
LOAD ./glue/i2c.o
LOAD ./glue/serial_bitbang.o
LOAD ./glue/sht1x.o
LOAD ./glue/spi.o
LOAD ./glue/sys_messagebus.o
LOAD ./glue/uart0.o
LOAD ./glue/uart1.o
START GROUP
LOAD c:/ti/ccs1000/ccs/tools/compiler/msp430-gcc-9.2.0.50_win64/bin/../lib/gcc/msp430-elf/9.2.0/large\libgcc.a
LOAD c:/ti/ccs1000/ccs/tools/compiler/msp430-gcc-9.2.0.50_win64/bin/../lib/gcc/msp430-elf/9.2.0/../../../../msp430-elf/lib/large\libc.a
END GROUP
LOAD c:/ti/ccs1000/ccs/tools/compiler/msp430-gcc-9.2.0.50_win64/bin/../lib/gcc/msp430-elf/9.2.0/large\libgcc.a
START GROUP
LOAD c:/ti/ccs1000/ccs/tools/compiler/msp430-gcc-9.2.0.50_win64/bin/../lib/gcc/msp430-elf/9.2.0/large\libmul_f5.a
LOAD c:/ti/ccs1000/ccs/tools/compiler/msp430-gcc-9.2.0.50_win64/bin/../lib/gcc/msp430-elf/9.2.0/../../../../msp430-elf/lib/large\libc.a
LOAD c:/ti/ccs1000/ccs/tools/compiler/msp430-gcc-9.2.0.50_win64/bin/../lib/gcc/msp430-elf/9.2.0/large\libgcc.a
LOAD c:/ti/ccs1000/ccs/tools/compiler/msp430-gcc-9.2.0.50_win64/bin/../lib/gcc/msp430-elf/9.2.0/../../../../msp430-elf/lib/large\libcrt.a
LOAD c:/ti/ccs1000/ccs/tools/compiler/msp430-gcc-9.2.0.50_win64/bin/../lib/gcc/msp430-elf/9.2.0/../../../../msp430-elf/lib/large\libnosys.a
END GROUP
LOAD c:/ti/ccs1000/ccs/tools/compiler/msp430-gcc-9.2.0.50_win64/bin/../lib/gcc/msp430-elf/9.2.0/large\libgcc.a
LOAD c:/ti/ccs1000/ccs/tools/compiler/msp430-gcc-9.2.0.50_win64/bin/../lib/gcc/msp430-elf/9.2.0/large/crtend_no_eh.o
LOAD c:/ti/ccs1000/ccs/tools/compiler/msp430-gcc-9.2.0.50_win64/bin/../lib/gcc/msp430-elf/9.2.0/large\libgcc.a

.leaRAM

.jtagsignature

.bslsignature

.ipe
 *(.ipesignature)
 *(.jtagpassword)

__interrupt_vector_0
 *(__interrupt_vector_0)

__interrupt_vector_1
 *(__interrupt_vector_1)

__interrupt_vector_2
 *(__interrupt_vector_2)

__interrupt_vector_3
 *(__interrupt_vector_3)

__interrupt_vector_4
 *(__interrupt_vector_4)

__interrupt_vector_5
 *(__interrupt_vector_5)

__interrupt_vector_6
 *(__interrupt_vector_6)

__interrupt_vector_7
 *(__interrupt_vector_7)

__interrupt_vector_8
 *(__interrupt_vector_8)

__interrupt_vector_9
 *(__interrupt_vector_9)

__interrupt_vector_10
 *(__interrupt_vector_10)

__interrupt_vector_11
 *(__interrupt_vector_11)

__interrupt_vector_12
 *(__interrupt_vector_12)

__interrupt_vector_13
 *(__interrupt_vector_13)

__interrupt_vector_14
 *(__interrupt_vector_14)

__interrupt_vector_15
 *(__interrupt_vector_15)

__interrupt_vector_16
 *(__interrupt_vector_16)

__interrupt_vector_17
 *(__interrupt_vector_17)

__interrupt_vector_18
 *(__interrupt_vector_18)
 *(__interrupt_vector_lea)

__interrupt_vector_19
 *(__interrupt_vector_19)
 *(__interrupt_vector_port8)

__interrupt_vector_20
 *(__interrupt_vector_20)
 *(__interrupt_vector_port7)

__interrupt_vector_21
 *(__interrupt_vector_21)
 *(__interrupt_vector_eusci_b3)

__interrupt_vector_22
 *(__interrupt_vector_22)
 *(__interrupt_vector_eusci_b2)

__interrupt_vector_23
 *(__interrupt_vector_23)
 *(__interrupt_vector_eusci_b1)

__interrupt_vector_24
 *(__interrupt_vector_24)
 *(__interrupt_vector_eusci_a3)

__interrupt_vector_25
 *(__interrupt_vector_25)
 *(__interrupt_vector_eusci_a2)

__interrupt_vector_26
 *(__interrupt_vector_26)
 *(__interrupt_vector_port6)

__interrupt_vector_27
                0x000000000000ffc6        0x2
 *(__interrupt_vector_27)
 __interrupt_vector_27
                0x000000000000ffc6        0x2 ./main.o
 *(__interrupt_vector_port5)

__interrupt_vector_28
 *(__interrupt_vector_28)
 *(__interrupt_vector_timer4_a1)

__interrupt_vector_29
 *(__interrupt_vector_29)
 *(__interrupt_vector_timer4_a0)

__interrupt_vector_30
 *(__interrupt_vector_30)
 *(__interrupt_vector_aes256)

__interrupt_vector_31
 *(__interrupt_vector_31)
 *(__interrupt_vector_rtc_c)

__interrupt_vector_32
 *(__interrupt_vector_32)
 *(__interrupt_vector_port4)

__interrupt_vector_33
 *(__interrupt_vector_33)
 *(__interrupt_vector_port3)

__interrupt_vector_34
 *(__interrupt_vector_34)
 *(__interrupt_vector_timer3_a1)

__interrupt_vector_35
 *(__interrupt_vector_35)
 *(__interrupt_vector_timer3_a0)

__interrupt_vector_36
 *(__interrupt_vector_36)
 *(__interrupt_vector_port2)

__interrupt_vector_37
                0x000000000000ffda        0x2
 *(__interrupt_vector_37)
 __interrupt_vector_37
                0x000000000000ffda        0x2 ./timer_a2.o
 *(__interrupt_vector_timer2_a1)

__interrupt_vector_38
 *(__interrupt_vector_38)
 *(__interrupt_vector_timer2_a0)

__interrupt_vector_39
 *(__interrupt_vector_39)
 *(__interrupt_vector_port1)

__interrupt_vector_40
                0x000000000000ffe0        0x2
 *(__interrupt_vector_40)
 __interrupt_vector_40
                0x000000000000ffe0        0x2 ./timer_a1.o
 *(__interrupt_vector_timer1_a1)

__interrupt_vector_41
 *(__interrupt_vector_41)
 *(__interrupt_vector_timer1_a0)

__interrupt_vector_42
 *(__interrupt_vector_42)
 *(__interrupt_vector_dma)

__interrupt_vector_43
                0x000000000000ffe6        0x2
 *(__interrupt_vector_43)
 __interrupt_vector_43
                0x000000000000ffe6        0x2 ./glue/uart1.o
 *(__interrupt_vector_eusci_a1)

__interrupt_vector_44
                0x000000000000ffe8        0x2
 *(__interrupt_vector_44)
 __interrupt_vector_44
                0x000000000000ffe8        0x2 ./timer_a0.o
 *(__interrupt_vector_timer0_a1)

__interrupt_vector_45
 *(__interrupt_vector_45)
 *(__interrupt_vector_timer0_a0)

__interrupt_vector_46
 *(__interrupt_vector_46)
 *(__interrupt_vector_adc12_b)

__interrupt_vector_47
 *(__interrupt_vector_47)
 *(__interrupt_vector_eusci_b0)

__interrupt_vector_48
                0x000000000000fff0        0x2
 *(__interrupt_vector_48)
 __interrupt_vector_48
                0x000000000000fff0        0x2 ./glue/uart0.o
 *(__interrupt_vector_eusci_a0)

__interrupt_vector_49
 *(__interrupt_vector_49)
 *(__interrupt_vector_wdt)

__interrupt_vector_50
 *(__interrupt_vector_50)
 *(__interrupt_vector_timer0_b1)

__interrupt_vector_51
 *(__interrupt_vector_51)
 *(__interrupt_vector_timer0_b0)

__interrupt_vector_52
 *(__interrupt_vector_52)
 *(__interrupt_vector_comp_e)

__interrupt_vector_53
 *(__interrupt_vector_53)
 *(__interrupt_vector_unmi)

__interrupt_vector_54
 *(__interrupt_vector_54)
 *(__interrupt_vector_sysnmi)

__reset_vector  0x000000000000fffe        0x2
 *(__interrupt_vector_55)
 *(__interrupt_vector_reset)
 *(.resetvec)
 .resetvec      0x000000000000fffe        0x2 c:/ti/ccs1000/ccs/tools/compiler/msp430-gcc-9.2.0.50_win64/bin/../lib/gcc/msp430-elf/9.2.0/../../../../msp430-elf/lib/large/crt0.o

.lower.rodata   0x0000000000004000        0x0
                0x0000000000004000                . = ALIGN (0x2)
 *(.lower.rodata.* .lower.rodata)

.rodata         0x0000000000004000       0xda
                0x0000000000004000                . = ALIGN (0x2)
 *(.plt)
 *(.rodata .rodata.* .gnu.linkonce.r.* .const .const:*)
 .rodata.button_56_long_press_irq.str1.1
                0x0000000000004000        0xc ./main.o
 .rodata.button_55_long_press_irq.str1.1
                0x000000000000400c        0xc ./main.o
 .rodata.display_menu.str1.1
                0x0000000000004018       0x6c ./ui.o
 .rodata.display_schedule.str1.1
                0x0000000000004084        0xd ./ui.o
                                         0x10 (size before relaxing)
 .rodata.print_buf.str1.1
                0x0000000000004091        0x3 ./ui.o
                                          0x5 (size before relaxing)
 .rodata.parse_user_input.str1.1
                0x0000000000004094        0x9 ./ui.o
 *fill*         0x000000000000409d        0x1 
 .rodata.hex_ascii
                0x000000000000409e       0x20 ./glue/helper.o
 .rodata.str1.1
                0x00000000000040be        0x2 c:/ti/ccs1000/ccs/tools/compiler/msp430-gcc-9.2.0.50_win64/bin/../lib/gcc/msp430-elf/9.2.0/../../../../msp430-elf/lib/large\libc.a(lib_a-impure.o)
 .rodata._sbrk.str1.1
                0x00000000000040c0       0x1a c:/ti/ccs1000/ccs/tools/compiler/msp430-gcc-9.2.0.50_win64/bin/../lib/gcc/msp430-elf/9.2.0/../../../../msp430-elf/lib/large\libnosys.a(sbrk.o)
 *(.rodata1)
 *(.gcc_except_table)
 *(.gcc_except_table.*)

.rodata2        0x00000000000040dc       0x64
                0x00000000000040dc                . = ALIGN (0x2)
                [!provide]                        PROVIDE (__preinit_array_start = .)
 *(.preinit_array)
                [!provide]                        PROVIDE (__preinit_array_end = .)
                0x00000000000040dc                . = ALIGN (0x2)
                [!provide]                        PROVIDE (__init_array_start = .)
 *(SORT_BY_NAME(.init_array.*))
 *(.init_array)
                [!provide]                        PROVIDE (__init_array_end = .)
                0x00000000000040dc                . = ALIGN (0x2)
                [!provide]                        PROVIDE (__fini_array_start = .)
 *(.fini_array)
 *(SORT_BY_NAME(.fini_array.*))
                [!provide]                        PROVIDE (__fini_array_end = .)
                0x00000000000040dc                . = ALIGN (0x2)
 *(.eh_frame_hdr)
 *(.eh_frame)
 .eh_frame      0x00000000000040dc       0x64 c:/ti/ccs1000/ccs/tools/compiler/msp430-gcc-9.2.0.50_win64/bin/../lib/gcc/msp430-elf/9.2.0/large\libgcc.a(_udivdi3.o)
 *crtbegin*.o(.ctors)
 *(EXCLUDE_FILE(*crtend*.o) .ctors)
 *(SORT_BY_NAME(.ctors.*))
 *(.ctors)
 *crtbegin*.o(.dtors)
 *(EXCLUDE_FILE(*crtend*.o) .dtors)
 *(SORT_BY_NAME(.dtors.*))
 *(.dtors)

.persistent     0x0000000000004140        0x4
                0x0000000000004140                . = ALIGN (0x2)
                [!provide]                        PROVIDE (__persistent_start = .)
 *(.persistent)
 .persistent    0x0000000000004140        0x4 ./main.o
                0x0000000000004140                HIGH_FRAM_START
                0x0000000000004144                . = ALIGN (0x2)
                [!provide]                        PROVIDE (__persistent_end = .)

.upper.rodata
 *(.upper.rodata.* .upper.rodata)

.tinyram

.lower.data     0x0000000000001c00        0x0 load address 0x0000000000004144
                0x0000000000001c00                . = ALIGN (0x2)
                0x0000000000001c00                PROVIDE (__datastart = .)
 *(.lower.data.* .lower.data)

.data           0x0000000000001c00      0x134 load address 0x0000000000004144
                0x0000000000001c00                . = ALIGN (0x2)
                [!provide]                        PROVIDE (__datastart = .)
 *(.jcr)
 *(.data.rel.ro.local)
 *(.data.rel.ro*)
 *(.dynamic)
 *(.data .data.* .gnu.linkonce.d.*)
 .data._impure_ptr
                0x0000000000001c00        0x4 c:/ti/ccs1000/ccs/tools/compiler/msp430-gcc-9.2.0.50_win64/bin/../lib/gcc/msp430-elf/9.2.0/../../../../msp430-elf/lib/large\libc.a(lib_a-impure.o)
                0x0000000000001c00                _impure_ptr
 .data.impure_data
                0x0000000000001c04       0xe0 c:/ti/ccs1000/ccs/tools/compiler/msp430-gcc-9.2.0.50_win64/bin/../lib/gcc/msp430-elf/9.2.0/../../../../msp430-elf/lib/large\libc.a(lib_a-impure.o)
 .data.heap.1412
                0x0000000000001ce4        0x4 c:/ti/ccs1000/ccs/tools/compiler/msp430-gcc-9.2.0.50_win64/bin/../lib/gcc/msp430-elf/9.2.0/../../../../msp430-elf/lib/large\libnosys.a(sbrk.o)
 .data          0x0000000000001ce8       0x4b c:/ti/ccs1000/ccs/tools/compiler/msp430-gcc-9.2.0.50_win64/bin/../lib/gcc/msp430-elf/9.2.0/../../../../msp430-elf/lib/large\libnosys.a(cio.o)
                0x0000000000001ce8                _CIOBUF_
                0x0000000000001ce8                __CIOBUF__
 *(.gnu.linkonce.d.*personality*)
 *(.data1)
 *(.got.plt)
 *(.got)
                0x0000000000001d34                . = ALIGN (0x2)
 *fill*         0x0000000000001d33        0x1 
 *(.sdata .sdata.* .gnu.linkonce.s.* D_2 D_1)
                0x0000000000001d34                . = ALIGN (0x2)
                0x0000000000001d34                _edata = .
                [!provide]                        PROVIDE (edata = .)
                [!provide]                        PROVIDE (__dataend = .)
                0x0000000000004144                PROVIDE (__romdatastart = LOADADDR (.lower.data))
                0x0000000000000134                PROVIDE (__romdatacopysize = (SIZEOF (.lower.data) + SIZEOF (.data)))

.upper.data     0x0000000000010000        0x2 load address 0x0000000000004278
                0x0000000000004278                __upper_data_init = LOADADDR (.upper.data)
                0x0000000000010000        0x2 SHORT 0x1
                0x0000000000010002                __high_datastart = .
 *(.upper.data.* .upper.data)
                0x0000000000010002                __high_dataend = .
                0x0000000000000000                __rom_highdatacopysize = (SIZEOF (.upper.data) - 0x2)
                0x000000000000427a                __rom_highdatastart = (LOADADDR (.upper.data) + 0x2)

.lower.bss      0x0000000000001d34        0x0
                0x0000000000001d34                . = ALIGN (0x2)
                0x0000000000001d34                PROVIDE (__bssstart = .)
 *(.lower.bss.* .lower.bss)

.bss            0x0000000000001d34       0xfa
                0x0000000000001d34                . = ALIGN (0x2)
                [!provide]                        PROVIDE (__bssstart = .)
 *(.dynbss)
 *(.sbss .sbss.*)
 *(.bss .bss.* .gnu.linkonce.b.*)
 .bss.tcounter  0x0000000000001d34        0x1 ./main.o
                0x0000000000001d34                tcounter
 .bss.port5_last_event
                0x0000000000001d35        0x1 ./main.o
                0x0000000000001d35                port5_last_event
 .bss.timer_a0_ovf
                0x0000000000001d36        0x2 ./timer_a0.o
                0x0000000000001d36                timer_a0_ovf
 .bss.timer_a0_last_event
                0x0000000000001d38        0x1 ./timer_a0.o
                0x0000000000001d38                timer_a0_last_event
 *fill*         0x0000000000001d39        0x1 
 .bss.timer_a0_ccr2_extra_ticks
                0x0000000000001d3a        0x4 ./timer_a0.o
                0x0000000000001d3a                timer_a0_ccr2_extra_ticks
 .bss.timer_a1_ovf
                0x0000000000001d3e        0x2 ./timer_a1.o
                0x0000000000001d3e                timer_a1_ovf
 .bss.timer_a1_last_event
                0x0000000000001d40        0x1 ./timer_a1.o
                0x0000000000001d40                timer_a1_last_event
 *fill*         0x0000000000001d41        0x1 
 .bss.timer_a2_trigger_slot
                0x0000000000001d42       0x40 ./timer_a2.o
                0x0000000000001d42                timer_a2_trigger_slot
 .bss.timer_a2_trigger_next
                0x0000000000001d82        0x4 ./timer_a2.o
                0x0000000000001d82                timer_a2_trigger_next
 .bss.timer_a2_systime
                0x0000000000001d86        0x4 ./timer_a2.o
                0x0000000000001d86                timer_a2_systime
 .bss.timer_a2_last_event_schedule
                0x0000000000001d8a        0x2 ./timer_a2.o
                0x0000000000001d8a                timer_a2_last_event_schedule
 .bss.timer_a2_trigger_schedule
                0x0000000000001d8c        0x2 ./timer_a2.o
                0x0000000000001d8c                timer_a2_trigger_schedule
 .bss.timer_a2_last_event
                0x0000000000001d8e        0x2 ./timer_a2.o
                0x0000000000001d8e                timer_a2_last_event
 .bss.privateHFXTClockFrequency
                0x0000000000001d90        0x4 ./driverlib/MSP430FR5xx_6xx/cs.o
 .bss.privateLFXTClockFrequency
                0x0000000000001d94        0x4 ./driverlib/MSP430FR5xx_6xx/cs.o
 .bss.messagebus
                0x0000000000001d98        0x4 ./glue/sys_messagebus.o
                0x0000000000001d98                messagebus
 .bss.uart0_last_event
                0x0000000000001d9c        0x1 ./glue/uart0.o
                0x0000000000001d9c                uart0_last_event
 .bss.uart0_rx_err
                0x0000000000001d9d        0x1 ./glue/uart0.o
                0x0000000000001d9d                uart0_rx_err
 .bss.uart0_rx_enable
                0x0000000000001d9e        0x1 ./glue/uart0.o
                0x0000000000001d9e                uart0_rx_enable
 .bss.uart0_p   0x0000000000001d9f        0x1 ./glue/uart0.o
                0x0000000000001d9f                uart0_p
 .bss.uart0_rx_buf
                0x0000000000001da0       0x40 ./glue/uart0.o
                0x0000000000001da0                uart0_rx_buf
 .bss.uart1_last_event
                0x0000000000001de0        0x1 ./glue/uart1.o
                0x0000000000001de0                uart1_last_event
 .bss.uart1_rx_err
                0x0000000000001de1        0x1 ./glue/uart1.o
                0x0000000000001de1                uart1_rx_err
 .bss.uart1_rx_enable
                0x0000000000001de2        0x1 ./glue/uart1.o
                0x0000000000001de2                uart1_rx_enable
 .bss.uart1_p   0x0000000000001de3        0x1 ./glue/uart1.o
                0x0000000000001de3                uart1_p
 .bss.uart1_rx_buf
                0x0000000000001de4       0x40 ./glue/uart1.o
                0x0000000000001de4                uart1_rx_buf
 .bss.__malloc_sbrk_start
                0x0000000000001e24        0x4 c:/ti/ccs1000/ccs/tools/compiler/msp430-gcc-9.2.0.50_win64/bin/../lib/gcc/msp430-elf/9.2.0/../../../../msp430-elf/lib/large\libc.a(lib_a-nano-mallocr.o)
                0x0000000000001e24                __malloc_sbrk_start
 .bss.__malloc_free_list
                0x0000000000001e28        0x4 c:/ti/ccs1000/ccs/tools/compiler/msp430-gcc-9.2.0.50_win64/bin/../lib/gcc/msp430-elf/9.2.0/../../../../msp430-elf/lib/large\libc.a(lib_a-nano-mallocr.o)
                0x0000000000001e28                __malloc_free_list
 .bss.errno     0x0000000000001e2c        0x2 c:/ti/ccs1000/ccs/tools/compiler/msp430-gcc-9.2.0.50_win64/bin/../lib/gcc/msp430-elf/9.2.0/../../../../msp430-elf/lib/large\libc.a(lib_a-reent.o)
                0x0000000000001e2c                errno
                0x0000000000001e2e                . = ALIGN (0x2)
 *(COMMON)
                [!provide]                        PROVIDE (__bssend = .)
                0x00000000000000fa                PROVIDE (__bsssize = (SIZEOF (.lower.bss) + SIZEOF (.bss)))

.noinit         0x0000000000001e2e        0x0
                0x0000000000001e2e                . = ALIGN (0x2)
                [!provide]                        PROVIDE (__noinit_start = .)
 *(.noinit)
                0x0000000000001e2e                . = ALIGN (0x2)
                [!provide]                        PROVIDE (__noinit_end = .)

.upper.bss      0x0000000000010002        0x0
                0x0000000000010002                . = ALIGN (0x2)
                0x0000000000010002                __high_bssstart = .
 *(.upper.bss.* .upper.bss)
                0x0000000000010002                . = ALIGN (0x2)
                0x0000000000010002                __high_bssend = .
                0x0000000000000000                __high_bsssize = SIZEOF (.upper.bss)

.heap           0x0000000000001e2e        0x4
                0x0000000000001e2e                . = ALIGN (0x2)
                0x0000000000001e2e                __heap_start__ = .
                0x0000000000001e2e                _end = __heap_start__
                0x0000000000001e2e                PROVIDE (end = .)
 *(.heap)
                0x0000000000001e2e                _end = .
                [!provide]                        PROVIDE (end = .)
                0x0000000000001e2e        0x4 LONG 0x0
                0x0000000000001e32                __heap_end__ = .
                0x0000000000001e32                __HeapLimit = __heap_end__

.stack          0x0000000000002c00        0x0
                0x0000000000002c00                PROVIDE (__stack = .)
 *(.stack)

.lower.text     0x000000000000427a        0x0
                0x000000000000427a                . = ALIGN (0x2)
 *(.lower.text.* .lower.text)

.text           0x000000000000427a     0x105c
                0x000000000000427a                PROVIDE (_start = .)
                0x000000000000427a                . = ALIGN (0x2)
 *(SORT_BY_NAME(.crt_*))
 .crt_0000start
                0x000000000000427a        0x4 c:/ti/ccs1000/ccs/tools/compiler/msp430-gcc-9.2.0.50_win64/bin/../lib/gcc/msp430-elf/9.2.0/../../../../msp430-elf/lib/large/crt0.o
                0x000000000000427a                __crt0_start
 .crt_0100init_bss
                0x000000000000427e       0x10 c:/ti/ccs1000/ccs/tools/compiler/msp430-gcc-9.2.0.50_win64/bin/../lib/gcc/msp430-elf/9.2.0/../../../../msp430-elf/lib/large\libcrt.a(crt_bss.o)
                0x000000000000427e                __crt0_init_bss
 .crt_0300movedata
                0x000000000000428e       0x14 c:/ti/ccs1000/ccs/tools/compiler/msp430-gcc-9.2.0.50_win64/bin/../lib/gcc/msp430-elf/9.2.0/../../../../msp430-elf/lib/large\libcrt.a(crt_movedata.o)
                0x000000000000428e                __crt0_movedata
 .crt_0800call_main
                0x00000000000042a2        0x6 c:/ti/ccs1000/ccs/tools/compiler/msp430-gcc-9.2.0.50_win64/bin/../lib/gcc/msp430-elf/9.2.0/../../../../msp430-elf/lib/large\libcrt.a(crt_main.o)
                0x00000000000042a2                __crt0_call_main
                0x00000000000042a8                . = ALIGN (0x2)
 *(.lower.text.* .lower.text)
                0x00000000000042a8                . = ALIGN (0x2)
 *(.text .stub .text.* .gnu.linkonce.t.* .text:*)
 .text.scheduler_irq
                0x00000000000042a8        0x6 ./main.o
 .text.button_56_long_press_irq
                0x00000000000042ae        0xa ./main.o
 .text.button_55_long_press_irq
                0x00000000000042b8        0xa ./main.o
 .text.button_56_irq
                0x00000000000042c2       0x34 ./main.o
 .text.button_55_irq
                0x00000000000042f6       0x46 ./main.o
 .text.uart0_rx_irq
                0x000000000000433c        0xa ./main.o
 .text.main_init
                0x0000000000004346       0xaa ./main.o
                0x0000000000004346                main_init
 .text.check_events
                0x00000000000043f0       0xe0 ./main.o
                0x00000000000043f0                check_events
 .text.main     0x00000000000044d0       0xa2 ./main.o
                0x00000000000044d0                main
 .text.timer_a0_get_event
                0x0000000000004572        0x6 ./timer_a0.o
                0x0000000000004572                timer_a0_get_event
 .text.timer_a0_rst_event
                0x0000000000004578        0x6 ./timer_a0.o
                0x0000000000004578                timer_a0_rst_event
 .text.timer_a1_get_event
                0x000000000000457e        0x6 ./timer_a1.o
                0x000000000000457e                timer_a1_get_event
 .text.timer_a1_rst_event
                0x0000000000004584        0x6 ./timer_a1.o
                0x0000000000004584                timer_a1_rst_event
 .text.timer_a2_init
                0x000000000000458a       0x4c ./timer_a2.o
                0x000000000000458a                timer_a2_init
 .text.timer_a2_set_trigger_slot
                0x00000000000045d6       0x7a ./timer_a2.o
                0x00000000000045d6                timer_a2_set_trigger_slot
 .text.timer_a2_get_trigger_slot
                0x0000000000004650       0x4e ./timer_a2.o
                0x0000000000004650                timer_a2_get_trigger_slot
 .text.timer_a2_get_event
                0x000000000000469e        0x6 ./timer_a2.o
                0x000000000000469e                timer_a2_get_event
 .text.timer_a2_rst_event
                0x00000000000046a4        0x6 ./timer_a2.o
                0x00000000000046a4                timer_a2_rst_event
 .text.timer_a2_get_event_schedule
                0x00000000000046aa        0x6 ./timer_a2.o
                0x00000000000046aa                timer_a2_get_event_schedule
 .text.timer_a2_rst_event_schedule
                0x00000000000046b0        0x6 ./timer_a2.o
                0x00000000000046b0                timer_a2_rst_event_schedule
 .text.timer_a2_get_trigger_next
                0x00000000000046b6        0xa ./timer_a2.o
                0x00000000000046b6                timer_a2_get_trigger_next
 .text.systime  0x00000000000046c0        0xa ./timer_a2.o
                0x00000000000046c0                systime
 .text.timer_a2_scheduler_handler
                0x00000000000046ca       0x6a ./timer_a2.o
                0x00000000000046ca                timer_a2_scheduler_handler
 .text.display_menu
                0x0000000000004734       0x38 ./ui.o
                0x0000000000004734                display_menu
 .text.display_schedule
                0x000000000000476c       0xb4 ./ui.o
                0x000000000000476c                display_schedule
 .text.print_buf
                0x0000000000004820       0x82 ./ui.o
                0x0000000000004820                print_buf
 .text.parse_user_input
                0x00000000000048a2       0x4e ./ui.o
                0x00000000000048a2                parse_user_input
 .text.CS_setExternalClockSource
                0x00000000000048f0       0x12 ./driverlib/MSP430FR5xx_6xx/cs.o
                0x00000000000048f0                CS_setExternalClockSource
 .text.CS_initClockSignal
                0x0000000000004902       0x7e ./driverlib/MSP430FR5xx_6xx/cs.o
                0x0000000000004902                CS_initClockSignal
 .text.CS_turnOnLFXT
                0x0000000000004980       0x42 ./driverlib/MSP430FR5xx_6xx/cs.o
                0x0000000000004980                CS_turnOnLFXT
 .text.CS_setDCOFreq
                0x00000000000049c2      0x17e ./driverlib/MSP430FR5xx_6xx/cs.o
                0x00000000000049c2                CS_setDCOFreq
 .text.FRAMCtl_A_write8
                0x0000000000004b40       0x1a ./driverlib/MSP430FR5xx_6xx/framctl_a.o
                0x0000000000004b40                FRAMCtl_A_write8
 .text._utoh8   0x0000000000004b5a       0x68 ./glue/helper.o
                0x0000000000004b5a                _utoh8
 .text._utoh16  0x0000000000004bc2       0x98 ./glue/helper.o
                0x0000000000004bc2                _utoh16
 .text._uint32toa
                0x0000000000004c5a       0x5e ./glue/helper.o
                0x0000000000004c5a                _uint32toa
 .text._utoa    0x0000000000004cb8        0x6 ./glue/helper.o
                0x0000000000004cb8                _utoa
 .text.sys_messagebus_getp
                0x0000000000004cbe        0x6 ./glue/sys_messagebus.o
                0x0000000000004cbe                sys_messagebus_getp
 .text.sys_messagebus_register
                0x0000000000004cc4       0x48 ./glue/sys_messagebus.o
                0x0000000000004cc4                sys_messagebus_register
 .text.uart0_init
                0x0000000000004d0c       0x2a ./glue/uart0.o
                0x0000000000004d0c                uart0_init
 .text.uart0_port_init
                0x0000000000004d36        0xe ./glue/uart0.o
                0x0000000000004d36                uart0_port_init
 .text.uart0_get_event
                0x0000000000004d44        0x6 ./glue/uart0.o
                0x0000000000004d44                uart0_get_event
 .text.uart0_rst_event
                0x0000000000004d4a        0x6 ./glue/uart0.o
                0x0000000000004d4a                uart0_rst_event
 .text.uart0_set_eol
                0x0000000000004d50        0xa ./glue/uart0.o
                0x0000000000004d50                uart0_set_eol
 .text.uart0_get_rx_buf
                0x0000000000004d5a       0x14 ./glue/uart0.o
                0x0000000000004d5a                uart0_get_rx_buf
 .text.uart0_print
                0x0000000000004d6e       0x34 ./glue/uart0.o
                0x0000000000004d6e                uart0_print
 .text.udivmodsi4
                0x0000000000004da2       0x86 c:/ti/ccs1000/ccs/tools/compiler/msp430-gcc-9.2.0.50_win64/bin/../lib/gcc/msp430-elf/9.2.0/large\libgcc.a(lib2divSI.o)
                0x0000000000004da2                udivmodsi4
 .text.__udivsi3
                0x0000000000004e28       0x12 c:/ti/ccs1000/ccs/tools/compiler/msp430-gcc-9.2.0.50_win64/bin/../lib/gcc/msp430-elf/9.2.0/large\libgcc.a(lib2divSI.o)
                0x0000000000004e28                __mspabi_divlu
                0x0000000000004e28                __mspabi_divul
 .text.__umodsi3
                0x0000000000004e3a       0x12 c:/ti/ccs1000/ccs/tools/compiler/msp430-gcc-9.2.0.50_win64/bin/../lib/gcc/msp430-elf/9.2.0/large\libgcc.a(lib2divSI.o)
                0x0000000000004e3a                __mspabi_remul
 .text.__mspabi_slll
                0x0000000000004e4c        0xc c:/ti/ccs1000/ccs/tools/compiler/msp430-gcc-9.2.0.50_win64/bin/../lib/gcc/msp430-elf/9.2.0/large\libgcc.a(slli.o)
                0x0000000000004e52                __mspabi_slll
 .text.__mspabi_srll_n
                0x0000000000004e58       0x5c c:/ti/ccs1000/ccs/tools/compiler/msp430-gcc-9.2.0.50_win64/bin/../lib/gcc/msp430-elf/9.2.0/large\libgcc.a(srli.o)
                0x0000000000004e58                __mspabi_srll_15
                0x0000000000004e5e                __mspabi_srll_14
                0x0000000000004e64                __mspabi_srll_13
                0x0000000000004e6a                __mspabi_srll_12
                0x0000000000004e70                __mspabi_srll_11
                0x0000000000004e76                __mspabi_srll_10
                0x0000000000004e7c                __mspabi_srll_9
                0x0000000000004e82                __mspabi_srll_8
                0x0000000000004e88                __mspabi_srll_7
                0x0000000000004e8e                __mspabi_srll_6
                0x0000000000004e94                __mspabi_srll_5
                0x0000000000004e9a                __mspabi_srll_4
                0x0000000000004ea0                __mspabi_srll_3
                0x0000000000004ea6                __mspabi_srll_2
                0x0000000000004eac                __mspabi_srll_1
 .text.__mspabi_srll
                0x0000000000004eb4        0xe c:/ti/ccs1000/ccs/tools/compiler/msp430-gcc-9.2.0.50_win64/bin/../lib/gcc/msp430-elf/9.2.0/large\libgcc.a(srli.o)
                0x0000000000004ebc                __mspabi_srll
 .text.malloc   0x0000000000004ec2        0xc c:/ti/ccs1000/ccs/tools/compiler/msp430-gcc-9.2.0.50_win64/bin/../lib/gcc/msp430-elf/9.2.0/../../../../msp430-elf/lib/large\libc.a(lib_a-malloc.o)
                0x0000000000004ec2                malloc
 .text.memcpy   0x0000000000004ece       0x30 c:/ti/ccs1000/ccs/tools/compiler/msp430-gcc-9.2.0.50_win64/bin/../lib/gcc/msp430-elf/9.2.0/../../../../msp430-elf/lib/large\libc.a(lib_a-memcpy.o)
                0x0000000000004ece                memcpy
 .text._malloc_r
                0x0000000000004efe      0x132 c:/ti/ccs1000/ccs/tools/compiler/msp430-gcc-9.2.0.50_win64/bin/../lib/gcc/msp430-elf/9.2.0/../../../../msp430-elf/lib/large\libc.a(lib_a-nano-mallocr.o)
                0x0000000000004efe                _malloc_r
 .text._sbrk_r  0x0000000000005030       0x24 c:/ti/ccs1000/ccs/tools/compiler/msp430-gcc-9.2.0.50_win64/bin/../lib/gcc/msp430-elf/9.2.0/../../../../msp430-elf/lib/large\libc.a(lib_a-sbrkr.o)
                0x0000000000005030                _sbrk_r
 .text.strlen   0x0000000000005054       0x18 c:/ti/ccs1000/ccs/tools/compiler/msp430-gcc-9.2.0.50_win64/bin/../lib/gcc/msp430-elf/9.2.0/../../../../msp430-elf/lib/large\libc.a(lib_a-strlen.o)
                0x0000000000005054                strlen
 .text.strstr   0x000000000000506c       0x50 c:/ti/ccs1000/ccs/tools/compiler/msp430-gcc-9.2.0.50_win64/bin/../lib/gcc/msp430-elf/9.2.0/../../../../msp430-elf/lib/large\libc.a(lib_a-strstr.o)
                0x000000000000506c                strstr
 .text._sbrk    0x00000000000050bc       0x3e c:/ti/ccs1000/ccs/tools/compiler/msp430-gcc-9.2.0.50_win64/bin/../lib/gcc/msp430-elf/9.2.0/../../../../msp430-elf/lib/large\libnosys.a(sbrk.o)
                0x00000000000050bc                sbrk
                0x00000000000050bc                _sbrk
 .text.write    0x00000000000050fa       0x82 c:/ti/ccs1000/ccs/tools/compiler/msp430-gcc-9.2.0.50_win64/bin/../lib/gcc/msp430-elf/9.2.0/../../../../msp430-elf/lib/large\libnosys.a(write.o)
                0x00000000000050fa                write
 .text          0x000000000000517c        0x4 c:/ti/ccs1000/ccs/tools/compiler/msp430-gcc-9.2.0.50_win64/bin/../lib/gcc/msp430-elf/9.2.0/../../../../msp430-elf/lib/large\libnosys.a(cio.o)
                0x000000000000517c                _libgloss_cio_hook
                0x000000000000517c                C$$IO$$
 .text.abort    0x0000000000005180        0xe c:/ti/ccs1000/ccs/tools/compiler/msp430-gcc-9.2.0.50_win64/bin/../lib/gcc/msp430-elf/9.2.0/../../../../msp430-elf/lib/large\libc.a(lib_a-abort.o)
                0x0000000000005180                abort
 .text.memmove  0x000000000000518e       0x66 c:/ti/ccs1000/ccs/tools/compiler/msp430-gcc-9.2.0.50_win64/bin/../lib/gcc/msp430-elf/9.2.0/../../../../msp430-elf/lib/large\libc.a(lib_a-memmove.o)
                0x000000000000518e                memmove
 .text.memset   0x00000000000051f4       0x1a c:/ti/ccs1000/ccs/tools/compiler/msp430-gcc-9.2.0.50_win64/bin/../lib/gcc/msp430-elf/9.2.0/../../../../msp430-elf/lib/large\libc.a(lib_a-memset.o)
                0x00000000000051f4                memset
 .text._raise_r
                0x000000000000520e       0x72 c:/ti/ccs1000/ccs/tools/compiler/msp430-gcc-9.2.0.50_win64/bin/../lib/gcc/msp430-elf/9.2.0/../../../../msp430-elf/lib/large\libc.a(lib_a-signal.o)
                0x000000000000520e                _raise_r
 .text.raise    0x0000000000005280        0xc c:/ti/ccs1000/ccs/tools/compiler/msp430-gcc-9.2.0.50_win64/bin/../lib/gcc/msp430-elf/9.2.0/../../../../msp430-elf/lib/large\libc.a(lib_a-signal.o)
                0x0000000000005280                raise
 .text._kill_r  0x000000000000528c       0x24 c:/ti/ccs1000/ccs/tools/compiler/msp430-gcc-9.2.0.50_win64/bin/../lib/gcc/msp430-elf/9.2.0/../../../../msp430-elf/lib/large\libc.a(lib_a-signalr.o)
                0x000000000000528c                _kill_r
 .text._getpid_r
                0x00000000000052b0        0x6 c:/ti/ccs1000/ccs/tools/compiler/msp430-gcc-9.2.0.50_win64/bin/../lib/gcc/msp430-elf/9.2.0/../../../../msp430-elf/lib/large\libc.a(lib_a-signalr.o)
                0x00000000000052b0                _getpid_r
 .text.getpid   0x00000000000052b6        0x6 c:/ti/ccs1000/ccs/tools/compiler/msp430-gcc-9.2.0.50_win64/bin/../lib/gcc/msp430-elf/9.2.0/../../../../msp430-elf/lib/large\libnosys.a(ciosyscalls.o)
                0x00000000000052b6                getpid
 .text.kill     0x00000000000052bc       0x10 c:/ti/ccs1000/ccs/tools/compiler/msp430-gcc-9.2.0.50_win64/bin/../lib/gcc/msp430-elf/9.2.0/../../../../msp430-elf/lib/large\libnosys.a(ciosyscalls.o)
                0x00000000000052bc                kill
 .text.exit     0x00000000000052cc        0x4 c:/ti/ccs1000/ccs/tools/compiler/msp430-gcc-9.2.0.50_win64/bin/../lib/gcc/msp430-elf/9.2.0/../../../../msp430-elf/lib/large\libnosys.a(exit.o)
                0x00000000000052cc                _exit
                0x00000000000052cc                exit
 .text.__errno  0x00000000000052d0        0x6 c:/ti/ccs1000/ccs/tools/compiler/msp430-gcc-9.2.0.50_win64/bin/../lib/gcc/msp430-elf/9.2.0/../../../../msp430-elf/lib/large\libc.a(lib_a-errno.o)
                0x00000000000052d0                __errno
 *(.text.*personality*)
 *(.gnu.warning)
 *(.interp .hash .dynsym .dynstr .gnu.version*)
                [!provide]                        PROVIDE (__etext = .)
                [!provide]                        PROVIDE (_etext = .)
                [!provide]                        PROVIDE (etext = .)
                0x00000000000052d6                . = ALIGN (0x2)
 *(.init)
 *(.fini)
 *(.tm_clone_table)

.lowtext        0x00000000000052d6      0x346
 .lowtext       0x00000000000052d6       0x46 ./main.o
                0x00000000000052d6                port5_isr_handler
 .lowtext       0x000000000000531c       0xcc ./timer_a0.o
                0x000000000000531c                timer0_A1_ISR
 .lowtext       0x00000000000053e8       0x5e ./timer_a1.o
                0x00000000000053e8                timer1_A1_ISR
 .lowtext       0x0000000000005446       0x82 ./timer_a2.o
                0x0000000000005446                timer2_A1_ISR
 .lowtext       0x00000000000054c8       0xa6 ./glue/uart0.o
                0x00000000000054c8                USCI_A0_ISR
 .lowtext       0x000000000000556e       0xae ./glue/uart1.o
                0x000000000000556e                USCI_A1_ISR

.upper.text     0x0000000000010002        0x0
                0x0000000000010002                . = ALIGN (0x2)
 *(.upper.text.* .upper.text)

.infoD

.infoC

.infoB

.infoA

.MSP430.attributes
                0x0000000000000000       0x26
 *(.MSP430.attributes)
 .MSP430.attributes
                0x0000000000000000       0x26 c:/ti/ccs1000/ccs/tools/compiler/msp430-gcc-9.2.0.50_win64/bin/../lib/gcc/msp430-elf/9.2.0/../../../../msp430-elf/lib/large/crt0.o
 .MSP430.attributes
                0x0000000000000026       0x26 c:/ti/ccs1000/ccs/tools/compiler/msp430-gcc-9.2.0.50_win64/bin/../lib/gcc/msp430-elf/9.2.0/large/crtbegin_no_eh.o
 .MSP430.attributes
                0x000000000000004c       0x26 ./main.o
 .MSP430.attributes
                0x0000000000000072       0x26 ./timer_a0.o
 .MSP430.attributes
                0x0000000000000098       0x26 ./timer_a1.o
 .MSP430.attributes
                0x00000000000000be       0x26 ./timer_a2.o
 .MSP430.attributes
                0x00000000000000e4       0x26 ./ui.o
 .MSP430.attributes
                0x000000000000010a       0x26 ./driverlib/MSP430FR5xx_6xx/adc12_b.o
 .MSP430.attributes
                0x0000000000000130       0x26 ./driverlib/MSP430FR5xx_6xx/aes256.o
 .MSP430.attributes
                0x0000000000000156       0x26 ./driverlib/MSP430FR5xx_6xx/comp_e.o
 .MSP430.attributes
                0x000000000000017c       0x26 ./driverlib/MSP430FR5xx_6xx/crc.o
 .MSP430.attributes
                0x00000000000001a2       0x26 ./driverlib/MSP430FR5xx_6xx/crc32.o
 .MSP430.attributes
                0x00000000000001c8       0x26 ./driverlib/MSP430FR5xx_6xx/cs.o
 .MSP430.attributes
                0x00000000000001ee       0x26 ./driverlib/MSP430FR5xx_6xx/dma.o
 .MSP430.attributes
                0x0000000000000214       0x26 ./driverlib/MSP430FR5xx_6xx/esi.o
 .MSP430.attributes
                0x000000000000023a       0x26 ./driverlib/MSP430FR5xx_6xx/eusci_a_spi.o
 .MSP430.attributes
                0x0000000000000260       0x26 ./driverlib/MSP430FR5xx_6xx/eusci_a_uart.o
 .MSP430.attributes
                0x0000000000000286       0x26 ./driverlib/MSP430FR5xx_6xx/eusci_b_i2c.o
 .MSP430.attributes
                0x00000000000002ac       0x26 ./driverlib/MSP430FR5xx_6xx/eusci_b_spi.o
 .MSP430.attributes
                0x00000000000002d2       0x26 ./driverlib/MSP430FR5xx_6xx/framctl.o
 .MSP430.attributes
                0x00000000000002f8       0x26 ./driverlib/MSP430FR5xx_6xx/framctl_a.o
 .MSP430.attributes
                0x000000000000031e       0x26 ./driverlib/MSP430FR5xx_6xx/gpio.o
 .MSP430.attributes
                0x0000000000000344       0x26 ./driverlib/MSP430FR5xx_6xx/hspll.o
 .MSP430.attributes
                0x000000000000036a       0x26 ./driverlib/MSP430FR5xx_6xx/lcd_c.o
 .MSP430.attributes
                0x0000000000000390       0x26 ./driverlib/MSP430FR5xx_6xx/mpu.o
 .MSP430.attributes
                0x00000000000003b6       0x26 ./driverlib/MSP430FR5xx_6xx/mpy32.o
 .MSP430.attributes
                0x00000000000003dc       0x26 ./driverlib/MSP430FR5xx_6xx/mtif.o
 .MSP430.attributes
                0x0000000000000402       0x26 ./driverlib/MSP430FR5xx_6xx/pmm.o
 .MSP430.attributes
                0x0000000000000428       0x26 ./driverlib/MSP430FR5xx_6xx/ram.o
 .MSP430.attributes
                0x000000000000044e       0x26 ./driverlib/MSP430FR5xx_6xx/ref_a.o
 .MSP430.attributes
                0x0000000000000474       0x26 ./driverlib/MSP430FR5xx_6xx/rtc_b.o
 .MSP430.attributes
                0x000000000000049a       0x26 ./driverlib/MSP430FR5xx_6xx/rtc_c.o
 .MSP430.attributes
                0x00000000000004c0       0x26 ./driverlib/MSP430FR5xx_6xx/saph.o
 .MSP430.attributes
                0x00000000000004e6       0x26 ./driverlib/MSP430FR5xx_6xx/saph_a.o
 .MSP430.attributes
                0x000000000000050c       0x26 ./driverlib/MSP430FR5xx_6xx/sdhs.o
 .MSP430.attributes
                0x0000000000000532       0x26 ./driverlib/MSP430FR5xx_6xx/sfr.o
 .MSP430.attributes
                0x0000000000000558       0x26 ./driverlib/MSP430FR5xx_6xx/sysctl.o
 .MSP430.attributes
                0x000000000000057e       0x26 ./driverlib/MSP430FR5xx_6xx/timer_a.o
 .MSP430.attributes
                0x00000000000005a4       0x26 ./driverlib/MSP430FR5xx_6xx/timer_b.o
 .MSP430.attributes
                0x00000000000005ca       0x26 ./driverlib/MSP430FR5xx_6xx/tlv.o
 .MSP430.attributes
                0x00000000000005f0       0x26 ./driverlib/MSP430FR5xx_6xx/uups.o
 .MSP430.attributes
                0x0000000000000616       0x26 ./driverlib/MSP430FR5xx_6xx/wdt_a.o
 .MSP430.attributes
                0x000000000000063c       0x26 ./glue/ad7789.o
 .MSP430.attributes
                0x0000000000000662       0x26 ./glue/ds3231.o
 .MSP430.attributes
                0x0000000000000688       0x26 ./glue/ds3234.o
 .MSP430.attributes
                0x00000000000006ae       0x26 ./glue/fm24.o
 .MSP430.attributes
                0x00000000000006d4       0x26 ./glue/fm24_memtest.o
 .MSP430.attributes
                0x00000000000006fa       0x26 ./glue/helper.o
 .MSP430.attributes
                0x0000000000000720       0x26 ./glue/hsc_ssc.o
 .MSP430.attributes
                0x0000000000000746       0x26 ./glue/i2c.o
 .MSP430.attributes
                0x000000000000076c       0x26 ./glue/serial_bitbang.o
 .MSP430.attributes
                0x0000000000000792       0x26 ./glue/sht1x.o
 .MSP430.attributes
                0x00000000000007b8       0x26 ./glue/spi.o
 .MSP430.attributes
                0x00000000000007de       0x26 ./glue/sys_messagebus.o
 .MSP430.attributes
                0x0000000000000804       0x26 ./glue/uart0.o
 .MSP430.attributes
                0x000000000000082a       0x26 ./glue/uart1.o
 .MSP430.attributes
                0x0000000000000850       0x26 c:/ti/ccs1000/ccs/tools/compiler/msp430-gcc-9.2.0.50_win64/bin/../lib/gcc/msp430-elf/9.2.0/large\libgcc.a(_addsub_sf.o)
 .MSP430.attributes
                0x0000000000000876       0x26 c:/ti/ccs1000/ccs/tools/compiler/msp430-gcc-9.2.0.50_win64/bin/../lib/gcc/msp430-elf/9.2.0/large\libgcc.a(_mul_sf.o)
 .MSP430.attributes
                0x000000000000089c       0x26 c:/ti/ccs1000/ccs/tools/compiler/msp430-gcc-9.2.0.50_win64/bin/../lib/gcc/msp430-elf/9.2.0/large\libgcc.a(_div_sf.o)
 .MSP430.attributes
                0x00000000000008c2       0x26 c:/ti/ccs1000/ccs/tools/compiler/msp430-gcc-9.2.0.50_win64/bin/../lib/gcc/msp430-elf/9.2.0/large\libgcc.a(_eq_sf.o)
 .MSP430.attributes
                0x00000000000008e8       0x26 c:/ti/ccs1000/ccs/tools/compiler/msp430-gcc-9.2.0.50_win64/bin/../lib/gcc/msp430-elf/9.2.0/large\libgcc.a(_gt_sf.o)
 .MSP430.attributes
                0x000000000000090e       0x26 c:/ti/ccs1000/ccs/tools/compiler/msp430-gcc-9.2.0.50_win64/bin/../lib/gcc/msp430-elf/9.2.0/large\libgcc.a(_lt_sf.o)
 .MSP430.attributes
                0x0000000000000934       0x26 c:/ti/ccs1000/ccs/tools/compiler/msp430-gcc-9.2.0.50_win64/bin/../lib/gcc/msp430-elf/9.2.0/large\libgcc.a(_si_to_sf.o)
 .MSP430.attributes
                0x000000000000095a       0x26 c:/ti/ccs1000/ccs/tools/compiler/msp430-gcc-9.2.0.50_win64/bin/../lib/gcc/msp430-elf/9.2.0/large\libgcc.a(_sf_to_df.o)
 .MSP430.attributes
                0x0000000000000980       0x26 c:/ti/ccs1000/ccs/tools/compiler/msp430-gcc-9.2.0.50_win64/bin/../lib/gcc/msp430-elf/9.2.0/large\libgcc.a(_thenan_sf.o)
 .MSP430.attributes
                0x00000000000009a6       0x26 c:/ti/ccs1000/ccs/tools/compiler/msp430-gcc-9.2.0.50_win64/bin/../lib/gcc/msp430-elf/9.2.0/large\libgcc.a(_gt_df.o)
 .MSP430.attributes
                0x00000000000009cc       0x26 c:/ti/ccs1000/ccs/tools/compiler/msp430-gcc-9.2.0.50_win64/bin/../lib/gcc/msp430-elf/9.2.0/large\libgcc.a(_lt_df.o)
 .MSP430.attributes
                0x00000000000009f2       0x26 c:/ti/ccs1000/ccs/tools/compiler/msp430-gcc-9.2.0.50_win64/bin/../lib/gcc/msp430-elf/9.2.0/large\libgcc.a(_make_df.o)
 .MSP430.attributes
                0x0000000000000a18       0x26 c:/ti/ccs1000/ccs/tools/compiler/msp430-gcc-9.2.0.50_win64/bin/../lib/gcc/msp430-elf/9.2.0/large\libgcc.a(lib2divHI.o)
 .MSP430.attributes
                0x0000000000000a3e       0x26 c:/ti/ccs1000/ccs/tools/compiler/msp430-gcc-9.2.0.50_win64/bin/../lib/gcc/msp430-elf/9.2.0/large\libgcc.a(lib2divSI.o)
 .MSP430.attributes
                0x0000000000000a64       0x26 c:/ti/ccs1000/ccs/tools/compiler/msp430-gcc-9.2.0.50_win64/bin/../lib/gcc/msp430-elf/9.2.0/large\libgcc.a(slli.o)
 .MSP430.attributes
                0x0000000000000a8a       0x26 c:/ti/ccs1000/ccs/tools/compiler/msp430-gcc-9.2.0.50_win64/bin/../lib/gcc/msp430-elf/9.2.0/large\libgcc.a(srai.o)
 .MSP430.attributes
                0x0000000000000ab0       0x26 c:/ti/ccs1000/ccs/tools/compiler/msp430-gcc-9.2.0.50_win64/bin/../lib/gcc/msp430-elf/9.2.0/large\libgcc.a(srli.o)
 .MSP430.attributes
                0x0000000000000ad6       0x26 c:/ti/ccs1000/ccs/tools/compiler/msp430-gcc-9.2.0.50_win64/bin/../lib/gcc/msp430-elf/9.2.0/large\libgcc.a(_clzsi2.o)
 .MSP430.attributes
                0x0000000000000afc       0x26 c:/ti/ccs1000/ccs/tools/compiler/msp430-gcc-9.2.0.50_win64/bin/../lib/gcc/msp430-elf/9.2.0/large\libgcc.a(_udivdi3.o)
 .MSP430.attributes
                0x0000000000000b22       0x26 c:/ti/ccs1000/ccs/tools/compiler/msp430-gcc-9.2.0.50_win64/bin/../lib/gcc/msp430-elf/9.2.0/large\libgcc.a(_pack_sf.o)
 .MSP430.attributes
                0x0000000000000b48       0x26 c:/ti/ccs1000/ccs/tools/compiler/msp430-gcc-9.2.0.50_win64/bin/../lib/gcc/msp430-elf/9.2.0/large\libgcc.a(_unpack_sf.o)
 .MSP430.attributes
                0x0000000000000b6e       0x26 c:/ti/ccs1000/ccs/tools/compiler/msp430-gcc-9.2.0.50_win64/bin/../lib/gcc/msp430-elf/9.2.0/large\libgcc.a(_fpcmp_parts_sf.o)
 .MSP430.attributes
                0x0000000000000b94       0x26 c:/ti/ccs1000/ccs/tools/compiler/msp430-gcc-9.2.0.50_win64/bin/../lib/gcc/msp430-elf/9.2.0/large\libgcc.a(_pack_df.o)
 .MSP430.attributes
                0x0000000000000bba       0x26 c:/ti/ccs1000/ccs/tools/compiler/msp430-gcc-9.2.0.50_win64/bin/../lib/gcc/msp430-elf/9.2.0/large\libgcc.a(_unpack_df.o)
 .MSP430.attributes
                0x0000000000000be0       0x26 c:/ti/ccs1000/ccs/tools/compiler/msp430-gcc-9.2.0.50_win64/bin/../lib/gcc/msp430-elf/9.2.0/large\libgcc.a(_fpcmp_parts_df.o)
 .MSP430.attributes
                0x0000000000000c06       0x26 c:/ti/ccs1000/ccs/tools/compiler/msp430-gcc-9.2.0.50_win64/bin/../lib/gcc/msp430-elf/9.2.0/large\libgcc.a(_clz.o)
 .MSP430.attributes
                0x0000000000000c2c       0x26 c:/ti/ccs1000/ccs/tools/compiler/msp430-gcc-9.2.0.50_win64/bin/../lib/gcc/msp430-elf/9.2.0/large\libgcc.a(_clzdi2.o)
 .MSP430.attributes
                0x0000000000000c52       0x26 c:/ti/ccs1000/ccs/tools/compiler/msp430-gcc-9.2.0.50_win64/bin/../lib/gcc/msp430-elf/9.2.0/../../../../msp430-elf/lib/large\libc.a(lib_a-malloc.o)
 .MSP430.attributes
                0x0000000000000c78       0x26 c:/ti/ccs1000/ccs/tools/compiler/msp430-gcc-9.2.0.50_win64/bin/../lib/gcc/msp430-elf/9.2.0/../../../../msp430-elf/lib/large\libc.a(lib_a-memcpy.o)
 .MSP430.attributes
                0x0000000000000c9e       0x26 c:/ti/ccs1000/ccs/tools/compiler/msp430-gcc-9.2.0.50_win64/bin/../lib/gcc/msp430-elf/9.2.0/../../../../msp430-elf/lib/large\libc.a(lib_a-nano-freer.o)
 .MSP430.attributes
                0x0000000000000cc4       0x26 c:/ti/ccs1000/ccs/tools/compiler/msp430-gcc-9.2.0.50_win64/bin/../lib/gcc/msp430-elf/9.2.0/../../../../msp430-elf/lib/large\libc.a(lib_a-nano-mallocr.o)
 .MSP430.attributes
                0x0000000000000cea       0x26 c:/ti/ccs1000/ccs/tools/compiler/msp430-gcc-9.2.0.50_win64/bin/../lib/gcc/msp430-elf/9.2.0/../../../../msp430-elf/lib/large\libc.a(lib_a-sbrkr.o)
 .MSP430.attributes
                0x0000000000000d10       0x26 c:/ti/ccs1000/ccs/tools/compiler/msp430-gcc-9.2.0.50_win64/bin/../lib/gcc/msp430-elf/9.2.0/../../../../msp430-elf/lib/large\libc.a(lib_a-strlen.o)
 .MSP430.attributes
                0x0000000000000d36       0x26 c:/ti/ccs1000/ccs/tools/compiler/msp430-gcc-9.2.0.50_win64/bin/../lib/gcc/msp430-elf/9.2.0/../../../../msp430-elf/lib/large\libc.a(lib_a-strstr.o)
 .MSP430.attributes
                0x0000000000000d5c       0x26 c:/ti/ccs1000/ccs/tools/compiler/msp430-gcc-9.2.0.50_win64/bin/../lib/gcc/msp430-elf/9.2.0/../../../../msp430-elf/lib/large\libc.a(lib_a-impure.o)
 .MSP430.attributes
                0x0000000000000d82       0x26 c:/ti/ccs1000/ccs/tools/compiler/msp430-gcc-9.2.0.50_win64/bin/../lib/gcc/msp430-elf/9.2.0/../../../../msp430-elf/lib/large\libc.a(lib_a-reent.o)
 .MSP430.attributes
                0x0000000000000da8       0x26 c:/ti/ccs1000/ccs/tools/compiler/msp430-gcc-9.2.0.50_win64/bin/../lib/gcc/msp430-elf/9.2.0/large\libmul_f5.a(lib2hw_mul_f5.o)
 .MSP430.attributes
                0x0000000000000dce       0x26 c:/ti/ccs1000/ccs/tools/compiler/msp430-gcc-9.2.0.50_win64/bin/../lib/gcc/msp430-elf/9.2.0/large\libgcc.a(_muldi3.o)
 .MSP430.attributes
                0x0000000000000df4       0x26 c:/ti/ccs1000/ccs/tools/compiler/msp430-gcc-9.2.0.50_win64/bin/../lib/gcc/msp430-elf/9.2.0/../../../../msp430-elf/lib/large\libcrt.a(crt_bss.o)
 .MSP430.attributes
                0x0000000000000e1a       0x26 c:/ti/ccs1000/ccs/tools/compiler/msp430-gcc-9.2.0.50_win64/bin/../lib/gcc/msp430-elf/9.2.0/../../../../msp430-elf/lib/large\libcrt.a(crt_movedata.o)
 .MSP430.attributes
                0x0000000000000e40       0x26 c:/ti/ccs1000/ccs/tools/compiler/msp430-gcc-9.2.0.50_win64/bin/../lib/gcc/msp430-elf/9.2.0/../../../../msp430-elf/lib/large\libcrt.a(crt_main.o)
 .MSP430.attributes
                0x0000000000000e66       0x26 c:/ti/ccs1000/ccs/tools/compiler/msp430-gcc-9.2.0.50_win64/bin/../lib/gcc/msp430-elf/9.2.0/../../../../msp430-elf/lib/large\libnosys.a(sbrk.o)
 .MSP430.attributes
                0x0000000000000e8c       0x26 c:/ti/ccs1000/ccs/tools/compiler/msp430-gcc-9.2.0.50_win64/bin/../lib/gcc/msp430-elf/9.2.0/../../../../msp430-elf/lib/large\libnosys.a(write.o)
 .MSP430.attributes
                0x0000000000000eb2       0x26 c:/ti/ccs1000/ccs/tools/compiler/msp430-gcc-9.2.0.50_win64/bin/../lib/gcc/msp430-elf/9.2.0/../../../../msp430-elf/lib/large\libnosys.a(cio.o)
 .MSP430.attributes
                0x0000000000000ed8       0x26 c:/ti/ccs1000/ccs/tools/compiler/msp430-gcc-9.2.0.50_win64/bin/../lib/gcc/msp430-elf/9.2.0/../../../../msp430-elf/lib/large\libc.a(lib_a-abort.o)
 .MSP430.attributes
                0x0000000000000efe       0x26 c:/ti/ccs1000/ccs/tools/compiler/msp430-gcc-9.2.0.50_win64/bin/../lib/gcc/msp430-elf/9.2.0/../../../../msp430-elf/lib/large\libc.a(lib_a-memmove.o)
 .MSP430.attributes
                0x0000000000000f24       0x26 c:/ti/ccs1000/ccs/tools/compiler/msp430-gcc-9.2.0.50_win64/bin/../lib/gcc/msp430-elf/9.2.0/../../../../msp430-elf/lib/large\libc.a(lib_a-memset.o)
 .MSP430.attributes
                0x0000000000000f4a       0x26 c:/ti/ccs1000/ccs/tools/compiler/msp430-gcc-9.2.0.50_win64/bin/../lib/gcc/msp430-elf/9.2.0/../../../../msp430-elf/lib/large\libc.a(lib_a-signal.o)
 .MSP430.attributes
                0x0000000000000f70       0x26 c:/ti/ccs1000/ccs/tools/compiler/msp430-gcc-9.2.0.50_win64/bin/../lib/gcc/msp430-elf/9.2.0/../../../../msp430-elf/lib/large\libc.a(lib_a-signalr.o)
 .MSP430.attributes
                0x0000000000000f96       0x26 c:/ti/ccs1000/ccs/tools/compiler/msp430-gcc-9.2.0.50_win64/bin/../lib/gcc/msp430-elf/9.2.0/../../../../msp430-elf/lib/large\libnosys.a(ciosyscalls.o)
 .MSP430.attributes
                0x0000000000000fbc       0x26 c:/ti/ccs1000/ccs/tools/compiler/msp430-gcc-9.2.0.50_win64/bin/../lib/gcc/msp430-elf/9.2.0/../../../../msp430-elf/lib/large\libnosys.a(exit.o)
 .MSP430.attributes
                0x0000000000000fe2       0x26 c:/ti/ccs1000/ccs/tools/compiler/msp430-gcc-9.2.0.50_win64/bin/../lib/gcc/msp430-elf/9.2.0/../../../../msp430-elf/lib/large\libc.a(lib_a-errno.o)
 .MSP430.attributes
                0x0000000000001008       0x26 c:/ti/ccs1000/ccs/tools/compiler/msp430-gcc-9.2.0.50_win64/bin/../lib/gcc/msp430-elf/9.2.0/large/crtend_no_eh.o
 *(.gnu.attributes)
 *(__TI_build_attributes)

.stab
 *(.stab)

.stabstr
 *(.stabstr)

.stab.excl
 *(.stab.excl)

.stab.exclstr
 *(.stab.exclstr)

.stab.index
 *(.stab.index)

.stab.indexstr
 *(.stab.indexstr)

.comment        0x0000000000000000       0x39
 *(.comment)
 .comment       0x0000000000000000       0x39 ./main.o
                                         0x3a (size before relaxing)
 .comment       0x0000000000000039       0x3a ./timer_a0.o
 .comment       0x0000000000000039       0x3a ./timer_a1.o
 .comment       0x0000000000000039       0x3a ./timer_a2.o
 .comment       0x0000000000000039       0x3a ./ui.o
 .comment       0x0000000000000039       0x3a ./driverlib/MSP430FR5xx_6xx/cs.o
 .comment       0x0000000000000039       0x3a ./driverlib/MSP430FR5xx_6xx/framctl_a.o
 .comment       0x0000000000000039       0x3a ./glue/helper.o
 .comment       0x0000000000000039       0x3a ./glue/sys_messagebus.o
 .comment       0x0000000000000039       0x3a ./glue/uart0.o
 .comment       0x0000000000000039       0x3a ./glue/uart1.o
 .comment       0x0000000000000039       0x3a c:/ti/ccs1000/ccs/tools/compiler/msp430-gcc-9.2.0.50_win64/bin/../lib/gcc/msp430-elf/9.2.0/large\libgcc.a(lib2divSI.o)
 .comment       0x0000000000000039       0x3a c:/ti/ccs1000/ccs/tools/compiler/msp430-gcc-9.2.0.50_win64/bin/../lib/gcc/msp430-elf/9.2.0/large\libgcc.a(_udivdi3.o)
 .comment       0x0000000000000039       0x3a c:/ti/ccs1000/ccs/tools/compiler/msp430-gcc-9.2.0.50_win64/bin/../lib/gcc/msp430-elf/9.2.0/../../../../msp430-elf/lib/large\libc.a(lib_a-malloc.o)
 .comment       0x0000000000000039       0x3a c:/ti/ccs1000/ccs/tools/compiler/msp430-gcc-9.2.0.50_win64/bin/../lib/gcc/msp430-elf/9.2.0/../../../../msp430-elf/lib/large\libc.a(lib_a-memcpy.o)
 .comment       0x0000000000000039       0x3a c:/ti/ccs1000/ccs/tools/compiler/msp430-gcc-9.2.0.50_win64/bin/../lib/gcc/msp430-elf/9.2.0/../../../../msp430-elf/lib/large\libc.a(lib_a-nano-mallocr.o)
 .comment       0x0000000000000039       0x3a c:/ti/ccs1000/ccs/tools/compiler/msp430-gcc-9.2.0.50_win64/bin/../lib/gcc/msp430-elf/9.2.0/../../../../msp430-elf/lib/large\libc.a(lib_a-sbrkr.o)
 .comment       0x0000000000000039       0x3a c:/ti/ccs1000/ccs/tools/compiler/msp430-gcc-9.2.0.50_win64/bin/../lib/gcc/msp430-elf/9.2.0/../../../../msp430-elf/lib/large\libc.a(lib_a-strlen.o)
 .comment       0x0000000000000039       0x3a c:/ti/ccs1000/ccs/tools/compiler/msp430-gcc-9.2.0.50_win64/bin/../lib/gcc/msp430-elf/9.2.0/../../../../msp430-elf/lib/large\libc.a(lib_a-strstr.o)
 .comment       0x0000000000000039       0x3a c:/ti/ccs1000/ccs/tools/compiler/msp430-gcc-9.2.0.50_win64/bin/../lib/gcc/msp430-elf/9.2.0/../../../../msp430-elf/lib/large\libc.a(lib_a-impure.o)
 .comment       0x0000000000000039       0x3a c:/ti/ccs1000/ccs/tools/compiler/msp430-gcc-9.2.0.50_win64/bin/../lib/gcc/msp430-elf/9.2.0/../../../../msp430-elf/lib/large\libc.a(lib_a-reent.o)
 .comment       0x0000000000000039       0x3a c:/ti/ccs1000/ccs/tools/compiler/msp430-gcc-9.2.0.50_win64/bin/../lib/gcc/msp430-elf/9.2.0/../../../../msp430-elf/lib/large\libnosys.a(sbrk.o)
 .comment       0x0000000000000039       0x3a c:/ti/ccs1000/ccs/tools/compiler/msp430-gcc-9.2.0.50_win64/bin/../lib/gcc/msp430-elf/9.2.0/../../../../msp430-elf/lib/large\libnosys.a(write.o)
 .comment       0x0000000000000039       0x3a c:/ti/ccs1000/ccs/tools/compiler/msp430-gcc-9.2.0.50_win64/bin/../lib/gcc/msp430-elf/9.2.0/../../../../msp430-elf/lib/large\libc.a(lib_a-abort.o)
 .comment       0x0000000000000039       0x3a c:/ti/ccs1000/ccs/tools/compiler/msp430-gcc-9.2.0.50_win64/bin/../lib/gcc/msp430-elf/9.2.0/../../../../msp430-elf/lib/large\libc.a(lib_a-memmove.o)
 .comment       0x0000000000000039       0x3a c:/ti/ccs1000/ccs/tools/compiler/msp430-gcc-9.2.0.50_win64/bin/../lib/gcc/msp430-elf/9.2.0/../../../../msp430-elf/lib/large\libc.a(lib_a-memset.o)
 .comment       0x0000000000000039       0x3a c:/ti/ccs1000/ccs/tools/compiler/msp430-gcc-9.2.0.50_win64/bin/../lib/gcc/msp430-elf/9.2.0/../../../../msp430-elf/lib/large\libc.a(lib_a-signal.o)
 .comment       0x0000000000000039       0x3a c:/ti/ccs1000/ccs/tools/compiler/msp430-gcc-9.2.0.50_win64/bin/../lib/gcc/msp430-elf/9.2.0/../../../../msp430-elf/lib/large\libc.a(lib_a-signalr.o)
 .comment       0x0000000000000039       0x3a c:/ti/ccs1000/ccs/tools/compiler/msp430-gcc-9.2.0.50_win64/bin/../lib/gcc/msp430-elf/9.2.0/../../../../msp430-elf/lib/large\libnosys.a(exit.o)
 .comment       0x0000000000000039       0x3a c:/ti/ccs1000/ccs/tools/compiler/msp430-gcc-9.2.0.50_win64/bin/../lib/gcc/msp430-elf/9.2.0/../../../../msp430-elf/lib/large\libc.a(lib_a-errno.o)

.debug
 *(.debug)

.line
 *(.line)

.debug_srcinfo
 *(.debug_srcinfo)

.debug_sfnames
 *(.debug_sfnames)

.debug_aranges  0x0000000000000000      0x658
 *(.debug_aranges)
 .debug_aranges
                0x0000000000000000       0x68 ./main.o
 .debug_aranges
                0x0000000000000068       0x60 ./timer_a0.o
 .debug_aranges
                0x00000000000000c8       0x68 ./timer_a1.o
 .debug_aranges
                0x0000000000000130       0x70 ./timer_a2.o
 .debug_aranges
                0x00000000000001a0       0x70 ./ui.o
 .debug_aranges
                0x0000000000000210       0xe8 ./driverlib/MSP430FR5xx_6xx/cs.o
 .debug_aranges
                0x00000000000002f8       0x78 ./driverlib/MSP430FR5xx_6xx/framctl_a.o
 .debug_aranges
                0x0000000000000370      0x110 ./glue/helper.o
 .debug_aranges
                0x0000000000000480       0x38 ./glue/sys_messagebus.o
 .debug_aranges
                0x00000000000004b8       0x68 ./glue/uart0.o
 .debug_aranges
                0x0000000000000520       0x60 ./glue/uart1.o
 .debug_aranges
                0x0000000000000580       0x20 c:/ti/ccs1000/ccs/tools/compiler/msp430-gcc-9.2.0.50_win64/bin/../lib/gcc/msp430-elf/9.2.0/../../../../msp430-elf/lib/large\libnosys.a(sbrk.o)
 .debug_aranges
                0x00000000000005a0       0x20 c:/ti/ccs1000/ccs/tools/compiler/msp430-gcc-9.2.0.50_win64/bin/../lib/gcc/msp430-elf/9.2.0/../../../../msp430-elf/lib/large\libnosys.a(write.o)
 .debug_aranges
                0x00000000000005c0       0x20 c:/ti/ccs1000/ccs/tools/compiler/msp430-gcc-9.2.0.50_win64/bin/../lib/gcc/msp430-elf/9.2.0/../../../../msp430-elf/lib/large\libnosys.a(cio.o)
 .debug_aranges
                0x00000000000005e0       0x58 c:/ti/ccs1000/ccs/tools/compiler/msp430-gcc-9.2.0.50_win64/bin/../lib/gcc/msp430-elf/9.2.0/../../../../msp430-elf/lib/large\libnosys.a(ciosyscalls.o)
 .debug_aranges
                0x0000000000000638       0x20 c:/ti/ccs1000/ccs/tools/compiler/msp430-gcc-9.2.0.50_win64/bin/../lib/gcc/msp430-elf/9.2.0/../../../../msp430-elf/lib/large\libnosys.a(exit.o)

.debug_pubnames
 *(.debug_pubnames)

.debug_info     0x0000000000000000    0x3d575
 *(.debug_info .gnu.linkonce.wi.*)
 .debug_info    0x0000000000000000     0x6000 ./main.o
 .debug_info    0x0000000000006000     0x5f38 ./timer_a0.o
 .debug_info    0x000000000000bf38     0x5f3f ./timer_a1.o
 .debug_info    0x0000000000011e77     0x5fec ./timer_a2.o
 .debug_info    0x0000000000017e63     0x6104 ./ui.o
 .debug_info    0x000000000001df67     0x59e5 ./driverlib/MSP430FR5xx_6xx/cs.o
 .debug_info    0x000000000002394c     0x57ab ./driverlib/MSP430FR5xx_6xx/framctl_a.o
 .debug_info    0x00000000000290f7     0x19f7 ./glue/helper.o
 .debug_info    0x000000000002aaee     0x5ee5 ./glue/sys_messagebus.o
 .debug_info    0x00000000000309d3     0x5f90 ./glue/uart0.o
 .debug_info    0x0000000000036963     0x5f64 ./glue/uart1.o
 .debug_info    0x000000000003c8c7      0x155 c:/ti/ccs1000/ccs/tools/compiler/msp430-gcc-9.2.0.50_win64/bin/../lib/gcc/msp430-elf/9.2.0/../../../../msp430-elf/lib/large\libnosys.a(sbrk.o)
 .debug_info    0x000000000003ca1c      0xac2 c:/ti/ccs1000/ccs/tools/compiler/msp430-gcc-9.2.0.50_win64/bin/../lib/gcc/msp430-elf/9.2.0/../../../../msp430-elf/lib/large\libnosys.a(write.o)
 .debug_info    0x000000000003d4de       0x26 c:/ti/ccs1000/ccs/tools/compiler/msp430-gcc-9.2.0.50_win64/bin/../lib/gcc/msp430-elf/9.2.0/../../../../msp430-elf/lib/large\libnosys.a(cio.o)
 .debug_info    0x000000000003d504       0x22 c:/ti/ccs1000/ccs/tools/compiler/msp430-gcc-9.2.0.50_win64/bin/../lib/gcc/msp430-elf/9.2.0/../../../../msp430-elf/lib/large\libnosys.a(ciosyscalls.o)
 .debug_info    0x000000000003d526       0x4f c:/ti/ccs1000/ccs/tools/compiler/msp430-gcc-9.2.0.50_win64/bin/../lib/gcc/msp430-elf/9.2.0/../../../../msp430-elf/lib/large\libnosys.a(exit.o)

.debug_abbrev   0x0000000000000000     0x1c02
 *(.debug_abbrev)
 .debug_abbrev  0x0000000000000000      0x245 ./main.o
 .debug_abbrev  0x0000000000000245      0x239 ./timer_a0.o
 .debug_abbrev  0x000000000000047e      0x248 ./timer_a1.o
 .debug_abbrev  0x00000000000006c6      0x243 ./timer_a2.o
 .debug_abbrev  0x0000000000000909      0x249 ./ui.o
 .debug_abbrev  0x0000000000000b52      0x1a4 ./driverlib/MSP430FR5xx_6xx/cs.o
 .debug_abbrev  0x0000000000000cf6       0xfa ./driverlib/MSP430FR5xx_6xx/framctl_a.o
 .debug_abbrev  0x0000000000000df0      0x35f ./glue/helper.o
 .debug_abbrev  0x000000000000114f      0x1ef ./glue/sys_messagebus.o
 .debug_abbrev  0x000000000000133e      0x243 ./glue/uart0.o
 .debug_abbrev  0x0000000000001581      0x243 ./glue/uart1.o
 .debug_abbrev  0x00000000000017c4      0x16e c:/ti/ccs1000/ccs/tools/compiler/msp430-gcc-9.2.0.50_win64/bin/../lib/gcc/msp430-elf/9.2.0/../../../../msp430-elf/lib/large\libnosys.a(sbrk.o)
 .debug_abbrev  0x0000000000001932      0x25b c:/ti/ccs1000/ccs/tools/compiler/msp430-gcc-9.2.0.50_win64/bin/../lib/gcc/msp430-elf/9.2.0/../../../../msp430-elf/lib/large\libnosys.a(write.o)
 .debug_abbrev  0x0000000000001b8d       0x14 c:/ti/ccs1000/ccs/tools/compiler/msp430-gcc-9.2.0.50_win64/bin/../lib/gcc/msp430-elf/9.2.0/../../../../msp430-elf/lib/large\libnosys.a(cio.o)
 .debug_abbrev  0x0000000000001ba1       0x12 c:/ti/ccs1000/ccs/tools/compiler/msp430-gcc-9.2.0.50_win64/bin/../lib/gcc/msp430-elf/9.2.0/../../../../msp430-elf/lib/large\libnosys.a(ciosyscalls.o)
 .debug_abbrev  0x0000000000001bb3       0x4f c:/ti/ccs1000/ccs/tools/compiler/msp430-gcc-9.2.0.50_win64/bin/../lib/gcc/msp430-elf/9.2.0/../../../../msp430-elf/lib/large\libnosys.a(exit.o)

.debug_line     0x0000000000000000     0x3c18
 *(.debug_line .debug_line.* .debug_line_end)
 .debug_line    0x0000000000000000      0x25c ./main.o
 .debug_line.text.scheduler_irq
                0x000000000000025c       0x24 ./main.o
 .debug_line.text.button_56_long_press_irq
                0x0000000000000280       0x24 ./main.o
 .debug_line.text.button_55_long_press_irq
                0x00000000000002a4       0x24 ./main.o
 .debug_line.text.button_56_irq
                0x00000000000002c8       0x5e ./main.o
 .debug_line.text.button_55_irq
                0x0000000000000326       0x70 ./main.o
 .debug_line.text.uart0_rx_irq
                0x0000000000000396       0x2a ./main.o
 .debug_line.text.main_init
                0x00000000000003c0      0x1d3 ./main.o
 .debug_line.text.check_events
                0x0000000000000593      0x2e0 ./main.o
 .debug_line.text.main
                0x0000000000000873       0xeb ./main.o
 .debug_line.lowtext
                0x000000000000095e       0x95 ./main.o
 .debug_line_end
                0x00000000000009f3        0x0 ./main.o
 .debug_line    0x00000000000009f3      0x21a ./timer_a0.o
 .debug_line.text.timer_a0_get_event
                0x0000000000000c0d       0x23 ./timer_a0.o
 .debug_line.text.timer_a0_rst_event
                0x0000000000000c30       0x2b ./timer_a0.o
 .debug_line.lowtext
                0x0000000000000c5b      0x19d ./timer_a0.o
 .debug_line_end
                0x0000000000000df8        0x0 ./timer_a0.o
 .debug_line    0x0000000000000df8      0x21a ./timer_a1.o
 .debug_line.text.timer_a1_get_event
                0x0000000000001012       0x23 ./timer_a1.o
 .debug_line.text.timer_a1_rst_event
                0x0000000000001035       0x2b ./timer_a1.o
 .debug_line.lowtext
                0x0000000000001060      0x119 ./timer_a1.o
 .debug_line_end
                0x0000000000001179        0x0 ./timer_a1.o
 .debug_line    0x0000000000001179      0x21a ./timer_a2.o
 .debug_line.text.timer_a2_init
                0x0000000000001393       0xd9 ./timer_a2.o
 .debug_line.text.timer_a2_set_trigger_slot
                0x000000000000146c       0xc7 ./timer_a2.o
 .debug_line.text.timer_a2_get_trigger_slot
                0x0000000000001533       0x9b ./timer_a2.o
 .debug_line.text.timer_a2_get_event
                0x00000000000015ce       0x24 ./timer_a2.o
 .debug_line.text.timer_a2_rst_event
                0x00000000000015f2       0x2c ./timer_a2.o
 .debug_line.text.timer_a2_get_event_schedule
                0x000000000000161e       0x24 ./timer_a2.o
 .debug_line.text.timer_a2_rst_event_schedule
                0x0000000000001642       0x2c ./timer_a2.o
 .debug_line.text.timer_a2_get_trigger_next
                0x000000000000166e       0x2c ./timer_a2.o
 .debug_line.text.systime
                0x000000000000169a       0x2c ./timer_a2.o
 .debug_line.text.timer_a2_scheduler_handler
                0x00000000000016c6       0xf6 ./timer_a2.o
 .debug_line.lowtext
                0x00000000000017bc      0x100 ./timer_a2.o
 .debug_line_end
                0x00000000000018bc        0x0 ./timer_a2.o
 .debug_line    0x00000000000018bc      0x228 ./ui.o
 .debug_line.text.display_menu
                0x0000000000001ae4       0x53 ./ui.o
 .debug_line.text.display_schedule
                0x0000000000001b37      0x10b ./ui.o
 .debug_line.text.print_buf
                0x0000000000001c42      0x13e ./ui.o
 .debug_line.text.parse_user_input
                0x0000000000001d80       0x9c ./ui.o
 .debug_line_end
                0x0000000000001e1c        0x0 ./ui.o
 .debug_line    0x0000000000001e1c      0x14b ./driverlib/MSP430FR5xx_6xx/cs.o
 .debug_line.text.CS_setExternalClockSource
                0x0000000000001f67       0x3e ./driverlib/MSP430FR5xx_6xx/cs.o
 .debug_line.text.CS_initClockSignal
                0x0000000000001fa5      0x185 ./driverlib/MSP430FR5xx_6xx/cs.o
 .debug_line.text.CS_turnOnLFXT
                0x000000000000212a       0xd6 ./driverlib/MSP430FR5xx_6xx/cs.o
 .debug_line.text.CS_setDCOFreq
                0x0000000000002200      0x1ca ./driverlib/MSP430FR5xx_6xx/cs.o
 .debug_line_end
                0x00000000000023ca        0x0 ./driverlib/MSP430FR5xx_6xx/cs.o
 .debug_line    0x00000000000023ca      0x152 ./driverlib/MSP430FR5xx_6xx/framctl_a.o
 .debug_line.text.FRAMCtl_A_write8
                0x000000000000251c       0x55 ./driverlib/MSP430FR5xx_6xx/framctl_a.o
 .debug_line_end
                0x0000000000002571        0x0 ./driverlib/MSP430FR5xx_6xx/framctl_a.o
 .debug_line    0x0000000000002571      0x20b ./glue/helper.o
 .debug_line.text._utoh8
                0x000000000000277c       0xf8 ./glue/helper.o
 .debug_line.text._utoh16
                0x0000000000002874      0x138 ./glue/helper.o
 .debug_line.text._uint32toa
                0x00000000000029ac       0xca ./glue/helper.o
 .debug_line.text._utoa
                0x0000000000002a76       0x2c ./glue/helper.o
 .debug_line_end
                0x0000000000002aa2        0x0 ./glue/helper.o
 .debug_line    0x0000000000002aa2      0x239 ./glue/sys_messagebus.o
 .debug_line.text.sys_messagebus_getp
                0x0000000000002cdb       0x23 ./glue/sys_messagebus.o
 .debug_line.text.sys_messagebus_register
                0x0000000000002cfe       0xbd ./glue/sys_messagebus.o
 .debug_line_end
                0x0000000000002dbb        0x0 ./glue/sys_messagebus.o
 .debug_line    0x0000000000002dbb      0x1c2 ./glue/uart0.o
 .debug_line.text.uart0_init
                0x0000000000002f7d       0xbb ./glue/uart0.o
 .debug_line.text.uart0_port_init
                0x0000000000003038       0x3e ./glue/uart0.o
 .debug_line.text.uart0_get_event
                0x0000000000003076       0x24 ./glue/uart0.o
 .debug_line.text.uart0_rst_event
                0x000000000000309a       0x2c ./glue/uart0.o
 .debug_line.text.uart0_set_eol
                0x00000000000030c6       0x3e ./glue/uart0.o
 .debug_line.text.uart0_get_rx_buf
                0x0000000000003104       0x44 ./glue/uart0.o
 .debug_line.text.uart0_print
                0x0000000000003148       0xa2 ./glue/uart0.o
 .debug_line.lowtext
                0x00000000000031ea      0x1c0 ./glue/uart0.o
 .debug_line_end
                0x00000000000033aa        0x0 ./glue/uart0.o
 .debug_line    0x00000000000033aa      0x1c2 ./glue/uart1.o
 .debug_line.lowtext
                0x000000000000356c      0x1da ./glue/uart1.o
 .debug_line_end
                0x0000000000003746        0x0 ./glue/uart1.o
 .debug_line    0x0000000000003746       0x5b c:/ti/ccs1000/ccs/tools/compiler/msp430-gcc-9.2.0.50_win64/bin/../lib/gcc/msp430-elf/9.2.0/../../../../msp430-elf/lib/large\libnosys.a(sbrk.o)
 .debug_line.text._sbrk
                0x00000000000037a1       0x8d c:/ti/ccs1000/ccs/tools/compiler/msp430-gcc-9.2.0.50_win64/bin/../lib/gcc/msp430-elf/9.2.0/../../../../msp430-elf/lib/large\libnosys.a(sbrk.o)
 .debug_line_end
                0x000000000000382e        0x0 c:/ti/ccs1000/ccs/tools/compiler/msp430-gcc-9.2.0.50_win64/bin/../lib/gcc/msp430-elf/9.2.0/../../../../msp430-elf/lib/large\libnosys.a(sbrk.o)
 .debug_line    0x000000000000382e      0x13c c:/ti/ccs1000/ccs/tools/compiler/msp430-gcc-9.2.0.50_win64/bin/../lib/gcc/msp430-elf/9.2.0/../../../../msp430-elf/lib/large\libnosys.a(write.o)
 .debug_line.text.write
                0x000000000000396a      0x150 c:/ti/ccs1000/ccs/tools/compiler/msp430-gcc-9.2.0.50_win64/bin/../lib/gcc/msp430-elf/9.2.0/../../../../msp430-elf/lib/large\libnosys.a(write.o)
 .debug_line_end
                0x0000000000003aba        0x0 c:/ti/ccs1000/ccs/tools/compiler/msp430-gcc-9.2.0.50_win64/bin/../lib/gcc/msp430-elf/9.2.0/../../../../msp430-elf/lib/large\libnosys.a(write.o)
 .debug_line    0x0000000000003aba       0x62 c:/ti/ccs1000/ccs/tools/compiler/msp430-gcc-9.2.0.50_win64/bin/../lib/gcc/msp430-elf/9.2.0/../../../../msp430-elf/lib/large\libnosys.a(cio.o)
 .debug_line_end
                0x0000000000003b1c        0x0 c:/ti/ccs1000/ccs/tools/compiler/msp430-gcc-9.2.0.50_win64/bin/../lib/gcc/msp430-elf/9.2.0/../../../../msp430-elf/lib/large\libnosys.a(cio.o)
 .debug_line    0x0000000000003b1c       0x54 c:/ti/ccs1000/ccs/tools/compiler/msp430-gcc-9.2.0.50_win64/bin/../lib/gcc/msp430-elf/9.2.0/../../../../msp430-elf/lib/large\libnosys.a(ciosyscalls.o)
 .debug_line.text.getpid
                0x0000000000003b70       0x16 c:/ti/ccs1000/ccs/tools/compiler/msp430-gcc-9.2.0.50_win64/bin/../lib/gcc/msp430-elf/9.2.0/../../../../msp430-elf/lib/large\libnosys.a(ciosyscalls.o)
 .debug_line.text.kill
                0x0000000000003b86       0x11 c:/ti/ccs1000/ccs/tools/compiler/msp430-gcc-9.2.0.50_win64/bin/../lib/gcc/msp430-elf/9.2.0/../../../../msp430-elf/lib/large\libnosys.a(ciosyscalls.o)
 .debug_line_end
                0x0000000000003b97        0x0 c:/ti/ccs1000/ccs/tools/compiler/msp430-gcc-9.2.0.50_win64/bin/../lib/gcc/msp430-elf/9.2.0/../../../../msp430-elf/lib/large\libnosys.a(ciosyscalls.o)
 .debug_line    0x0000000000003b97       0x4d c:/ti/ccs1000/ccs/tools/compiler/msp430-gcc-9.2.0.50_win64/bin/../lib/gcc/msp430-elf/9.2.0/../../../../msp430-elf/lib/large\libnosys.a(exit.o)
 .debug_line.text.exit
                0x0000000000003be4       0x34 c:/ti/ccs1000/ccs/tools/compiler/msp430-gcc-9.2.0.50_win64/bin/../lib/gcc/msp430-elf/9.2.0/../../../../msp430-elf/lib/large\libnosys.a(exit.o)
 .debug_line_end
                0x0000000000003c18        0x0 c:/ti/ccs1000/ccs/tools/compiler/msp430-gcc-9.2.0.50_win64/bin/../lib/gcc/msp430-elf/9.2.0/../../../../msp430-elf/lib/large\libnosys.a(exit.o)

.debug_frame    0x0000000000000000     0x13ac
 *(.debug_frame)
 .debug_frame   0x0000000000000000      0x10c ./main.o
 .debug_frame   0x000000000000010c      0x10c ./timer_a0.o
 .debug_frame   0x0000000000000218       0xf4 ./timer_a1.o
 .debug_frame   0x000000000000030c      0x144 ./timer_a2.o
 .debug_frame   0x0000000000000450      0x1cc ./ui.o
 .debug_frame   0x000000000000061c      0x20c ./driverlib/MSP430FR5xx_6xx/cs.o
 .debug_frame   0x0000000000000828      0x110 ./driverlib/MSP430FR5xx_6xx/framctl_a.o
 .debug_frame   0x0000000000000938      0x6d0 ./glue/helper.o
 .debug_frame   0x0000000000001008       0xbc ./glue/sys_messagebus.o
 .debug_frame   0x00000000000010c4      0x114 ./glue/uart0.o
 .debug_frame   0x00000000000011d8      0x104 ./glue/uart1.o
 .debug_frame   0x00000000000012dc       0x44 c:/ti/ccs1000/ccs/tools/compiler/msp430-gcc-9.2.0.50_win64/bin/../lib/gcc/msp430-elf/9.2.0/../../../../msp430-elf/lib/large\libnosys.a(sbrk.o)
 .debug_frame   0x0000000000001320       0x68 c:/ti/ccs1000/ccs/tools/compiler/msp430-gcc-9.2.0.50_win64/bin/../lib/gcc/msp430-elf/9.2.0/../../../../msp430-elf/lib/large\libnosys.a(write.o)
 .debug_frame   0x0000000000001388       0x24 c:/ti/ccs1000/ccs/tools/compiler/msp430-gcc-9.2.0.50_win64/bin/../lib/gcc/msp430-elf/9.2.0/../../../../msp430-elf/lib/large\libnosys.a(exit.o)

.debug_str      0x0000000000000000     0x4dc1
 *(.debug_str)
 .debug_str     0x0000000000000000     0x3d20 ./main.o
                                       0x3dbf (size before relaxing)
 .debug_str     0x0000000000003d20      0x10a ./timer_a0.o
                                       0x3db0 (size before relaxing)
 .debug_str     0x0000000000003e2a       0xfe ./timer_a1.o
                                       0x3da4 (size before relaxing)
 .debug_str     0x0000000000003f28      0x1a2 ./timer_a2.o
                                       0x3e4f (size before relaxing)
 .debug_str     0x00000000000040ca      0x13a ./ui.o
                                       0x3e30 (size before relaxing)
 .debug_str     0x0000000000004204      0x350 ./driverlib/MSP430FR5xx_6xx/cs.o
                                       0x3c14 (size before relaxing)
 .debug_str     0x0000000000004554      0x1c5 ./driverlib/MSP430FR5xx_6xx/framctl_a.o
                                       0x3a4f (size before relaxing)
 .debug_str     0x0000000000004719      0x22f ./glue/helper.o
                                        0x98e (size before relaxing)
 .debug_str     0x0000000000004948       0x92 ./glue/sys_messagebus.o
                                       0x3d50 (size before relaxing)
 .debug_str     0x00000000000049da       0xee ./glue/uart0.o
                                       0x3d75 (size before relaxing)
 .debug_str     0x0000000000004ac8       0xd2 ./glue/uart1.o
                                       0x3d60 (size before relaxing)
 .debug_str     0x0000000000004b9a       0x99 c:/ti/ccs1000/ccs/tools/compiler/msp430-gcc-9.2.0.50_win64/bin/../lib/gcc/msp430-elf/9.2.0/../../../../msp430-elf/lib/large\libnosys.a(sbrk.o)
                                         0xa4 (size before relaxing)
 .debug_str     0x0000000000004c33       0x87 c:/ti/ccs1000/ccs/tools/compiler/msp430-gcc-9.2.0.50_win64/bin/../lib/gcc/msp430-elf/9.2.0/../../../../msp430-elf/lib/large\libnosys.a(write.o)
                                        0x5a9 (size before relaxing)
 .debug_str     0x0000000000004cba       0x9f c:/ti/ccs1000/ccs/tools/compiler/msp430-gcc-9.2.0.50_win64/bin/../lib/gcc/msp430-elf/9.2.0/../../../../msp430-elf/lib/large\libnosys.a(cio.o)
 .debug_str     0x0000000000004d59       0x34 c:/ti/ccs1000/ccs/tools/compiler/msp430-gcc-9.2.0.50_win64/bin/../lib/gcc/msp430-elf/9.2.0/../../../../msp430-elf/lib/large\libnosys.a(ciosyscalls.o)
                                         0xa7 (size before relaxing)
 .debug_str     0x0000000000004d8d       0x34 c:/ti/ccs1000/ccs/tools/compiler/msp430-gcc-9.2.0.50_win64/bin/../lib/gcc/msp430-elf/9.2.0/../../../../msp430-elf/lib/large\libnosys.a(exit.o)
                                         0x94 (size before relaxing)

.debug_loc      0x0000000000000000     0x2642
 *(.debug_loc)
 .debug_loc     0x0000000000000000       0xce ./main.o
 .debug_loc     0x00000000000000ce       0x7a ./timer_a0.o
 .debug_loc     0x0000000000000148       0xba ./timer_a1.o
 .debug_loc     0x0000000000000202      0x149 ./timer_a2.o
 .debug_loc     0x000000000000034b      0x25e ./ui.o
 .debug_loc     0x00000000000005a9      0x547 ./driverlib/MSP430FR5xx_6xx/cs.o
 .debug_loc     0x0000000000000af0      0x206 ./driverlib/MSP430FR5xx_6xx/framctl_a.o
 .debug_loc     0x0000000000000cf6     0x151a ./glue/helper.o
 .debug_loc     0x0000000000002210      0x136 ./glue/sys_messagebus.o
 .debug_loc     0x0000000000002346       0xbc ./glue/uart0.o
 .debug_loc     0x0000000000002402       0xbc ./glue/uart1.o
 .debug_loc     0x00000000000024be       0x6f c:/ti/ccs1000/ccs/tools/compiler/msp430-gcc-9.2.0.50_win64/bin/../lib/gcc/msp430-elf/9.2.0/../../../../msp430-elf/lib/large\libnosys.a(sbrk.o)
 .debug_loc     0x000000000000252d      0x115 c:/ti/ccs1000/ccs/tools/compiler/msp430-gcc-9.2.0.50_win64/bin/../lib/gcc/msp430-elf/9.2.0/../../../../msp430-elf/lib/large\libnosys.a(write.o)

.debug_macinfo
 *(.debug_macinfo)

.debug_weaknames
 *(.debug_weaknames)

.debug_funcnames
 *(.debug_funcnames)

.debug_typenames
 *(.debug_typenames)

.debug_varnames
 *(.debug_varnames)

.debug_pubtypes
 *(.debug_pubtypes)

.debug_ranges   0x0000000000000000      0x598
 *(.debug_ranges)
 .debug_ranges  0x0000000000000000       0x58 ./main.o
 .debug_ranges  0x0000000000000058       0x50 ./timer_a0.o
 .debug_ranges  0x00000000000000a8       0x58 ./timer_a1.o
 .debug_ranges  0x0000000000000100       0x60 ./timer_a2.o
 .debug_ranges  0x0000000000000160       0x60 ./ui.o
 .debug_ranges  0x00000000000001c0       0xd8 ./driverlib/MSP430FR5xx_6xx/cs.o
 .debug_ranges  0x0000000000000298       0x68 ./driverlib/MSP430FR5xx_6xx/framctl_a.o
 .debug_ranges  0x0000000000000300      0x100 ./glue/helper.o
 .debug_ranges  0x0000000000000400       0x28 ./glue/sys_messagebus.o
 .debug_ranges  0x0000000000000428       0x58 ./glue/uart0.o
 .debug_ranges  0x0000000000000480       0x50 ./glue/uart1.o
 .debug_ranges  0x00000000000004d0       0x10 c:/ti/ccs1000/ccs/tools/compiler/msp430-gcc-9.2.0.50_win64/bin/../lib/gcc/msp430-elf/9.2.0/../../../../msp430-elf/lib/large\libnosys.a(sbrk.o)
 .debug_ranges  0x00000000000004e0       0x58 c:/ti/ccs1000/ccs/tools/compiler/msp430-gcc-9.2.0.50_win64/bin/../lib/gcc/msp430-elf/9.2.0/../../../../msp430-elf/lib/large\libnosys.a(write.o)
 .debug_ranges  0x0000000000000538       0x50 c:/ti/ccs1000/ccs/tools/compiler/msp430-gcc-9.2.0.50_win64/bin/../lib/gcc/msp430-elf/9.2.0/../../../../msp430-elf/lib/large\libnosys.a(ciosyscalls.o)
 .debug_ranges  0x0000000000000588       0x10 c:/ti/ccs1000/ccs/tools/compiler/msp430-gcc-9.2.0.50_win64/bin/../lib/gcc/msp430-elf/9.2.0/../../../../msp430-elf/lib/large\libnosys.a(exit.o)

.debug_macro
 *(.debug_macro)

/DISCARD/
 *(.note.GNU-stack)
                [!provide]                        PROVIDE (ADC12CTL0 = 0x800)
                [!provide]                        PROVIDE (ADC12CTL0_L = 0x800)
                [!provide]                        PROVIDE (ADC12CTL0_H = 0x801)
                [!provide]                        PROVIDE (ADC12CTL1 = 0x802)
                [!provide]                        PROVIDE (ADC12CTL1_L = 0x802)
                [!provide]                        PROVIDE (ADC12CTL1_H = 0x803)
                [!provide]                        PROVIDE (ADC12CTL2 = 0x804)
                [!provide]                        PROVIDE (ADC12CTL2_L = 0x804)
                [!provide]                        PROVIDE (ADC12CTL2_H = 0x805)
                [!provide]                        PROVIDE (ADC12CTL3 = 0x806)
                [!provide]                        PROVIDE (ADC12CTL3_L = 0x806)
                [!provide]                        PROVIDE (ADC12CTL3_H = 0x807)
                [!provide]                        PROVIDE (ADC12LO = 0x808)
                [!provide]                        PROVIDE (ADC12LO_L = 0x808)
                [!provide]                        PROVIDE (ADC12LO_H = 0x809)
                [!provide]                        PROVIDE (ADC12HI = 0x80a)
                [!provide]                        PROVIDE (ADC12HI_L = 0x80a)
                [!provide]                        PROVIDE (ADC12HI_H = 0x80b)
                [!provide]                        PROVIDE (ADC12IFGR0 = 0x80c)
                [!provide]                        PROVIDE (ADC12IFGR0_L = 0x80c)
                [!provide]                        PROVIDE (ADC12IFGR0_H = 0x80d)
                [!provide]                        PROVIDE (ADC12IFGR1 = 0x80e)
                [!provide]                        PROVIDE (ADC12IFGR1_L = 0x80e)
                [!provide]                        PROVIDE (ADC12IFGR1_H = 0x80f)
                [!provide]                        PROVIDE (ADC12IFGR2 = 0x810)
                [!provide]                        PROVIDE (ADC12IFGR2_L = 0x810)
                [!provide]                        PROVIDE (ADC12IFGR2_H = 0x811)
                [!provide]                        PROVIDE (ADC12IER0 = 0x812)
                [!provide]                        PROVIDE (ADC12IER0_L = 0x812)
                [!provide]                        PROVIDE (ADC12IER0_H = 0x813)
                [!provide]                        PROVIDE (ADC12IER1 = 0x814)
                [!provide]                        PROVIDE (ADC12IER1_L = 0x814)
                [!provide]                        PROVIDE (ADC12IER1_H = 0x815)
                [!provide]                        PROVIDE (ADC12IER2 = 0x816)
                [!provide]                        PROVIDE (ADC12IER2_L = 0x816)
                [!provide]                        PROVIDE (ADC12IER2_H = 0x817)
                [!provide]                        PROVIDE (ADC12IV = 0x818)
                [!provide]                        PROVIDE (ADC12IV_L = 0x818)
                [!provide]                        PROVIDE (ADC12IV_H = 0x819)
                [!provide]                        PROVIDE (ADC12MCTL0 = 0x820)
                [!provide]                        PROVIDE (ADC12MCTL0_L = 0x820)
                [!provide]                        PROVIDE (ADC12MCTL0_H = 0x821)
                [!provide]                        PROVIDE (ADC12MCTL1 = 0x822)
                [!provide]                        PROVIDE (ADC12MCTL1_L = 0x822)
                [!provide]                        PROVIDE (ADC12MCTL1_H = 0x823)
                [!provide]                        PROVIDE (ADC12MCTL2 = 0x824)
                [!provide]                        PROVIDE (ADC12MCTL2_L = 0x824)
                [!provide]                        PROVIDE (ADC12MCTL2_H = 0x825)
                [!provide]                        PROVIDE (ADC12MCTL3 = 0x826)
                [!provide]                        PROVIDE (ADC12MCTL3_L = 0x826)
                [!provide]                        PROVIDE (ADC12MCTL3_H = 0x827)
                [!provide]                        PROVIDE (ADC12MCTL4 = 0x828)
                [!provide]                        PROVIDE (ADC12MCTL4_L = 0x828)
                [!provide]                        PROVIDE (ADC12MCTL4_H = 0x829)
                [!provide]                        PROVIDE (ADC12MCTL5 = 0x82a)
                [!provide]                        PROVIDE (ADC12MCTL5_L = 0x82a)
                [!provide]                        PROVIDE (ADC12MCTL5_H = 0x82b)
                [!provide]                        PROVIDE (ADC12MCTL6 = 0x82c)
                [!provide]                        PROVIDE (ADC12MCTL6_L = 0x82c)
                [!provide]                        PROVIDE (ADC12MCTL6_H = 0x82d)
                [!provide]                        PROVIDE (ADC12MCTL7 = 0x82e)
                [!provide]                        PROVIDE (ADC12MCTL7_L = 0x82e)
                [!provide]                        PROVIDE (ADC12MCTL7_H = 0x82f)
                [!provide]                        PROVIDE (ADC12MCTL8 = 0x830)
                [!provide]                        PROVIDE (ADC12MCTL8_L = 0x830)
                [!provide]                        PROVIDE (ADC12MCTL8_H = 0x831)
                [!provide]                        PROVIDE (ADC12MCTL9 = 0x832)
                [!provide]                        PROVIDE (ADC12MCTL9_L = 0x832)
                [!provide]                        PROVIDE (ADC12MCTL9_H = 0x833)
                [!provide]                        PROVIDE (ADC12MCTL10 = 0x834)
                [!provide]                        PROVIDE (ADC12MCTL10_L = 0x834)
                [!provide]                        PROVIDE (ADC12MCTL10_H = 0x835)
                [!provide]                        PROVIDE (ADC12MCTL11 = 0x836)
                [!provide]                        PROVIDE (ADC12MCTL11_L = 0x836)
                [!provide]                        PROVIDE (ADC12MCTL11_H = 0x837)
                [!provide]                        PROVIDE (ADC12MCTL12 = 0x838)
                [!provide]                        PROVIDE (ADC12MCTL12_L = 0x838)
                [!provide]                        PROVIDE (ADC12MCTL12_H = 0x839)
                [!provide]                        PROVIDE (ADC12MCTL13 = 0x83a)
                [!provide]                        PROVIDE (ADC12MCTL13_L = 0x83a)
                [!provide]                        PROVIDE (ADC12MCTL13_H = 0x83b)
                [!provide]                        PROVIDE (ADC12MCTL14 = 0x83c)
                [!provide]                        PROVIDE (ADC12MCTL14_L = 0x83c)
                [!provide]                        PROVIDE (ADC12MCTL14_H = 0x83d)
                [!provide]                        PROVIDE (ADC12MCTL15 = 0x83e)
                [!provide]                        PROVIDE (ADC12MCTL15_L = 0x83e)
                [!provide]                        PROVIDE (ADC12MCTL15_H = 0x83f)
                [!provide]                        PROVIDE (ADC12MCTL16 = 0x840)
                [!provide]                        PROVIDE (ADC12MCTL16_L = 0x840)
                [!provide]                        PROVIDE (ADC12MCTL16_H = 0x841)
                [!provide]                        PROVIDE (ADC12MCTL17 = 0x842)
                [!provide]                        PROVIDE (ADC12MCTL17_L = 0x842)
                [!provide]                        PROVIDE (ADC12MCTL17_H = 0x843)
                [!provide]                        PROVIDE (ADC12MCTL18 = 0x844)
                [!provide]                        PROVIDE (ADC12MCTL18_L = 0x844)