Archive member included to satisfy reference by file (symbol)

c:/ti/ccs1000/ccs/tools/compiler/msp430-gcc-9.2.0.50_win64/bin/../lib/gcc/msp430-elf/9.2.0/large\libgcc.a(_addsub_sf.o)
                              ./glue/helper.o (__mspabi_addf)
c:/ti/ccs1000/ccs/tools/compiler/msp430-gcc-9.2.0.50_win64/bin/../lib/gcc/msp430-elf/9.2.0/large\libgcc.a(_mul_sf.o)
                              ./glue/helper.o (__mspabi_mpyf)
c:/ti/ccs1000/ccs/tools/compiler/msp430-gcc-9.2.0.50_win64/bin/../lib/gcc/msp430-elf/9.2.0/large\libgcc.a(_div_sf.o)
                              ./glue/helper.o (__mspabi_divf)
c:/ti/ccs1000/ccs/tools/compiler/msp430-gcc-9.2.0.50_win64/bin/../lib/gcc/msp430-elf/9.2.0/large\libgcc.a(_eq_sf.o)
                              ./glue/helper.o (__eqsf2)
c:/ti/ccs1000/ccs/tools/compiler/msp430-gcc-9.2.0.50_win64/bin/../lib/gcc/msp430-elf/9.2.0/large\libgcc.a(_gt_sf.o)
                              ./glue/helper.o (__gtsf2)
c:/ti/ccs1000/ccs/tools/compiler/msp430-gcc-9.2.0.50_win64/bin/../lib/gcc/msp430-elf/9.2.0/large\libgcc.a(_lt_sf.o)
                              ./glue/helper.o (__ltsf2)
c:/ti/ccs1000/ccs/tools/compiler/msp430-gcc-9.2.0.50_win64/bin/../lib/gcc/msp430-elf/9.2.0/large\libgcc.a(_si_to_sf.o)
                              ./glue/helper.o (__mspabi_fltlif)
c:/ti/ccs1000/ccs/tools/compiler/msp430-gcc-9.2.0.50_win64/bin/../lib/gcc/msp430-elf/9.2.0/large\libgcc.a(_sf_to_df.o)
                              ./glue/helper.o (__mspabi_cvtfd)
c:/ti/ccs1000/ccs/tools/compiler/msp430-gcc-9.2.0.50_win64/bin/../lib/gcc/msp430-elf/9.2.0/large\libgcc.a(_thenan_sf.o)
                              c:/ti/ccs1000/ccs/tools/compiler/msp430-gcc-9.2.0.50_win64/bin/../lib/gcc/msp430-elf/9.2.0/large\libgcc.a(_addsub_sf.o) (__thenan_sf)
c:/ti/ccs1000/ccs/tools/compiler/msp430-gcc-9.2.0.50_win64/bin/../lib/gcc/msp430-elf/9.2.0/large\libgcc.a(_gt_df.o)
                              ./glue/helper.o (__gtdf2)
c:/ti/ccs1000/ccs/tools/compiler/msp430-gcc-9.2.0.50_win64/bin/../lib/gcc/msp430-elf/9.2.0/large\libgcc.a(_lt_df.o)
                              ./glue/helper.o (__ltdf2)
c:/ti/ccs1000/ccs/tools/compiler/msp430-gcc-9.2.0.50_win64/bin/../lib/gcc/msp430-elf/9.2.0/large\libgcc.a(_make_df.o)
                              c:/ti/ccs1000/ccs/tools/compiler/msp430-gcc-9.2.0.50_win64/bin/../lib/gcc/msp430-elf/9.2.0/large\libgcc.a(_sf_to_df.o) (__make_dp)
c:/ti/ccs1000/ccs/tools/compiler/msp430-gcc-9.2.0.50_win64/bin/../lib/gcc/msp430-elf/9.2.0/large\libgcc.a(lib2divHI.o)
                              ./driverlib/MSP430FR5xx_6xx/cs.o (__mspabi_divi)
c:/ti/ccs1000/ccs/tools/compiler/msp430-gcc-9.2.0.50_win64/bin/../lib/gcc/msp430-elf/9.2.0/large\libgcc.a(lib2divSI.o)
                              ./timer_a0.o (__mspabi_divul)
c:/ti/ccs1000/ccs/tools/compiler/msp430-gcc-9.2.0.50_win64/bin/../lib/gcc/msp430-elf/9.2.0/large\libgcc.a(slli.o)
                              ./driverlib/MSP430FR5xx_6xx/comp_e.o (__mspabi_slli)
c:/ti/ccs1000/ccs/tools/compiler/msp430-gcc-9.2.0.50_win64/bin/../lib/gcc/msp430-elf/9.2.0/large\libgcc.a(srai.o)
                              ./driverlib/MSP430FR5xx_6xx/ram.o (__mspabi_srai)
c:/ti/ccs1000/ccs/tools/compiler/msp430-gcc-9.2.0.50_win64/bin/../lib/gcc/msp430-elf/9.2.0/large\libgcc.a(srli.o)
                              ./glue/helper.o (__mspabi_srll_8)
c:/ti/ccs1000/ccs/tools/compiler/msp430-gcc-9.2.0.50_win64/bin/../lib/gcc/msp430-elf/9.2.0/large\libgcc.a(_clzsi2.o)
                              c:/ti/ccs1000/ccs/tools/compiler/msp430-gcc-9.2.0.50_win64/bin/../lib/gcc/msp430-elf/9.2.0/large\libgcc.a(_si_to_sf.o) (__clzsi2)
c:/ti/ccs1000/ccs/tools/compiler/msp430-gcc-9.2.0.50_win64/bin/../lib/gcc/msp430-elf/9.2.0/large\libgcc.a(_udivdi3.o)
                              c:/ti/ccs1000/ccs/tools/compiler/msp430-gcc-9.2.0.50_win64/bin/../lib/gcc/msp430-elf/9.2.0/large\libgcc.a(lib2divSI.o) (__mspabi_divull)
c:/ti/ccs1000/ccs/tools/compiler/msp430-gcc-9.2.0.50_win64/bin/../lib/gcc/msp430-elf/9.2.0/large\libgcc.a(_pack_sf.o)
                              c:/ti/ccs1000/ccs/tools/compiler/msp430-gcc-9.2.0.50_win64/bin/../lib/gcc/msp430-elf/9.2.0/large\libgcc.a(_addsub_sf.o) (__pack_f)
c:/ti/ccs1000/ccs/tools/compiler/msp430-gcc-9.2.0.50_win64/bin/../lib/gcc/msp430-elf/9.2.0/large\libgcc.a(_unpack_sf.o)
                              c:/ti/ccs1000/ccs/tools/compiler/msp430-gcc-9.2.0.50_win64/bin/../lib/gcc/msp430-elf/9.2.0/large\libgcc.a(_addsub_sf.o) (__unpack_f)
c:/ti/ccs1000/ccs/tools/compiler/msp430-gcc-9.2.0.50_win64/bin/../lib/gcc/msp430-elf/9.2.0/large\libgcc.a(_fpcmp_parts_sf.o)
                              c:/ti/ccs1000/ccs/tools/compiler/msp430-gcc-9.2.0.50_win64/bin/../lib/gcc/msp430-elf/9.2.0/large\libgcc.a(_eq_sf.o) (__fpcmp_parts_f)
c:/ti/ccs1000/ccs/tools/compiler/msp430-gcc-9.2.0.50_win64/bin/../lib/gcc/msp430-elf/9.2.0/large\libgcc.a(_pack_df.o)
[...]
Memory Configuration

Name             Origin             Length             Attributes
TINYRAM          0x000000000000000a 0x0000000000000016
BSL              0x0000000000001000 0x0000000000000800
RAM              0x0000000000001c00 0x0000000000001000
LEARAM           0x0000000000002c00 0x0000000000000ec8
LEASTACK         0x0000000000003ac8 0x0000000000000138
INFOMEM          0x0000000000001800 0x0000000000000200
INFOD            0x0000000000001800 0x0000000000000080
INFOC            0x0000000000001880 0x0000000000000080
INFOB            0x0000000000001900 0x0000000000000080
INFOA            0x0000000000001980 0x0000000000000080
ROM              0x0000000000004000 0x000000000000bf80 xr
HIFRAM           0x0000000000010000 0x0000000000033fff xrw
JTAGSIGNATURE    0x000000000000ff80 0x0000000000000004
BSLSIGNATURE     0x000000000000ff84 0x0000000000000004
IPESIGNATURE     0x000000000000ff88 0x0000000000000008
VECT0            0x000000000000ff90 0x0000000000000002
VECT1            0x000000000000ff92 0x0000000000000002
VECT2            0x000000000000ff94 0x0000000000000002
VECT3            0x000000000000ff96 0x0000000000000002
VECT4            0x000000000000ff98 0x0000000000000002
VECT5            0x000000000000ff9a 0x0000000000000002
VECT6            0x000000000000ff9c 0x0000000000000002
VECT7            0x000000000000ff9e 0x0000000000000002
VECT8            0x000000000000ffa0 0x0000000000000002
VECT9            0x000000000000ffa2 0x0000000000000002
VECT10           0x000000000000ffa4 0x0000000000000002
VECT11           0x000000000000ffa6 0x0000000000000002
VECT12           0x000000000000ffa8 0x0000000000000002
VECT13           0x000000000000ffaa 0x0000000000000002
VECT14           0x000000000000ffac 0x0000000000000002
VECT15           0x000000000000ffae 0x0000000000000002
VECT16           0x000000000000ffb0 0x0000000000000002
VECT17           0x000000000000ffb2 0x0000000000000002
VECT18           0x000000000000ffb4 0x0000000000000002
VECT19           0x000000000000ffb6 0x0000000000000002
VECT20           0x000000000000ffb8 0x0000000000000002
VECT21           0x000000000000ffba 0x0000000000000002
VECT22           0x000000000000ffbc 0x0000000000000002
VECT23           0x000000000000ffbe 0x0000000000000002
VECT24           0x000000000000ffc0 0x0000000000000002
VECT25           0x000000000000ffc2 0x0000000000000002
VECT26           0x000000000000ffc4 0x0000000000000002
VECT27           0x000000000000ffc6 0x0000000000000002
VECT28           0x000000000000ffc8 0x0000000000000002
VECT29           0x000000000000ffca 0x0000000000000002
VECT30           0x000000000000ffcc 0x0000000000000002
VECT31           0x000000000000ffce 0x0000000000000002
VECT32           0x000000000000ffd0 0x0000000000000002
VECT33           0x000000000000ffd2 0x0000000000000002
VECT34           0x000000000000ffd4 0x0000000000000002
VECT35           0x000000000000ffd6 0x0000000000000002
VECT36           0x000000000000ffd8 0x0000000000000002
VECT37           0x000000000000ffda 0x0000000000000002
VECT38           0x000000000000ffdc 0x0000000000000002
VECT39           0x000000000000ffde 0x0000000000000002
VECT40           0x000000000000ffe0 0x0000000000000002
VECT41           0x000000000000ffe2 0x0000000000000002
VECT42           0x000000000000ffe4 0x0000000000000002
VECT43           0x000000000000ffe6 0x0000000000000002
VECT44           0x000000000000ffe8 0x0000000000000002
VECT45           0x000000000000ffea 0x0000000000000002
VECT46           0x000000000000ffec 0x0000000000000002
VECT47           0x000000000000ffee 0x0000000000000002
VECT48           0x000000000000fff0 0x0000000000000002
VECT49           0x000000000000fff2 0x0000000000000002
VECT50           0x000000000000fff4 0x0000000000000002
VECT51           0x000000000000fff6 0x0000000000000002
VECT52           0x000000000000fff8 0x0000000000000002
VECT53           0x000000000000fffa 0x0000000000000002
VECT54           0x000000000000fffc 0x0000000000000002
RESETVEC         0x000000000000fffe 0x0000000000000002
*default*        0x0000000000000000 0xffffffffffffffff

Linker script and memory map

LOAD c:/ti/ccs1000/ccs/tools/compiler/msp430-gcc-9.2.0.50_win64/bin/../lib/gcc/msp430-elf/9.2.0/../../../../msp430-elf/lib/large/crt0.o
LOAD c:/ti/ccs1000/ccs/tools/compiler/msp430-gcc-9.2.0.50_win64/bin/../lib/gcc/msp430-elf/9.2.0/large/crtbegin_no_eh.o
LOAD ./main.o
LOAD ./timer_a0.o
LOAD ./timer_a1.o
LOAD ./timer_a2.o
LOAD ./ui.o
LOAD ./driverlib/MSP430FR5xx_6xx/adc12_b.o
LOAD ./driverlib/MSP430FR5xx_6xx/aes256.o
LOAD ./driverlib/MSP430FR5xx_6xx/comp_e.o
LOAD ./driverlib/MSP430FR5xx_6xx/crc.o
LOAD ./driverlib/MSP430FR5xx_6xx/crc32.o
LOAD ./driverlib/MSP430FR5xx_6xx/cs.o
LOAD ./driverlib/MSP430FR5xx_6xx/dma.o
LOAD ./driverlib/MSP430FR5xx_6xx/esi.o
LOAD ./driverlib/MSP430FR5xx_6xx/eusci_a_spi.o
LOAD ./driverlib/MSP430FR5xx_6xx/eusci_a_uart.o
LOAD ./driverlib/MSP430FR5xx_6xx/eusci_b_i2c.o
LOAD ./driverlib/MSP430FR5xx_6xx/eusci_b_spi.o
LOAD ./driverlib/MSP430FR5xx_6xx/framctl.o
LOAD ./driverlib/MSP430FR5xx_6xx/framctl_a.o
LOAD ./driverlib/MSP430FR5xx_6xx/gpio.o
LOAD ./driverlib/MSP430FR5xx_6xx/hspll.o
LOAD ./driverlib/MSP430FR5xx_6xx/lcd_c.o
LOAD ./driverlib/MSP430FR5xx_6xx/mpu.o
LOAD ./driverlib/MSP430FR5xx_6xx/mpy32.o
LOAD ./driverlib/MSP430FR5xx_6xx/mtif.o
LOAD ./driverlib/MSP430FR5xx_6xx/pmm.o
LOAD ./driverlib/MSP430FR5xx_6xx/ram.o
LOAD ./driverlib/MSP430FR5xx_6xx/ref_a.o
LOAD ./driverlib/MSP430FR5xx_6xx/rtc_b.o
LOAD ./driverlib/MSP430FR5xx_6xx/rtc_c.o
LOAD ./driverlib/MSP430FR5xx_6xx/saph.o
LOAD ./driverlib/MSP430FR5xx_6xx/saph_a.o
LOAD ./driverlib/MSP430FR5xx_6xx/sdhs.o
LOAD ./driverlib/MSP430FR5xx_6xx/sfr.o
LOAD ./driverlib/MSP430FR5xx_6xx/sysctl.o
LOAD ./driverlib/MSP430FR5xx_6xx/timer_a.o
LOAD ./driverlib/MSP430FR5xx_6xx/timer_b.o
LOAD ./driverlib/MSP430FR5xx_6xx/tlv.o
LOAD ./driverlib/MSP430FR5xx_6xx/uups.o
LOAD ./driverlib/MSP430FR5xx_6xx/wdt_a.o
LOAD ./glue/ad7789.o
LOAD ./glue/ds3231.o
LOAD ./glue/ds3234.o
LOAD ./glue/fm24.o
LOAD ./glue/fm24_memtest.o
LOAD ./glue/helper.o
LOAD ./glue/hsc_ssc.o
LOAD ./glue/i2c.o
LOAD ./glue/serial_bitbang.o
LOAD ./glue/sht1x.o
LOAD ./glue/spi.o
LOAD ./glue/sys_messagebus.o
LOAD ./glue/uart0.o
LOAD ./glue/uart1.o
START GROUP
LOAD c:/ti/ccs1000/ccs/tools/compiler/msp430-gcc-9.2.0.50_win64/bin/../lib/gcc/msp430-elf/9.2.0/large\libgcc.a
LOAD c:/ti/ccs1000/ccs/tools/compiler/msp430-gcc-9.2.0.50_win64/bin/../lib/gcc/msp430-elf/9.2.0/../../../../msp430-elf/lib/large\libc.a
END GROUP
LOAD c:/ti/ccs1000/ccs/tools/compiler/msp430-gcc-9.2.0.50_win64/bin/../lib/gcc/msp430-elf/9.2.0/large\libgcc.a
START GROUP
LOAD c:/ti/ccs1000/ccs/tools/compiler/msp430-gcc-9.2.0.50_win64/bin/../lib/gcc/msp430-elf/9.2.0/large\libmul_f5.a
LOAD c:/ti/ccs1000/ccs/tools/compiler/msp430-gcc-9.2.0.50_win64/bin/../lib/gcc/msp430-elf/9.2.0/../../../../msp430-elf/lib/large\libc.a
LOAD c:/ti/ccs1000/ccs/tools/compiler/msp430-gcc-9.2.0.50_win64/bin/../lib/gcc/msp430-elf/9.2.0/large\libgcc.a
LOAD c:/ti/ccs1000/ccs/tools/compiler/msp430-gcc-9.2.0.50_win64/bin/../lib/gcc/msp430-elf/9.2.0/../../../../msp430-elf/lib/large\libcrt.a
LOAD c:/ti/ccs1000/ccs/tools/compiler/msp430-gcc-9.2.0.50_win64/bin/../lib/gcc/msp430-elf/9.2.0/../../../../msp430-elf/lib/large\libnosys.a
END GROUP
LOAD c:/ti/ccs1000/ccs/tools/compiler/msp430-gcc-9.2.0.50_win64/bin/../lib/gcc/msp430-elf/9.2.0/large\libgcc.a
LOAD c:/ti/ccs1000/ccs/tools/compiler/msp430-gcc-9.2.0.50_win64/bin/../lib/gcc/msp430-elf/9.2.0/large/crtend_no_eh.o
LOAD c:/ti/ccs1000/ccs/tools/compiler/msp430-gcc-9.2.0.50_win64/bin/../lib/gcc/msp430-elf/9.2.0/large\libgcc.a

.leaRAM

.jtagsignature

.bslsignature

.ipe
 *(.ipesignature)
 *(.jtagpassword)

__interrupt_vector_0
 *(__interrupt_vector_0)

__interrupt_vector_1
 *(__interrupt_vector_1)

__interrupt_vector_2
 *(__interrupt_vector_2)

__interrupt_vector_3
 *(__interrupt_vector_3)

__interrupt_vector_4
 *(__interrupt_vector_4)

__interrupt_vector_5
 *(__interrupt_vector_5)

__interrupt_vector_6
 *(__interrupt_vector_6)

__interrupt_vector_7
 *(__interrupt_vector_7)

__interrupt_vector_8
 *(__interrupt_vector_8)

__interrupt_vector_9
 *(__interrupt_vector_9)

__interrupt_vector_10
 *(__interrupt_vector_10)

__interrupt_vector_11
 *(__interrupt_vector_11)

__interrupt_vector_12
 *(__interrupt_vector_12)

__interrupt_vector_13
 *(__interrupt_vector_13)

__interrupt_vector_14
 *(__interrupt_vector_14)

__interrupt_vector_15
 *(__interrupt_vector_15)

__interrupt_vector_16
 *(__interrupt_vector_16)

__interrupt_vector_17
 *(__interrupt_vector_17)

__interrupt_vector_18
 *(__interrupt_vector_18)
 *(__interrupt_vector_lea)

__interrupt_vector_19
 *(__interrupt_vector_19)
 *(__interrupt_vector_port8)

__interrupt_vector_20
 *(__interrupt_vector_20)
 *(__interrupt_vector_port7)

__interrupt_vector_21
 *(__interrupt_vector_21)
 *(__interrupt_vector_eusci_b3)

__interrupt_vector_22
 *(__interrupt_vector_22)
 *(__interrupt_vector_eusci_b2)

__interrupt_vector_23
 *(__interrupt_vector_23)
 *(__interrupt_vector_eusci_b1)

__interrupt_vector_24
 *(__interrupt_vector_24)
 *(__interrupt_vector_eusci_a3)

__interrupt_vector_25
 *(__interrupt_vector_25)
 *(__interrupt_vector_eusci_a2)

__interrupt_vector_26
 *(__interrupt_vector_26)
 *(__interrupt_vector_port6)

__interrupt_vector_27
                0x000000000000ffc6        0x2
 *(__interrupt_vector_27)
 __interrupt_vector_27
                0x000000000000ffc6        0x2 ./main.o
 *(__interrupt_vector_port5)

__interrupt_vector_28
 *(__interrupt_vector_28)
 *(__interrupt_vector_timer4_a1)

__interrupt_vector_29
 *(__interrupt_vector_29)
 *(__interrupt_vector_timer4_a0)

__interrupt_vector_30
 *(__interrupt_vector_30)
 *(__interrupt_vector_aes256)

__interrupt_vector_31
 *(__interrupt_vector_31)
 *(__interrupt_vector_rtc_c)

__interrupt_vector_32
 *(__interrupt_vector_32)
 *(__interrupt_vector_port4)

__interrupt_vector_33
 *(__interrupt_vector_33)
 *(__interrupt_vector_port3)

__interrupt_vector_34
 *(__interrupt_vector_34)
 *(__interrupt_vector_timer3_a1)

__interrupt_vector_35
 *(__interrupt_vector_35)
 *(__interrupt_vector_timer3_a0)

__interrupt_vector_36
 *(__interrupt_vector_36)
 *(__interrupt_vector_port2)

__interrupt_vector_37
                0x000000000000ffda        0x2
 *(__interrupt_vector_37)
 __interrupt_vector_37
                0x000000000000ffda        0x2 ./timer_a2.o
 *(__interrupt_vector_timer2_a1)

__interrupt_vector_38
 *(__interrupt_vector_38)
 *(__interrupt_vector_timer2_a0)

__interrupt_vector_39
 *(__interrupt_vector_39)
 *(__interrupt_vector_port1)

__interrupt_vector_40
                0x000000000000ffe0        0x2
 *(__interrupt_vector_40)
 __interrupt_vector_40
                0x000000000000ffe0        0x2 ./timer_a1.o
 *(__interrupt_vector_timer1_a1)

__interrupt_vector_41
 *(__interrupt_vector_41)
 *(__interrupt_vector_timer1_a0)

__interrupt_vector_42
 *(__interrupt_vector_42)
 *(__interrupt_vector_dma)

__interrupt_vector_43
                0x000000000000ffe6        0x2
 *(__interrupt_vector_43)
 __interrupt_vector_43
                0x000000000000ffe6        0x2 ./glue/uart1.o
 *(__interrupt_vector_eusci_a1)

__interrupt_vector_44
                0x000000000000ffe8        0x2
 *(__interrupt_vector_44)
 __interrupt_vector_44
                0x000000000000ffe8        0x2 ./timer_a0.o
 *(__interrupt_vector_timer0_a1)

__interrupt_vector_45
 *(__interrupt_vector_45)
 *(__interrupt_vector_timer0_a0)

__interrupt_vector_46
 *(__interrupt_vector_46)
 *(__interrupt_vector_adc12_b)

__interrupt_vector_47
 *(__interrupt_vector_47)
 *(__interrupt_vector_eusci_b0)

__interrupt_vector_48
                0x000000000000fff0        0x2
 *(__interrupt_vector_48)
 __interrupt_vector_48
                0x000000000000fff0        0x2 ./glue/uart0.o
 *(__interrupt_vector_eusci_a0)

__interrupt_vector_49
 *(__interrupt_vector_49)
 *(__interrupt_vector_wdt)

__interrupt_vector_50
 *(__interrupt_vector_50)
 *(__interrupt_vector_timer0_b1)

__interrupt_vector_51
 *(__interrupt_vector_51)
 *(__interrupt_vector_timer0_b0)

__interrupt_vector_52
 *(__interrupt_vector_52)
 *(__interrupt_vector_comp_e)

__interrupt_vector_53
 *(__interrupt_vector_53)
 *(__interrupt_vector_unmi)

__interrupt_vector_54
 *(__interrupt_vector_54)
 *(__interrupt_vector_sysnmi)

__reset_vector  0x000000000000fffe        0x2
 *(__interrupt_vector_55)
 *(__interrupt_vector_reset)
 *(.resetvec)
 .resetvec      0x000000000000fffe        0x2 c:/ti/ccs1000/ccs/tools/compiler/msp430-gcc-9.2.0.50_win64/bin/../lib/gcc/msp430-elf/9.2.0/../../../../msp430-elf/lib/large/crt0.o

.lower.rodata   0x0000000000004000        0x0
                0x0000000000004000                . = ALIGN (0x2)
 *(.lower.rodata.* .lower.rodata)

.rodata         0x0000000000004000      0x242
                0x0000000000004000                . = ALIGN (0x2)
 *(.plt)
 *(.rodata .rodata.* .gnu.linkonce.r.* .const .const:*)
 .rodata.str1.1
                0x0000000000004000       0x18 ./main.o
 .rodata.str1.1
                0x0000000000004018       0xc4 ./ui.o
                                         0xc9 (size before relaxing)
 .rodata        0x00000000000040dc       0x40 ./glue/helper.o
 .rodata.__thenan_sf
                0x000000000000411c        0xa c:/ti/ccs1000/ccs/tools/compiler/msp430-gcc-9.2.0.50_win64/bin/../lib/gcc/msp430-elf/9.2.0/large\libgcc.a(_thenan_sf.o)
                0x000000000000411c                __thenan_sf
 .rodata.__clz_tab
                0x0000000000004126      0x100 c:/ti/ccs1000/ccs/tools/compiler/msp430-gcc-9.2.0.50_win64/bin/../lib/gcc/msp430-elf/9.2.0/large\libgcc.a(_clz.o)
                0x0000000000004126                __clz_tab
 .rodata.str1.1
                0x0000000000004226        0x2 c:/ti/ccs1000/ccs/tools/compiler/msp430-gcc-9.2.0.50_win64/bin/../lib/gcc/msp430-elf/9.2.0/../../../../msp430-elf/lib/large\libc.a(lib_a-impure.o)
 .rodata._sbrk.str1.1
                0x0000000000004228       0x1a c:/ti/ccs1000/ccs/tools/compiler/msp430-gcc-9.2.0.50_win64/bin/../lib/gcc/msp430-elf/9.2.0/../../../../msp430-elf/lib/large\libnosys.a(sbrk.o)
 *(.rodata1)
 *(.gcc_except_table)
 *(.gcc_except_table.*)

.rodata2        0x0000000000004244       0x64
                0x0000000000004244                . = ALIGN (0x2)
                [!provide]                        PROVIDE (__preinit_array_start = .)
 *(.preinit_array)
                [!provide]                        PROVIDE (__preinit_array_end = .)
                0x0000000000004244                . = ALIGN (0x2)
                [!provide]                        PROVIDE (__init_array_start = .)
 *(SORT_BY_NAME(.init_array.*))
 *(.init_array)
                [!provide]                        PROVIDE (__init_array_end = .)
                0x0000000000004244                . = ALIGN (0x2)
                [!provide]                        PROVIDE (__fini_array_start = .)
 *(.fini_array)
 *(SORT_BY_NAME(.fini_array.*))
                [!provide]                        PROVIDE (__fini_array_end = .)
                0x0000000000004244                . = ALIGN (0x2)
 *(.eh_frame_hdr)
 *(.eh_frame)
 .eh_frame      0x0000000000004244       0x64 c:/ti/ccs1000/ccs/tools/compiler/msp430-gcc-9.2.0.50_win64/bin/../lib/gcc/msp430-elf/9.2.0/large\libgcc.a(_udivdi3.o)
 *crtbegin*.o(.ctors)
 *(EXCLUDE_FILE(*crtend*.o) .ctors)
 *(SORT_BY_NAME(.ctors.*))
 *(.ctors)
 *crtbegin*.o(.dtors)
 *(EXCLUDE_FILE(*crtend*.o) .dtors)
 *(SORT_BY_NAME(.dtors.*))
 *(.dtors)

.persistent     0x00000000000042a8        0x0
                0x00000000000042a8                . = ALIGN (0x2)
                [!provide]                        PROVIDE (__persistent_start = .)
 *(.persistent)
                0x00000000000042a8                . = ALIGN (0x2)
                [!provide]                        PROVIDE (__persistent_end = .)

.upper.rodata
 *(.upper.rodata.* .upper.rodata)

.tinyram

.lower.data     0x0000000000001c00        0x0 load address 0x00000000000042a8
                0x0000000000001c00                . = ALIGN (0x2)
                0x0000000000001c00                PROVIDE (__datastart = .)
 *(.lower.data.* .lower.data)

.data           0x0000000000001c00      0x142 load address 0x00000000000042a8
                0x0000000000001c00                . = ALIGN (0x2)
                [!provide]                        PROVIDE (__datastart = .)
 *(.jcr)
 *(.data.rel.ro.local)
 *(.data.rel.ro*)
 *(.dynamic)
 *(.data .data.* .gnu.linkonce.d.*)
 .data          0x0000000000001c00        0xd ./glue/helper.o
                0x0000000000001c00                MonthDays
 *fill*         0x0000000000001c0d        0x1 
 .data._impure_ptr
                0x0000000000001c0e        0x4 c:/ti/ccs1000/ccs/tools/compiler/msp430-gcc-9.2.0.50_win64/bin/../lib/gcc/msp430-elf/9.2.0/../../../../msp430-elf/lib/large\libc.a(lib_a-impure.o)
                0x0000000000001c0e                _impure_ptr
 .data.impure_data
                0x0000000000001c12       0xe0 c:/ti/ccs1000/ccs/tools/compiler/msp430-gcc-9.2.0.50_win64/bin/../lib/gcc/msp430-elf/9.2.0/../../../../msp430-elf/lib/large\libc.a(lib_a-impure.o)
 .data.heap.1412
                0x0000000000001cf2        0x4 c:/ti/ccs1000/ccs/tools/compiler/msp430-gcc-9.2.0.50_win64/bin/../lib/gcc/msp430-elf/9.2.0/../../../../msp430-elf/lib/large\libnosys.a(sbrk.o)
 .data          0x0000000000001cf6       0x4b c:/ti/ccs1000/ccs/tools/compiler/msp430-gcc-9.2.0.50_win64/bin/../lib/gcc/msp430-elf/9.2.0/../../../../msp430-elf/lib/large\libnosys.a(cio.o)
                0x0000000000001cf6                _CIOBUF_
                0x0000000000001cf6                __CIOBUF__
 *(.gnu.linkonce.d.*personality*)
 *(.data1)
 *(.got.plt)
 *(.got)
                0x0000000000001d42                . = ALIGN (0x2)
 *fill*         0x0000000000001d41        0x1 
 *(.sdata .sdata.* .gnu.linkonce.s.* D_2 D_1)
                0x0000000000001d42                . = ALIGN (0x2)
                0x0000000000001d42                _edata = .
                [!provide]                        PROVIDE (edata = .)
                [!provide]                        PROVIDE (__dataend = .)
                0x00000000000042a8                PROVIDE (__romdatastart = LOADADDR (.lower.data))
                0x0000000000000142                PROVIDE (__romdatacopysize = (SIZEOF (.lower.data) + SIZEOF (.data)))

.lowtext        0x0000000000001d42      0x346 load address 0x00000000000043ea
 .lowtext       0x0000000000001d42       0x46 ./main.o
                0x0000000000001d42                port5_isr_handler
 .lowtext       0x0000000000001d88       0xcc ./timer_a0.o
                0x0000000000001d88                timer0_A1_ISR
 .lowtext       0x0000000000001e54       0x5e ./timer_a1.o
                0x0000000000001e54                timer1_A1_ISR
 .lowtext       0x0000000000001eb2       0x82 ./timer_a2.o
                0x0000000000001eb2                timer2_A1_ISR
 .lowtext       0x0000000000001f34       0xa6 ./glue/uart0.o
                0x0000000000001f34                USCI_A0_ISR
 .lowtext       0x0000000000001fda       0xae ./glue/uart1.o
                0x0000000000001fda                USCI_A1_ISR

.upper.data     0x0000000000010000        0x2 load address 0x0000000000004730
                0x0000000000004730                __upper_data_init = LOADADDR (.upper.data)
                0x0000000000010000        0x2 SHORT 0x1
                0x0000000000010002                __high_datastart = .
 *(.upper.data.* .upper.data)
                0x0000000000010002                __high_dataend = .
                0x0000000000000000                __rom_highdatacopysize = (SIZEOF (.upper.data) - 0x2)
                0x0000000000004732                __rom_highdatastart = (LOADADDR (.upper.data) + 0x2)

.lower.bss      0x0000000000002088        0x0
                0x0000000000002088                . = ALIGN (0x2)
                0x0000000000002088                PROVIDE (__bssstart = .)
 *(.lower.bss.* .lower.bss)

.bss            0x0000000000002088       0xfa
                0x0000000000002088                . = ALIGN (0x2)
                [!provide]                        PROVIDE (__bssstart = .)
 *(.dynbss)
 *(.sbss .sbss.*)
 *(.bss .bss.* .gnu.linkonce.b.*)
 .bss           0x0000000000002088        0x1 ./main.o
                0x0000000000002088                port5_last_event
 *fill*         0x0000000000002089        0x1 
 .bss           0x000000000000208a        0x8 ./timer_a0.o
                0x000000000000208a                timer_a0_ovf
                0x000000000000208c                timer_a0_last_event
                0x000000000000208e                timer_a0_ccr2_extra_ticks
 .bss           0x0000000000002092        0x4 ./timer_a1.o
                0x0000000000002092                timer_a1_ovf
                0x0000000000002094                timer_a1_last_event
 .bss           0x0000000000002096       0x4e ./timer_a2.o
                0x0000000000002096                timer_a2_trigger_slot
                0x00000000000020d6                timer_a2_trigger_next
                0x00000000000020da                timer_a2_systime
                0x00000000000020de                timer_a2_last_event_schedule
                0x00000000000020e0                timer_a2_trigger_schedule
                0x00000000000020e2                timer_a2_last_event
 .bss           0x00000000000020e4        0x8 ./driverlib/MSP430FR5xx_6xx/cs.o
 .bss           0x00000000000020ec        0x4 ./glue/sys_messagebus.o
                0x00000000000020ec                messagebus
 .bss           0x00000000000020f0       0x44 ./glue/uart0.o
                0x00000000000020f0                uart0_last_event
                0x00000000000020f1                uart0_rx_err
                0x00000000000020f2                uart0_rx_enable
                0x00000000000020f3                uart0_p
                0x00000000000020f4                uart0_rx_buf
 .bss           0x0000000000002134       0x44 ./glue/uart1.o
                0x0000000000002134                uart1_last_event
                0x0000000000002135                uart1_rx_err
                0x0000000000002136                uart1_rx_enable
                0x0000000000002137                uart1_p
                0x0000000000002138                uart1_rx_buf
 .bss.__malloc_sbrk_start
                0x0000000000002178        0x4 c:/ti/ccs1000/ccs/tools/compiler/msp430-gcc-9.2.0.50_win64/bin/../lib/gcc/msp430-elf/9.2.0/../../../../msp430-elf/lib/large\libc.a(lib_a-nano-mallocr.o)
                0x0000000000002178                __malloc_sbrk_start
 .bss.__malloc_free_list
                0x000000000000217c        0x4 c:/ti/ccs1000/ccs/tools/compiler/msp430-gcc-9.2.0.50_win64/bin/../lib/gcc/msp430-elf/9.2.0/../../../../msp430-elf/lib/large\libc.a(lib_a-nano-mallocr.o)
                0x000000000000217c                __malloc_free_list
 .bss.errno     0x0000000000002180        0x2 c:/ti/ccs1000/ccs/tools/compiler/msp430-gcc-9.2.0.50_win64/bin/../lib/gcc/msp430-elf/9.2.0/../../../../msp430-elf/lib/large\libc.a(lib_a-reent.o)
                0x0000000000002180                errno
                0x0000000000002182                . = ALIGN (0x2)
 *(COMMON)
                [!provide]                        PROVIDE (__bssend = .)
                0x00000000000000fa                PROVIDE (__bsssize = (SIZEOF (.lower.bss) + SIZEOF (.bss)))

.noinit         0x0000000000002182        0x0
                0x0000000000002182                . = ALIGN (0x2)
                [!provide]                        PROVIDE (__noinit_start = .)
 *(.noinit)
                0x0000000000002182                . = ALIGN (0x2)
                [!provide]                        PROVIDE (__noinit_end = .)

.upper.bss      0x0000000000010002        0x0
                0x0000000000010002                . = ALIGN (0x2)
                0x0000000000010002                __high_bssstart = .
 *(.upper.bss.* .upper.bss)
                0x0000000000010002                . = ALIGN (0x2)
                0x0000000000010002                __high_bssend = .
                0x0000000000000000                __high_bsssize = SIZEOF (.upper.bss)

.heap           0x0000000000002182        0x4
                0x0000000000002182                . = ALIGN (0x2)
                0x0000000000002182                __heap_start__ = .
                0x0000000000002182                _end = __heap_start__
                0x0000000000002182                PROVIDE (end = .)
 *(.heap)
                0x0000000000002182                _end = .
                [!provide]                        PROVIDE (end = .)
                0x0000000000002182        0x4 LONG 0x0
                0x0000000000002186                __heap_end__ = .
                0x0000000000002186                __HeapLimit = __heap_end__

.stack          0x0000000000002c00        0x0
                0x0000000000002c00                PROVIDE (__stack = .)
 *(.stack)

.lower.text     0x0000000000004732        0x0
                0x0000000000004732                . = ALIGN (0x2)
 *(.lower.text.* .lower.text)

.text           0x0000000000004732     0x4112
                0x0000000000004732                PROVIDE (_start = .)
                0x0000000000004732                . = ALIGN (0x2)
 *(SORT_BY_NAME(.crt_*))
 .crt_0000start
                0x0000000000004732        0x4 c:/ti/ccs1000/ccs/tools/compiler/msp430-gcc-9.2.0.50_win64/bin/../lib/gcc/msp430-elf/9.2.0/../../../../msp430-elf/lib/large/crt0.o
                0x0000000000004732                __crt0_start
 .crt_0100init_bss
                0x0000000000004736       0x10 c:/ti/ccs1000/ccs/tools/compiler/msp430-gcc-9.2.0.50_win64/bin/../lib/gcc/msp430-elf/9.2.0/../../../../msp430-elf/lib/large\libcrt.a(crt_bss.o)
                0x0000000000004736                __crt0_init_bss
 .crt_0300movedata
                0x0000000000004746       0x14 c:/ti/ccs1000/ccs/tools/compiler/msp430-gcc-9.2.0.50_win64/bin/../lib/gcc/msp430-elf/9.2.0/../../../../msp430-elf/lib/large\libcrt.a(crt_movedata.o)
                0x0000000000004746                __crt0_movedata
 .crt_0800call_main
                0x000000000000475a        0x6 c:/ti/ccs1000/ccs/tools/compiler/msp430-gcc-9.2.0.50_win64/bin/../lib/gcc/msp430-elf/9.2.0/../../../../msp430-elf/lib/large\libcrt.a(crt_main.o)
                0x000000000000475a                __crt0_call_main
                0x0000000000004760                . = ALIGN (0x2)
 *(.lower.text.* .lower.text)
                0x0000000000004760                . = ALIGN (0x2)
 *(.text .stub .text.* .gnu.linkonce.t.* .text:*)
 .text          0x0000000000004760      0x2b8 ./main.o
                0x00000000000047ec                main_init
                0x0000000000004896                check_events
                0x0000000000004976                main
 .text          0x0000000000004a18      0x110 ./timer_a0.o
                0x0000000000004a18                timer_a0_init
                0x0000000000004a3c                timer_a0_set_ccr2_extra_ticks
                0x0000000000004a46                timer_a0_cancel_ccr2
                0x0000000000004a5a                timer_a0_get_event
                0x0000000000004a60                timer_a0_rst_event
                0x0000000000004a66                timer_a0_delay_noblk_ccr1
                0x0000000000004a80                timer_a0_delay_noblk_ccr2
                0x0000000000004a9a                timer_a0_sleep_nonblock
 .text          0x0000000000004b28      0x120 ./timer_a1.o
                0x0000000000004b28                timer_a1_init
                0x0000000000004b44                timer_a1_get_event
                0x0000000000004b4a                timer_a1_rst_event
                0x0000000000004b50                timer_a1_fake_ccr2_event
                0x0000000000004b56                timer_a1_delay_noblk_ccr1
                0x0000000000004b70                timer_a1_delay_noblk_ccr1_disable
                0x0000000000004b7c                timer_a1_delay_ccr2
                0x0000000000004baa                timer_a1_sleep
                0x0000000000004c3e                timer_a1_sleep_ticks
 .text          0x0000000000004c48      0x1aa ./timer_a2.o
                0x0000000000004c48                timer_a2_init
                0x0000000000004c94                timer_a2_set_trigger_slot
                0x0000000000004d0e                timer_a2_get_trigger_slot
                0x0000000000004d5c                timer_a2_get_event
                0x0000000000004d62                timer_a2_rst_event
                0x0000000000004d68                timer_a2_get_event_schedule
                0x0000000000004d6e                timer_a2_rst_event_schedule
                0x0000000000004d74                timer_a2_get_trigger_next
                0x0000000000004d7e                systime
                0x0000000000004d88                timer_a2_scheduler_handler
 .text          0x0000000000004df2      0x2ae ./ui.o
                0x0000000000004df2                display_menu
                0x0000000000004e2a                display_DONE
                0x0000000000004e34                display_SEP
                0x0000000000004e3e                display_PASSED
                0x0000000000004e48                display_FAILED
                0x0000000000004e52                display_schedule
                0x0000000000004f06                print_buf
                0x0000000000004f88                print_buf_ascii2mem
                0x0000000000005008                print_buf_array
                0x000000000000506a                print_buf_native
                0x0000000000005078                parse_user_input
 .text          0x00000000000050a0      0x9ea ./driverlib/MSP430FR5xx_6xx/cs.o
                0x0000000000005368                CS_setExternalClockSource
                0x000000000000537a                CS_initClockSignal
                0x00000000000053f8                CS_turnOnLFXT
                0x000000000000543a                CS_turnOffSMCLK
                0x000000000000544a                CS_turnOnSMCLK
                0x000000000000545a                CS_bypassLFXT
                0x000000000000547e                CS_turnOnLFXTWithTimeout
                0x00000000000054e8                CS_bypassLFXTWithTimeout
                0x0000000000005526                CS_turnOffLFXT
                0x0000000000005536                CS_turnOnHFXT
                0x00000000000055f0                CS_bypassHFXT
                0x0000000000005690                CS_turnOnHFXTWithTimeout
                0x0000000000005772                CS_bypassHFXTWithTimeout
                0x0000000000005830                CS_turnOffHFXT
                0x0000000000005842                CS_enableClockRequest
                0x0000000000005852                CS_disableClockRequest
                0x0000000000005862                CS_getFaultFlagStatus
                0x0000000000005868                CS_clearFaultFlag
                0x0000000000005878                CS_getACLK
                0x0000000000005896                CS_getSMCLK
                0x00000000000058b0                CS_getMCLK
                0x00000000000058c6                CS_turnOffVLO
                0x00000000000058d6                CS_clearAllOscFlagsWithTimeout
                0x000000000000590c                CS_setDCOFreq
 .text          0x0000000000005a8a     0x1210 ./glue/helper.o
                0x0000000000005a8a                _atan2f
                0x0000000000005bfe                _sin
                0x0000000000005ce6                _cos
                0x0000000000005dce                _sqrt
                0x0000000000005eec                radians
                0x0000000000005f04                sq
                0x0000000000005f0e                get_unixtime
                0x0000000000006040                _gmtime
                0x000000000000619a                str_to_uint8
                0x0000000000006292                str_to_uint16
                0x0000000000006312                str_to_uint32
                0x0000000000006414                str_to_int32
                0x000000000000653e                hstr_to_uint8
                0x0000000000006614                hstr_to_uint16
                0x00000000000066d8                _utoh
                0x000000000000674a                _utoh8
                0x00000000000067b2                _utoh16
                0x000000000000684a                _utorh
                0x00000000000068ce                _uint32toa
                0x000000000000692c                _uint16toa
                0x0000000000006988                _utob
                0x00000000000069e2                _utoa
                0x00000000000069e8                _itoa
                0x0000000000006a14                _i16toa
                0x0000000000006a36                prepend_padding
                0x0000000000006ab0                mem2ascii
                0x0000000000006b08                dec_to_bcd
                0x0000000000006b2a                bcd_to_dec
                0x0000000000006b42                _flip_u16
                0x0000000000006b50                _flip_u32
                0x0000000000006b92                _wiretou32
 .text          0x0000000000006c9a       0xec ./glue/sys_messagebus.o
                0x0000000000006c9a                sys_messagebus_getp
                0x0000000000006ca0                sys_messagebus_register
                0x0000000000006ce8                sys_messagebus_unregister_callback
                0x0000000000006d32                sys_messagebus_unregister_msg
 .text          0x0000000000006d86      0x124 ./glue/uart0.o
                0x0000000000006d86                uart0_init
                0x0000000000006db0                uart0_initb
                0x0000000000006e1a                uart0_port_init
                0x0000000000006e28                uart0_get_event
                0x0000000000006e2e                uart0_rst_event
                0x0000000000006e34                uart0_set_eol
                0x0000000000006e3e                uart0_get_rx_buf
                0x0000000000006e52                uart0_tx_str
                0x0000000000006e76                uart0_print
 .text._fpadd_parts
                0x0000000000006eaa      0x24c c:/ti/ccs1000/ccs/tools/compiler/msp430-gcc-9.2.0.50_win64/bin/../lib/gcc/msp430-elf/9.2.0/large\libgcc.a(_addsub_sf.o)
 .text.__addsf3
                0x00000000000070f6       0x54 c:/ti/ccs1000/ccs/tools/compiler/msp430-gcc-9.2.0.50_win64/bin/../lib/gcc/msp430-elf/9.2.0/large\libgcc.a(_addsub_sf.o)
                0x00000000000070f6                __mspabi_addf
 .text.__subsf3
                0x000000000000714a       0x58 c:/ti/ccs1000/ccs/tools/compiler/msp430-gcc-9.2.0.50_win64/bin/../lib/gcc/msp430-elf/9.2.0/large\libgcc.a(_addsub_sf.o)
                0x000000000000714a                __mspabi_subf
 .text.__mulsf3
                0x00000000000071a2      0x24a c:/ti/ccs1000/ccs/tools/compiler/msp430-gcc-9.2.0.50_win64/bin/../lib/gcc/msp430-elf/9.2.0/large\libgcc.a(_mul_sf.o)
                0x00000000000071a2                __mspabi_mpyf
 .text.__divsf3
                0x00000000000073ec      0x14c c:/ti/ccs1000/ccs/tools/compiler/msp430-gcc-9.2.0.50_win64/bin/../lib/gcc/msp430-elf/9.2.0/large\libgcc.a(_div_sf.o)
                0x00000000000073ec                __mspabi_divf
 .text.__eqsf2  0x0000000000007538       0x5e c:/ti/ccs1000/ccs/tools/compiler/msp430-gcc-9.2.0.50_win64/bin/../lib/gcc/msp430-elf/9.2.0/large\libgcc.a(_eq_sf.o)
                0x0000000000007538                __eqsf2
 .text.__gtsf2  0x0000000000007596       0x5e c:/ti/ccs1000/ccs/tools/compiler/msp430-gcc-9.2.0.50_win64/bin/../lib/gcc/msp430-elf/9.2.0/large\libgcc.a(_gt_sf.o)
                0x0000000000007596                __gtsf2
 .text.__ltsf2  0x00000000000075f4       0x5e c:/ti/ccs1000/ccs/tools/compiler/msp430-gcc-9.2.0.50_win64/bin/../lib/gcc/msp430-elf/9.2.0/large\libgcc.a(_lt_sf.o)
                0x00000000000075f4                __ltsf2
 .text.__floatsisf
                0x0000000000007652       0x9a c:/ti/ccs1000/ccs/tools/compiler/msp430-gcc-9.2.0.50_win64/bin/../lib/gcc/msp430-elf/9.2.0/large\libgcc.a(_si_to_sf.o)
                0x0000000000007652                __mspabi_fltlif
 .text.__extendsfdf2
                0x00000000000076ec       0x5a c:/ti/ccs1000/ccs/tools/compiler/msp430-gcc-9.2.0.50_win64/bin/../lib/gcc/msp430-elf/9.2.0/large\libgcc.a(_sf_to_df.o)
                0x00000000000076ec                __mspabi_cvtfd
 .text.__gtdf2  0x0000000000007746       0x76 c:/ti/ccs1000/ccs/tools/compiler/msp430-gcc-9.2.0.50_win64/bin/../lib/gcc/msp430-elf/9.2.0/large\libgcc.a(_gt_df.o)
                0x0000000000007746                __gtdf2
 .text.__ltdf2  0x00000000000077bc       0x76 c:/ti/ccs1000/ccs/tools/compiler/msp430-gcc-9.2.0.50_win64/bin/../lib/gcc/msp430-elf/9.2.0/large\libgcc.a(_lt_df.o)
                0x00000000000077bc                __ltdf2
 .text.__make_dp
                0x0000000000007832       0x34 c:/ti/ccs1000/ccs/tools/compiler/msp430-gcc-9.2.0.50_win64/bin/../lib/gcc/msp430-elf/9.2.0/large\libgcc.a(_make_df.o)
                0x0000000000007832                __make_dp
 .text.udivmodhi4
                0x0000000000007866       0x3c c:/ti/ccs1000/ccs/tools/compiler/msp430-gcc-9.2.0.50_win64/bin/../lib/gcc/msp430-elf/9.2.0/large\libgcc.a(lib2divHI.o)
                0x0000000000007866                udivmodhi4
 .text.__divhi3
                0x00000000000078a2       0x34 c:/ti/ccs1000/ccs/tools/compiler/msp430-gcc-9.2.0.50_win64/bin/../lib/gcc/msp430-elf/9.2.0/large\libgcc.a(lib2divHI.o)
                0x00000000000078a2                __mspabi_divi
 .text.__udivhi3
                0x00000000000078d6        0x8 c:/ti/ccs1000/ccs/tools/compiler/msp430-gcc-9.2.0.50_win64/bin/../lib/gcc/msp430-elf/9.2.0/large\libgcc.a(lib2divHI.o)
                0x00000000000078d6                __mspabi_divu
 .text.__umodhi3
                0x00000000000078de        0x8 c:/ti/ccs1000/ccs/tools/compiler/msp430-gcc-9.2.0.50_win64/bin/../lib/gcc/msp430-elf/9.2.0/large\libgcc.a(lib2divHI.o)
                0x00000000000078de                __mspabi_remu
 .text.udivmodsi4
                0x00000000000078e6       0x86 c:/ti/ccs1000/ccs/tools/compiler/msp430-gcc-9.2.0.50_win64/bin/../lib/gcc/msp430-elf/9.2.0/large\libgcc.a(lib2divSI.o)
                0x00000000000078e6                udivmodsi4
 .text.__divsi3
                0x000000000000796c       0x50 c:/ti/ccs1000/ccs/tools/compiler/msp430-gcc-9.2.0.50_win64/bin/../lib/gcc/msp430-elf/9.2.0/large\libgcc.a(lib2divSI.o)
                0x000000000000796c                __mspabi_divli
 .text.__udivsi3
                0x00000000000079bc       0x12 c:/ti/ccs1000/ccs/tools/compiler/msp430-gcc-9.2.0.50_win64/bin/../lib/gcc/msp430-elf/9.2.0/large\libgcc.a(lib2divSI.o)
                0x00000000000079bc                __mspabi_divlu
                0x00000000000079bc                __mspabi_divul
 .text.__umodsi3
                0x00000000000079ce       0x12 c:/ti/ccs1000/ccs/tools/compiler/msp430-gcc-9.2.0.50_win64/bin/../lib/gcc/msp430-elf/9.2.0/large\libgcc.a(lib2divSI.o)
                0x00000000000079ce                __mspabi_remul
 .text.__mspabi_slll_n
                0x00000000000079e0       0x3e c:/ti/ccs1000/ccs/tools/compiler/msp430-gcc-9.2.0.50_win64/bin/../lib/gcc/msp430-elf/9.2.0/large\libgcc.a(slli.o)
                0x00000000000079e0                __mspabi_slll_15
                0x00000000000079e4                __mspabi_slll_14
                0x00000000000079e8                __mspabi_slll_13
                0x00000000000079ec                __mspabi_slll_12
                0x00000000000079f0                __mspabi_slll_11
                0x00000000000079f4                __mspabi_slll_10
                0x00000000000079f8                __mspabi_slll_9
                0x00000000000079fc                __mspabi_slll_8
                0x0000000000007a00                __mspabi_slll_7
                0x0000000000007a04                __mspabi_slll_6
                0x0000000000007a08                __mspabi_slll_5
                0x0000000000007a0c                __mspabi_slll_4
                0x0000000000007a10                __mspabi_slll_3
                0x0000000000007a14                __mspabi_slll_2
                0x0000000000007a18                __mspabi_slll_1
 .text.__mspabi_slll
                0x0000000000007a1e        0xc c:/ti/ccs1000/ccs/tools/compiler/msp430-gcc-9.2.0.50_win64/bin/../lib/gcc/msp430-elf/9.2.0/large\libgcc.a(slli.o)
                0x0000000000007a24                __mspabi_slll
 .text.__mspabi_sllll
                0x0000000000007a2a       0x1e c:/ti/ccs1000/ccs/tools/compiler/msp430-gcc-9.2.0.50_win64/bin/../lib/gcc/msp430-elf/9.2.0/large\libgcc.a(slli.o)
                0x0000000000007a2a                __mspabi_sllll
 .text.__mspabi_srll_n
                0x0000000000007a48       0x5c c:/ti/ccs1000/ccs/tools/compiler/msp430-gcc-9.2.0.50_win64/bin/../lib/gcc/msp430-elf/9.2.0/large\libgcc.a(srli.o)
                0x0000000000007a48                __mspabi_srll_15
                0x0000000000007a4e                __mspabi_srll_14
                0x0000000000007a54                __mspabi_srll_13
                0x0000000000007a5a                __mspabi_srll_12
                0x0000000000007a60                __mspabi_srll_11
                0x0000000000007a66                __mspabi_srll_10
                0x0000000000007a6c                __mspabi_srll_9
                0x0000000000007a72                __mspabi_srll_8
                0x0000000000007a78                __mspabi_srll_7
                0x0000000000007a7e                __mspabi_srll_6
                0x0000000000007a84                __mspabi_srll_5
                0x0000000000007a8a                __mspabi_srll_4
                0x0000000000007a90                __mspabi_srll_3
                0x0000000000007a96                __mspabi_srll_2
                0x0000000000007a9c                __mspabi_srll_1
 .text.__mspabi_srll
                0x0000000000007aa4        0xe c:/ti/ccs1000/ccs/tools/compiler/msp430-gcc-9.2.0.50_win64/bin/../lib/gcc/msp430-elf/9.2.0/large\libgcc.a(srli.o)
                0x0000000000007aac                __mspabi_srll
 .text.__mspabi_srlll
                0x0000000000007ab2       0x20 c:/ti/ccs1000/ccs/tools/compiler/msp430-gcc-9.2.0.50_win64/bin/../lib/gcc/msp430-elf/9.2.0/large\libgcc.a(srli.o)
                0x0000000000007ab2                __mspabi_srlll
 .text.__clzsi2
                0x0000000000007ad2       0x50 c:/ti/ccs1000/ccs/tools/compiler/msp430-gcc-9.2.0.50_win64/bin/../lib/gcc/msp430-elf/9.2.0/large\libgcc.a(_clzsi2.o)
                0x0000000000007ad2                __clzsi2
 .text.__pack_f
                0x0000000000007b22      0x156 c:/ti/ccs1000/ccs/tools/compiler/msp430-gcc-9.2.0.50_win64/bin/../lib/gcc/msp430-elf/9.2.0/large\libgcc.a(_pack_sf.o)
                0x0000000000007b22                __pack_f
 .text.__unpack_f
                0x0000000000007c78       0xde c:/ti/ccs1000/ccs/tools/compiler/msp430-gcc-9.2.0.50_win64/bin/../lib/gcc/msp430-elf/9.2.0/large\libgcc.a(_unpack_sf.o)
                0x0000000000007c78                __unpack_f
 .text.__fpcmp_parts_f
                0x0000000000007d56       0xa2 c:/ti/ccs1000/ccs/tools/compiler/msp430-gcc-9.2.0.50_win64/bin/../lib/gcc/msp430-elf/9.2.0/large\libgcc.a(_fpcmp_parts_sf.o)
                0x0000000000007d56                __fpcmp_parts_f
 .text.__pack_d
                0x0000000000007df8      0x296 c:/ti/ccs1000/ccs/tools/compiler/msp430-gcc-9.2.0.50_win64/bin/../lib/gcc/msp430-elf/9.2.0/large\libgcc.a(_pack_df.o)
                0x0000000000007df8                __pack_d
 .text.__unpack_d
                0x000000000000808e      0x144 c:/ti/ccs1000/ccs/tools/compiler/msp430-gcc-9.2.0.50_win64/bin/../lib/gcc/msp430-elf/9.2.0/large\libgcc.a(_unpack_df.o)
                0x000000000000808e                __unpack_d
 .text.__fpcmp_parts_d
                0x00000000000081d2       0xd2 c:/ti/ccs1000/ccs/tools/compiler/msp430-gcc-9.2.0.50_win64/bin/../lib/gcc/msp430-elf/9.2.0/large\libgcc.a(_fpcmp_parts_df.o)
                0x00000000000081d2                __fpcmp_parts_d
 .text.malloc   0x00000000000082a4        0xc c:/ti/ccs1000/ccs/tools/compiler/msp430-gcc-9.2.0.50_win64/bin/../lib/gcc/msp430-elf/9.2.0/../../../../msp430-elf/lib/large\libc.a(lib_a-malloc.o)
                0x00000000000082a4                malloc
 .text.free     0x00000000000082b0        0xc c:/ti/ccs1000/ccs/tools/compiler/msp430-gcc-9.2.0.50_win64/bin/../lib/gcc/msp430-elf/9.2.0/../../../../msp430-elf/lib/large\libc.a(lib_a-malloc.o)
                0x00000000000082b0                free
 .text.memcpy   0x00000000000082bc       0x30 c:/ti/ccs1000/ccs/tools/compiler/msp430-gcc-9.2.0.50_win64/bin/../lib/gcc/msp430-elf/9.2.0/../../../../msp430-elf/lib/large\libc.a(lib_a-memcpy.o)
                0x00000000000082bc                memcpy
 .text._free_r  0x00000000000082ec      0x12a c:/ti/ccs1000/ccs/tools/compiler/msp430-gcc-9.2.0.50_win64/bin/../lib/gcc/msp430-elf/9.2.0/../../../../msp430-elf/lib/large\libc.a(lib_a-nano-freer.o)
                0x00000000000082ec                _free_r
 .text._malloc_r
                0x0000000000008416      0x132 c:/ti/ccs1000/ccs/tools/compiler/msp430-gcc-9.2.0.50_win64/bin/../lib/gcc/msp430-elf/9.2.0/../../../../msp430-elf/lib/large\libc.a(lib_a-nano-mallocr.o)
                0x0000000000008416                _malloc_r
 .text._sbrk_r  0x0000000000008548       0x24 c:/ti/ccs1000/ccs/tools/compiler/msp430-gcc-9.2.0.50_win64/bin/../lib/gcc/msp430-elf/9.2.0/../../../../msp430-elf/lib/large\libc.a(lib_a-sbrkr.o)
                0x0000000000008548                _sbrk_r
 .text.strlen   0x000000000000856c       0x18 c:/ti/ccs1000/ccs/tools/compiler/msp430-gcc-9.2.0.50_win64/bin/../lib/gcc/msp430-elf/9.2.0/../../../../msp430-elf/lib/large\libc.a(lib_a-strlen.o)
                0x000000000000856c                strlen
 .text.strstr   0x0000000000008584       0x50 c:/ti/ccs1000/ccs/tools/compiler/msp430-gcc-9.2.0.50_win64/bin/../lib/gcc/msp430-elf/9.2.0/../../../../msp430-elf/lib/large\libc.a(lib_a-strstr.o)
                0x0000000000008584                strstr
 .text.__mulhisi2
                0x00000000000085d4       0x1a c:/ti/ccs1000/ccs/tools/compiler/msp430-gcc-9.2.0.50_win64/bin/../lib/gcc/msp430-elf/9.2.0/large\libmul_f5.a(lib2hw_mul_f5.o)
                0x00000000000085d4                __mspabi_mpysl
                0x00000000000085d4                __mspabi_mpysl_f5hw
                0x00000000000085d4                __mulhisi2
 .text.__umulhisi2
                0x00000000000085ee       0x1a c:/ti/ccs1000/ccs/tools/compiler/msp430-gcc-9.2.0.50_win64/bin/../lib/gcc/msp430-elf/9.2.0/large\libmul_f5.a(lib2hw_mul_f5.o)
                0x00000000000085ee                __mspabi_mpyul_f5hw
                0x00000000000085ee                __mspabi_mpyul
                0x00000000000085ee                __umulhisi2
 .text.__mulsi2_f5
                0x0000000000008608       0x22 c:/ti/ccs1000/ccs/tools/compiler/msp430-gcc-9.2.0.50_win64/bin/../lib/gcc/msp430-elf/9.2.0/large\libmul_f5.a(lib2hw_mul_f5.o)
                0x0000000000008608                __mspabi_mpyl_f5hw
                0x0000000000008608                __mulsi2_f5
                0x0000000000008608                __mspabi_mpyl
 .text._sbrk    0x000000000000862a       0x3e c:/ti/ccs1000/ccs/tools/compiler/msp430-gcc-9.2.0.50_win64/bin/../lib/gcc/msp430-elf/9.2.0/../../../../msp430-elf/lib/large\libnosys.a(sbrk.o)
                0x000000000000862a                sbrk
                0x000000000000862a                _sbrk
 .text.write    0x0000000000008668       0x82 c:/ti/ccs1000/ccs/tools/compiler/msp430-gcc-9.2.0.50_win64/bin/../lib/gcc/msp430-elf/9.2.0/../../../../msp430-elf/lib/large\libnosys.a(write.o)
                0x0000000000008668                write
 .text          0x00000000000086ea        0x4 c:/ti/ccs1000/ccs/tools/compiler/msp430-gcc-9.2.0.50_win64/bin/../lib/gcc/msp430-elf/9.2.0/../../../../msp430-elf/lib/large\libnosys.a(cio.o)
                0x00000000000086ea                _libgloss_cio_hook
                0x00000000000086ea                C$$IO$$
 .text.abort    0x00000000000086ee        0xe c:/ti/ccs1000/ccs/tools/compiler/msp430-gcc-9.2.0.50_win64/bin/../lib/gcc/msp430-elf/9.2.0/../../../../msp430-elf/lib/large\libc.a(lib_a-abort.o)
                0x00000000000086ee                abort
 .text.memmove  0x00000000000086fc       0x66 c:/ti/ccs1000/ccs/tools/compiler/msp430-gcc-9.2.0.50_win64/bin/../lib/gcc/msp430-elf/9.2.0/../../../../msp430-elf/lib/large\libc.a(lib_a-memmove.o)
                0x00000000000086fc                memmove
 .text.memset   0x0000000000008762       0x1a c:/ti/ccs1000/ccs/tools/compiler/msp430-gcc-9.2.0.50_win64/bin/../lib/gcc/msp430-elf/9.2.0/../../../../msp430-elf/lib/large\libc.a(lib_a-memset.o)
                0x0000000000008762                memset
 .text._raise_r
                0x000000000000877c       0x72 c:/ti/ccs1000/ccs/tools/compiler/msp430-gcc-9.2.0.50_win64/bin/../lib/gcc/msp430-elf/9.2.0/../../../../msp430-elf/lib/large\libc.a(lib_a-signal.o)
                0x000000000000877c                _raise_r
 .text.raise    0x00000000000087ee        0xc c:/ti/ccs1000/ccs/tools/compiler/msp430-gcc-9.2.0.50_win64/bin/../lib/gcc/msp430-elf/9.2.0/../../../../msp430-elf/lib/large\libc.a(lib_a-signal.o)
                0x00000000000087ee                raise
 .text._kill_r  0x00000000000087fa       0x24 c:/ti/ccs1000/ccs/tools/compiler/msp430-gcc-9.2.0.50_win64/bin/../lib/gcc/msp430-elf/9.2.0/../../../../msp430-elf/lib/large\libc.a(lib_a-signalr.o)
                0x00000000000087fa                _kill_r
 .text._getpid_r
                0x000000000000881e        0x6 c:/ti/ccs1000/ccs/tools/compiler/msp430-gcc-9.2.0.50_win64/bin/../lib/gcc/msp430-elf/9.2.0/../../../../msp430-elf/lib/large\libc.a(lib_a-signalr.o)
                0x000000000000881e                _getpid_r
 .text.getpid   0x0000000000008824        0x6 c:/ti/ccs1000/ccs/tools/compiler/msp430-gcc-9.2.0.50_win64/bin/../lib/gcc/msp430-elf/9.2.0/../../../../msp430-elf/lib/large\libnosys.a(ciosyscalls.o)
                0x0000000000008824                getpid
 .text.kill     0x000000000000882a       0x10 c:/ti/ccs1000/ccs/tools/compiler/msp430-gcc-9.2.0.50_win64/bin/../lib/gcc/msp430-elf/9.2.0/../../../../msp430-elf/lib/large\libnosys.a(ciosyscalls.o)
                0x000000000000882a                kill
 .text.exit     0x000000000000883a        0x4 c:/ti/ccs1000/ccs/tools/compiler/msp430-gcc-9.2.0.50_win64/bin/../lib/gcc/msp430-elf/9.2.0/../../../../msp430-elf/lib/large\libnosys.a(exit.o)
                0x000000000000883a                _exit
                0x000000000000883a                exit
 .text.__errno  0x000000000000883e        0x6 c:/ti/ccs1000/ccs/tools/compiler/msp430-gcc-9.2.0.50_win64/bin/../lib/gcc/msp430-elf/9.2.0/../../../../msp430-elf/lib/large\libc.a(lib_a-errno.o)
                0x000000000000883e                __errno
 *(.text.*personality*)
 *(.gnu.warning)
 *(.interp .hash .dynsym .dynstr .gnu.version*)
                [!provide]                        PROVIDE (__etext = .)
                [!provide]                        PROVIDE (_etext = .)
                [!provide]                        PROVIDE (etext = .)
                0x0000000000008844                . = ALIGN (0x2)
 *(.init)
 *(.fini)
 *(.tm_clone_table)

.upper.text     0x0000000000010002        0x0
                0x0000000000010002                . = ALIGN (0x2)
 *(.upper.text.* .upper.text)

.infoD

.infoC

.infoB

.infoA

.MSP430.attributes
                0x0000000000000000       0x26
 *(.MSP430.attributes)
 .MSP430.attributes
                0x0000000000000000       0x26 c:/ti/ccs1000/ccs/tools/compiler/msp430-gcc-9.2.0.50_win64/bin/../lib/gcc/msp430-elf/9.2.0/../../../../msp430-elf/lib/large/crt0.o
 .MSP430.attributes
                0x0000000000000026       0x26 c:/ti/ccs1000/ccs/tools/compiler/msp430-gcc-9.2.0.50_win64/bin/../lib/gcc/msp430-elf/9.2.0/large/crtbegin_no_eh.o
 .MSP430.attributes
                0x000000000000004c       0x26 ./main.o
 .MSP430.attributes
                0x0000000000000072       0x26 ./timer_a0.o
 .MSP430.attributes
                0x0000000000000098       0x26 ./timer_a1.o
 .MSP430.attributes
                0x00000000000000be       0x26 ./timer_a2.o
 .MSP430.attributes
                0x00000000000000e4       0x26 ./ui.o
 .MSP430.attributes
                0x000000000000010a       0x26 ./driverlib/MSP430FR5xx_6xx/adc12_b.o
 .MSP430.attributes
                0x0000000000000130       0x26 ./driverlib/MSP430FR5xx_6xx/aes256.o
 .MSP430.attributes
                0x0000000000000156       0x26 ./driverlib/MSP430FR5xx_6xx/comp_e.o
 .MSP430.attributes
                0x000000000000017c       0x26 ./driverlib/MSP430FR5xx_6xx/crc.o
 .MSP430.attributes
                0x00000000000001a2       0x26 ./driverlib/MSP430FR5xx_6xx/crc32.o
 .MSP430.attributes
                0x00000000000001c8       0x26 ./driverlib/MSP430FR5xx_6xx/cs.o
 .MSP430.attributes
                0x00000000000001ee       0x26 ./driverlib/MSP430FR5xx_6xx/dma.o
 .MSP430.attributes
                0x0000000000000214       0x26 ./driverlib/MSP430FR5xx_6xx/esi.o
 .MSP430.attributes
                0x000000000000023a       0x26 ./driverlib/MSP430FR5xx_6xx/eusci_a_spi.o
 .MSP430.attributes
                0x0000000000000260       0x26 ./driverlib/MSP430FR5xx_6xx/eusci_a_uart.o
 .MSP430.attributes
                0x0000000000000286       0x26 ./driverlib/MSP430FR5xx_6xx/eusci_b_i2c.o
 .MSP430.attributes
                0x00000000000002ac       0x26 ./driverlib/MSP430FR5xx_6xx/eusci_b_spi.o
 .MSP430.attributes
                0x00000000000002d2       0x26 ./driverlib/MSP430FR5xx_6xx/framctl.o
 .MSP430.attributes
                0x00000000000002f8       0x26 ./driverlib/MSP430FR5xx_6xx/framctl_a.o
 .MSP430.attributes
                0x000000000000031e       0x26 ./driverlib/MSP430FR5xx_6xx/gpio.o
 .MSP430.attributes
                0x0000000000000344       0x26 ./driverlib/MSP430FR5xx_6xx/hspll.o
 .MSP430.attributes
                0x000000000000036a       0x26 ./driverlib/MSP430FR5xx_6xx/lcd_c.o
 .MSP430.attributes
                0x0000000000000390       0x26 ./driverlib/MSP430FR5xx_6xx/mpu.o
 .MSP430.attributes
                0x00000000000003b6       0x26 ./driverlib/MSP430FR5xx_6xx/mpy32.o
 .MSP430.attributes
                0x00000000000003dc       0x26 ./driverlib/MSP430FR5xx_6xx/mtif.o
 .MSP430.attributes
                0x0000000000000402       0x26 ./driverlib/MSP430FR5xx_6xx/pmm.o
 .MSP430.attributes
                0x0000000000000428       0x26 ./driverlib/MSP430FR5xx_6xx/ram.o
 .MSP430.attributes
                0x000000000000044e       0x26 ./driverlib/MSP430FR5xx_6xx/ref_a.o
 .MSP430.attributes
                0x0000000000000474       0x26 ./driverlib/MSP430FR5xx_6xx/rtc_b.o
 .MSP430.attributes
                0x000000000000049a       0x26 ./driverlib/MSP430FR5xx_6xx/rtc_c.o
 .MSP430.attributes
                0x00000000000004c0       0x26 ./driverlib/MSP430FR5xx_6xx/saph.o
 .MSP430.attributes
                0x00000000000004e6       0x26 ./driverlib/MSP430FR5xx_6xx/saph_a.o
 .MSP430.attributes
                0x000000000000050c       0x26 ./driverlib/MSP430FR5xx_6xx/sdhs.o
 .MSP430.attributes
                0x0000000000000532       0x26 ./driverlib/MSP430FR5xx_6xx/sfr.o
 .MSP430.attributes
                0x0000000000000558       0x26 ./driverlib/MSP430FR5xx_6xx/sysctl.o
 .MSP430.attributes
                0x000000000000057e       0x26 ./driverlib/MSP430FR5xx_6xx/timer_a.o
 .MSP430.attributes
                0x00000000000005a4       0x26 ./driverlib/MSP430FR5xx_6xx/timer_b.o
 .MSP430.attributes
                0x00000000000005ca       0x26 ./driverlib/MSP430FR5xx_6xx/tlv.o
 .MSP430.attributes
                0x00000000000005f0       0x26 ./driverlib/MSP430FR5xx_6xx/uups.o
 .MSP430.attributes
                0x0000000000000616       0x26 ./driverlib/MSP430FR5xx_6xx/wdt_a.o
 .MSP430.attributes
                0x000000000000063c       0x26 ./glue/ad7789.o
 .MSP430.attributes
                0x0000000000000662       0x26 ./glue/ds3231.o
 .MSP430.attributes
                0x0000000000000688       0x26 ./glue/ds3234.o
 .MSP430.attributes
                0x00000000000006ae       0x26 ./glue/fm24.o
 .MSP430.attributes
                0x00000000000006d4       0x26 ./glue/fm24_memtest.o
 .MSP430.attributes
                0x00000000000006fa       0x26 ./glue/helper.o
 .MSP430.attributes
                0x0000000000000720       0x26 ./glue/hsc_ssc.o
 .MSP430.attributes
                0x0000000000000746       0x26 ./glue/i2c.o
 .MSP430.attributes
                0x000000000000076c       0x26 ./glue/serial_bitbang.o
 .MSP430.attributes
                0x0000000000000792       0x26 ./glue/sht1x.o
 .MSP430.attributes
                0x00000000000007b8       0x26 ./glue/spi.o
 .MSP430.attributes
                0x00000000000007de       0x26 ./glue/sys_messagebus.o
 .MSP430.attributes
                0x0000000000000804       0x26 ./glue/uart0.o
 .MSP430.attributes
                0x000000000000082a       0x26 ./glue/uart1.o
 .MSP430.attributes
                0x0000000000000850       0x26 c:/ti/ccs1000/ccs/tools/compiler/msp430-gcc-9.2.0.50_win64/bin/../lib/gcc/msp430-elf/9.2.0/large\libgcc.a(_addsub_sf.o)
 .MSP430.attributes
                0x0000000000000876       0x26 c:/ti/ccs1000/ccs/tools/compiler/msp430-gcc-9.2.0.50_win64/bin/../lib/gcc/msp430-elf/9.2.0/large\libgcc.a(_mul_sf.o)
 .MSP430.attributes
                0x000000000000089c       0x26 c:/ti/ccs1000/ccs/tools/compiler/msp430-gcc-9.2.0.50_win64/bin/../lib/gcc/msp430-elf/9.2.0/large\libgcc.a(_div_sf.o)
 .MSP430.attributes
                0x00000000000008c2       0x26 c:/ti/ccs1000/ccs/tools/compiler/msp430-gcc-9.2.0.50_win64/bin/../lib/gcc/msp430-elf/9.2.0/large\libgcc.a(_eq_sf.o)
 .MSP430.attributes
                0x00000000000008e8       0x26 c:/ti/ccs1000/ccs/tools/compiler/msp430-gcc-9.2.0.50_win64/bin/../lib/gcc/msp430-elf/9.2.0/large\libgcc.a(_gt_sf.o)
 .MSP430.attributes
                0x000000000000090e       0x26 c:/ti/ccs1000/ccs/tools/compiler/msp430-gcc-9.2.0.50_win64/bin/../lib/gcc/msp430-elf/9.2.0/large\libgcc.a(_lt_sf.o)
 .MSP430.attributes
                0x0000000000000934       0x26 c:/ti/ccs1000/ccs/tools/compiler/msp430-gcc-9.2.0.50_win64/bin/../lib/gcc/msp430-elf/9.2.0/large\libgcc.a(_si_to_sf.o)
 .MSP430.attributes
                0x000000000000095a       0x26 c:/ti/ccs1000/ccs/tools/compiler/msp430-gcc-9.2.0.50_win64/bin/../lib/gcc/msp430-elf/9.2.0/large\libgcc.a(_sf_to_df.o)
 .MSP430.attributes
                0x0000000000000980       0x26 c:/ti/ccs1000/ccs/tools/compiler/msp430-gcc-9.2.0.50_win64/bin/../lib/gcc/msp430-elf/9.2.0/large\libgcc.a(_thenan_sf.o)
 .MSP430.attributes
                0x00000000000009a6       0x26 c:/ti/ccs1000/ccs/tools/compiler/msp430-gcc-9.2.0.50_win64/bin/../lib/gcc/msp430-elf/9.2.0/large\libgcc.a(_gt_df.o)
 .MSP430.attributes
                0x00000000000009cc       0x26 c:/ti/ccs1000/ccs/tools/compiler/msp430-gcc-9.2.0.50_win64/bin/../lib/gcc/msp430-elf/9.2.0/large\libgcc.a(_lt_df.o)
 .MSP430.attributes
                0x00000000000009f2       0x26 c:/ti/ccs1000/ccs/tools/compiler/msp430-gcc-9.2.0.50_win64/bin/../lib/gcc/msp430-elf/9.2.0/large\libgcc.a(_make_df.o)
 .MSP430.attributes
                0x0000000000000a18       0x26 c:/ti/ccs1000/ccs/tools/compiler/msp430-gcc-9.2.0.50_win64/bin/../lib/gcc/msp430-elf/9.2.0/large\libgcc.a(lib2divHI.o)
 .MSP430.attributes
                0x0000000000000a3e       0x26 c:/ti/ccs1000/ccs/tools/compiler/msp430-gcc-9.2.0.50_win64/bin/../lib/gcc/msp430-elf/9.2.0/large\libgcc.a(lib2divSI.o)
 .MSP430.attributes
                0x0000000000000a64       0x26 c:/ti/ccs1000/ccs/tools/compiler/msp430-gcc-9.2.0.50_win64/bin/../lib/gcc/msp430-elf/9.2.0/large\libgcc.a(slli.o)
 .MSP430.attributes
                0x0000000000000a8a       0x26 c:/ti/ccs1000/ccs/tools/compiler/msp430-gcc-9.2.0.50_win64/bin/../lib/gcc/msp430-elf/9.2.0/large\libgcc.a(srai.o)
 .MSP430.attributes
                0x0000000000000ab0       0x26 c:/ti/ccs1000/ccs/tools/compiler/msp430-gcc-9.2.0.50_win64/bin/../lib/gcc/msp430-elf/9.2.0/large\libgcc.a(srli.o)
 .MSP430.attributes
                0x0000000000000ad6       0x26 c:/ti/ccs1000/ccs/tools/compiler/msp430-gcc-9.2.0.50_win64/bin/../lib/gcc/msp430-elf/9.2.0/large\libgcc.a(_clzsi2.o)
 .MSP430.attributes
                0x0000000000000afc       0x26 c:/ti/ccs1000/ccs/tools/compiler/msp430-gcc-9.2.0.50_win64/bin/../lib/gcc/msp430-elf/9.2.0/large\libgcc.a(_udivdi3.o)
 .MSP430.attributes
                0x0000000000000b22       0x26 c:/ti/ccs1000/ccs/tools/compiler/msp430-gcc-9.2.0.50_win64/bin/../lib/gcc/msp430-elf/9.2.0/large\libgcc.a(_pack_sf.o)
 .MSP430.attributes
                0x0000000000000b48       0x26 c:/ti/ccs1000/ccs/tools/compiler/msp430-gcc-9.2.0.50_win64/bin/../lib/gcc/msp430-elf/9.2.0/large\libgcc.a(_unpack_sf.o)
 .MSP430.attributes
                0x0000000000000b6e       0x26 c:/ti/ccs1000/ccs/tools/compiler/msp430-gcc-9.2.0.50_win64/bin/../lib/gcc/msp430-elf/9.2.0/large\libgcc.a(_fpcmp_parts_sf.o)
 .MSP430.attributes
                0x0000000000000b94       0x26 c:/ti/ccs1000/ccs/tools/compiler/msp430-gcc-9.2.0.50_win64/bin/../lib/gcc/msp430-elf/9.2.0/large\libgcc.a(_pack_df.o)
 .MSP430.attributes
                0x0000000000000bba       0x26 c:/ti/ccs1000/ccs/tools/compiler/msp430-gcc-9.2.0.50_win64/bin/../lib/gcc/msp430-elf/9.2.0/large\libgcc.a(_unpack_df.o)
 .MSP430.attributes
                0x0000000000000be0       0x26 c:/ti/ccs1000/ccs/tools/compiler/msp430-gcc-9.2.0.50_win64/bin/../lib/gcc/msp430-elf/9.2.0/large\libgcc.a(_fpcmp_parts_df.o)
 .MSP430.attributes
                0x0000000000000c06       0x26 c:/ti/ccs1000/ccs/tools/compiler/msp430-gcc-9.2.0.50_win64/bin/../lib/gcc/msp430-elf/9.2.0/large\libgcc.a(_clz.o)
 .MSP430.attributes
                0x0000000000000c2c       0x26 c:/ti/ccs1000/ccs/tools/compiler/msp430-gcc-9.2.0.50_win64/bin/../lib/gcc/msp430-elf/9.2.0/large\libgcc.a(_clzdi2.o)
 .MSP430.attributes
                0x0000000000000c52       0x26 c:/ti/ccs1000/ccs/tools/compiler/msp430-gcc-9.2.0.50_win64/bin/../lib/gcc/msp430-elf/9.2.0/../../../../msp430-elf/lib/large\libc.a(lib_a-malloc.o)
 .MSP430.attributes
                0x0000000000000c78       0x26 c:/ti/ccs1000/ccs/tools/compiler/msp430-gcc-9.2.0.50_win64/bin/../lib/gcc/msp430-elf/9.2.0/../../../../msp430-elf/lib/large\libc.a(lib_a-memcpy.o)
 .MSP430.attributes
                0x0000000000000c9e       0x26 c:/ti/ccs1000/ccs/tools/compiler/msp430-gcc-9.2.0.50_win64/bin/../lib/gcc/msp430-elf/9.2.0/../../../../msp430-elf/lib/large\libc.a(lib_a-nano-freer.o)
 .MSP430.attributes
                0x0000000000000cc4       0x26 c:/ti/ccs1000/ccs/tools/compiler/msp430-gcc-9.2.0.50_win64/bin/../lib/gcc/msp430-elf/9.2.0/../../../../msp430-elf/lib/large\libc.a(lib_a-nano-mallocr.o)
 .MSP430.attributes
                0x0000000000000cea       0x26 c:/ti/ccs1000/ccs/tools/compiler/msp430-gcc-9.2.0.50_win64/bin/../lib/gcc/msp430-elf/9.2.0/../../../../msp430-elf/lib/large\libc.a(lib_a-sbrkr.o)
 .MSP430.attributes
                0x0000000000000d10       0x26 c:/ti/ccs1000/ccs/tools/compiler/msp430-gcc-9.2.0.50_win64/bin/../lib/gcc/msp430-elf/9.2.0/../../../../msp430-elf/lib/large\libc.a(lib_a-strlen.o)
 .MSP430.attributes
                0x0000000000000d36       0x26 c:/ti/ccs1000/ccs/tools/compiler/msp430-gcc-9.2.0.50_win64/bin/../lib/gcc/msp430-elf/9.2.0/../../../../msp430-elf/lib/large\libc.a(lib_a-strstr.o)
 .MSP430.attributes
                0x0000000000000d5c       0x26 c:/ti/ccs1000/ccs/tools/compiler/msp430-gcc-9.2.0.50_win64/bin/../lib/gcc/msp430-elf/9.2.0/../../../../msp430-elf/lib/large\libc.a(lib_a-impure.o)
 .MSP430.attributes
                0x0000000000000d82       0x26 c:/ti/ccs1000/ccs/tools/compiler/msp430-gcc-9.2.0.50_win64/bin/../lib/gcc/msp430-elf/9.2.0/../../../../msp430-elf/lib/large\libc.a(lib_a-reent.o)
 .MSP430.attributes
                0x0000000000000da8       0x26 c:/ti/ccs1000/ccs/tools/compiler/msp430-gcc-9.2.0.50_win64/bin/../lib/gcc/msp430-elf/9.2.0/large\libmul_f5.a(lib2hw_mul_f5.o)
 .MSP430.attributes
                0x0000000000000dce       0x26 c:/ti/ccs1000/ccs/tools/compiler/msp430-gcc-9.2.0.50_win64/bin/../lib/gcc/msp430-elf/9.2.0/large\libgcc.a(_muldi3.o)
 .MSP430.attributes
                0x0000000000000df4       0x26 c:/ti/ccs1000/ccs/tools/compiler/msp430-gcc-9.2.0.50_win64/bin/../lib/gcc/msp430-elf/9.2.0/../../../../msp430-elf/lib/large\libcrt.a(crt_bss.o)
 .MSP430.attributes
                0x0000000000000e1a       0x26 c:/ti/ccs1000/ccs/tools/compiler/msp430-gcc-9.2.0.50_win64/bin/../lib/gcc/msp430-elf/9.2.0/../../../../msp430-elf/lib/large\libcrt.a(crt_movedata.o)
 .MSP430.attributes
                0x0000000000000e40       0x26 c:/ti/ccs1000/ccs/tools/compiler/msp430-gcc-9.2.0.50_win64/bin/../lib/gcc/msp430-elf/9.2.0/../../../../msp430-elf/lib/large\libcrt.a(crt_main.o)
 .MSP430.attributes
                0x0000000000000e66       0x26 c:/ti/ccs1000/ccs/tools/compiler/msp430-gcc-9.2.0.50_win64/bin/../lib/gcc/msp430-elf/9.2.0/../../../../msp430-elf/lib/large\libnosys.a(sbrk.o)
 .MSP430.attributes
                0x0000000000000e8c       0x26 c:/ti/ccs1000/ccs/tools/compiler/msp430-gcc-9.2.0.50_win64/bin/../lib/gcc/msp430-elf/9.2.0/../../../../msp430-elf/lib/large\libnosys.a(write.o)
 .MSP430.attributes
                0x0000000000000eb2       0x26 c:/ti/ccs1000/ccs/tools/compiler/msp430-gcc-9.2.0.50_win64/bin/../lib/gcc/msp430-elf/9.2.0/../../../../msp430-elf/lib/large\libnosys.a(cio.o)
 .MSP430.attributes
                0x0000000000000ed8       0x26 c:/ti/ccs1000/ccs/tools/compiler/msp430-gcc-9.2.0.50_win64/bin/../lib/gcc/msp430-elf/9.2.0/../../../../msp430-elf/lib/large\libc.a(lib_a-abort.o)
 .MSP430.attributes
                0x0000000000000efe       0x26 c:/ti/ccs1000/ccs/tools/compiler/msp430-gcc-9.2.0.50_win64/bin/../lib/gcc/msp430-elf/9.2.0/../../../../msp430-elf/lib/large\libc.a(lib_a-memmove.o)
 .MSP430.attributes
                0x0000000000000f24       0x26 c:/ti/ccs1000/ccs/tools/compiler/msp430-gcc-9.2.0.50_win64/bin/../lib/gcc/msp430-elf/9.2.0/../../../../msp430-elf/lib/large\libc.a(lib_a-memset.o)
 .MSP430.attributes
                0x0000000000000f4a       0x26 c:/ti/ccs1000/ccs/tools/compiler/msp430-gcc-9.2.0.50_win64/bin/../lib/gcc/msp430-elf/9.2.0/../../../../msp430-elf/lib/large\libc.a(lib_a-signal.o)
 .MSP430.attributes
                0x0000000000000f70       0x26 c:/ti/ccs1000/ccs/tools/compiler/msp430-gcc-9.2.0.50_win64/bin/../lib/gcc/msp430-elf/9.2.0/../../../../msp430-elf/lib/large\libc.a(lib_a-signalr.o)
 .MSP430.attributes
                0x0000000000000f96       0x26 c:/ti/ccs1000/ccs/tools/compiler/msp430-gcc-9.2.0.50_win64/bin/../lib/gcc/msp430-elf/9.2.0/../../../../msp430-elf/lib/large\libnosys.a(ciosyscalls.o)
 .MSP430.attributes
                0x0000000000000fbc       0x26 c:/ti/ccs1000/ccs/tools/compiler/msp430-gcc-9.2.0.50_win64/bin/../lib/gcc/msp430-elf/9.2.0/../../../../msp430-elf/lib/large\libnosys.a(exit.o)
 .MSP430.attributes
                0x0000000000000fe2       0x26 c:/ti/ccs1000/ccs/tools/compiler/msp430-gcc-9.2.0.50_win64/bin/../lib/gcc/msp430-elf/9.2.0/../../../../msp430-elf/lib/large\libc.a(lib_a-errno.o)
 .MSP430.attributes
                0x0000000000001008       0x26 c:/ti/ccs1000/ccs/tools/compiler/msp430-gcc-9.2.0.50_win64/bin/../lib/gcc/msp430-elf/9.2.0/large/crtend_no_eh.o
 *(.gnu.attributes)
 *(__TI_build_attributes)

.stab
 *(.stab)

.stabstr
 *(.stabstr)

.stab.excl
 *(.stab.excl)

.stab.exclstr
 *(.stab.exclstr)

.stab.index
 *(.stab.index)

.stab.indexstr
 *(.stab.indexstr)

.comment        0x0000000000000000       0x39
 *(.comment)
 .comment       0x0000000000000000       0x39 ./main.o
                                         0x3a (size before relaxing)
 .comment       0x0000000000000039       0x3a ./timer_a0.o
 .comment       0x0000000000000039       0x3a ./timer_a1.o
 .comment       0x0000000000000039       0x3a ./timer_a2.o
 .comment       0x0000000000000039       0x3a ./ui.o
 .comment       0x0000000000000039       0x3a ./driverlib/MSP430FR5xx_6xx/cs.o
 .comment       0x0000000000000039       0x3a ./glue/helper.o
 .comment       0x0000000000000039       0x3a ./glue/sys_messagebus.o
 .comment       0x0000000000000039       0x3a ./glue/uart0.o
 .comment       0x0000000000000039       0x3a ./glue/uart1.o
 .comment       0x0000000000000039       0x3a c:/ti/ccs1000/ccs/tools/compiler/msp430-gcc-9.2.0.50_win64/bin/../lib/gcc/msp430-elf/9.2.0/large\libgcc.a(_addsub_sf.o)
 .comment       0x0000000000000039       0x3a c:/ti/ccs1000/ccs/tools/compiler/msp430-gcc-9.2.0.50_win64/bin/../lib/gcc/msp430-elf/9.2.0/large\libgcc.a(_mul_sf.o)
 .comment       0x0000000000000039       0x3a c:/ti/ccs1000/ccs/tools/compiler/msp430-gcc-9.2.0.50_win64/bin/../lib/gcc/msp430-elf/9.2.0/large\libgcc.a(_div_sf.o)
 .comment       0x0000000000000039       0x3a c:/ti/ccs1000/ccs/tools/compiler/msp430-gcc-9.2.0.50_win64/bin/../lib/gcc/msp430-elf/9.2.0/large\libgcc.a(_eq_sf.o)
 .comment       0x0000000000000039       0x3a c:/ti/ccs1000/ccs/tools/compiler/msp430-gcc-9.2.0.50_win64/bin/../lib/gcc/msp430-elf/9.2.0/large\libgcc.a(_gt_sf.o)
 .comment       0x0000000000000039       0x3a c:/ti/ccs1000/ccs/tools/compiler/msp430-gcc-9.2.0.50_win64/bin/../lib/gcc/msp430-elf/9.2.0/large\libgcc.a(_lt_sf.o)
 .comment       0x0000000000000039       0x3a c:/ti/ccs1000/ccs/tools/compiler/msp430-gcc-9.2.0.50_win64/bin/../lib/gcc/msp430-elf/9.2.0/large\libgcc.a(_si_to_sf.o)
 .comment       0x0000000000000039       0x3a c:/ti/ccs1000/ccs/tools/compiler/msp430-gcc-9.2.0.50_win64/bin/../lib/gcc/msp430-elf/9.2.0/large\libgcc.a(_sf_to_df.o)
 .comment       0x0000000000000039       0x3a c:/ti/ccs1000/ccs/tools/compiler/msp430-gcc-9.2.0.50_win64/bin/../lib/gcc/msp430-elf/9.2.0/large\libgcc.a(_thenan_sf.o)
 .comment       0x0000000000000039       0x3a c:/ti/ccs1000/ccs/tools/compiler/msp430-gcc-9.2.0.50_win64/bin/../lib/gcc/msp430-elf/9.2.0/large\libgcc.a(_gt_df.o)
 .comment       0x0000000000000039       0x3a c:/ti/ccs1000/ccs/tools/compiler/msp430-gcc-9.2.0.50_win64/bin/../lib/gcc/msp430-elf/9.2.0/large\libgcc.a(_lt_df.o)
 .comment       0x0000000000000039       0x3a c:/ti/ccs1000/ccs/tools/compiler/msp430-gcc-9.2.0.50_win64/bin/../lib/gcc/msp430-elf/9.2.0/large\libgcc.a(_make_df.o)
 .comment       0x0000000000000039       0x3a c:/ti/ccs1000/ccs/tools/compiler/msp430-gcc-9.2.0.50_win64/bin/../lib/gcc/msp430-elf/9.2.0/large\libgcc.a(lib2divHI.o)
 .comment       0x0000000000000039       0x3a c:/ti/ccs1000/ccs/tools/compiler/msp430-gcc-9.2.0.50_win64/bin/../lib/gcc/msp430-elf/9.2.0/large\libgcc.a(lib2divSI.o)
 .comment       0x0000000000000039       0x3a c:/ti/ccs1000/ccs/tools/compiler/msp430-gcc-9.2.0.50_win64/bin/../lib/gcc/msp430-elf/9.2.0/large\libgcc.a(_clzsi2.o)
 .comment       0x0000000000000039       0x3a c:/ti/ccs1000/ccs/tools/compiler/msp430-gcc-9.2.0.50_win64/bin/../lib/gcc/msp430-elf/9.2.0/large\libgcc.a(_udivdi3.o)
 .comment       0x0000000000000039       0x3a c:/ti/ccs1000/ccs/tools/compiler/msp430-gcc-9.2.0.50_win64/bin/../lib/gcc/msp430-elf/9.2.0/large\libgcc.a(_pack_sf.o)
 .comment       0x0000000000000039       0x3a c:/ti/ccs1000/ccs/tools/compiler/msp430-gcc-9.2.0.50_win64/bin/../lib/gcc/msp430-elf/9.2.0/large\libgcc.a(_unpack_sf.o)
 .comment       0x0000000000000039       0x3a c:/ti/ccs1000/ccs/tools/compiler/msp430-gcc-9.2.0.50_win64/bin/../lib/gcc/msp430-elf/9.2.0/large\libgcc.a(_fpcmp_parts_sf.o)
 .comment       0x0000000000000039       0x3a c:/ti/ccs1000/ccs/tools/compiler/msp430-gcc-9.2.0.50_win64/bin/../lib/gcc/msp430-elf/9.2.0/large\libgcc.a(_pack_df.o)
 .comment       0x0000000000000039       0x3a c:/ti/ccs1000/ccs/tools/compiler/msp430-gcc-9.2.0.50_win64/bin/../lib/gcc/msp430-elf/9.2.0/large\libgcc.a(_unpack_df.o)
 .comment       0x0000000000000039       0x3a c:/ti/ccs1000/ccs/tools/compiler/msp430-gcc-9.2.0.50_win64/bin/../lib/gcc/msp430-elf/9.2.0/large\libgcc.a(_fpcmp_parts_df.o)
 .comment       0x0000000000000039       0x3a c:/ti/ccs1000/ccs/tools/compiler/msp430-gcc-9.2.0.50_win64/bin/../lib/gcc/msp430-elf/9.2.0/large\libgcc.a(_clz.o)
 .comment       0x0000000000000039       0x3a c:/ti/ccs1000/ccs/tools/compiler/msp430-gcc-9.2.0.50_win64/bin/../lib/gcc/msp430-elf/9.2.0/../../../../msp430-elf/lib/large\libc.a(lib_a-malloc.o)
 .comment       0x0000000000000039       0x3a c:/ti/ccs1000/ccs/tools/compiler/msp430-gcc-9.2.0.50_win64/bin/../lib/gcc/msp430-elf/9.2.0/../../../../msp430-elf/lib/large\libc.a(lib_a-memcpy.o)
 .comment       0x0000000000000039       0x3a c:/ti/ccs1000/ccs/tools/compiler/msp430-gcc-9.2.0.50_win64/bin/../lib/gcc/msp430-elf/9.2.0/../../../../msp430-elf/lib/large\libc.a(lib_a-nano-freer.o)
 .comment       0x0000000000000039       0x3a c:/ti/ccs1000/ccs/tools/compiler/msp430-gcc-9.2.0.50_win64/bin/../lib/gcc/msp430-elf/9.2.0/../../../../msp430-elf/lib/large\libc.a(lib_a-nano-mallocr.o)
 .comment       0x0000000000000039       0x3a c:/ti/ccs1000/ccs/tools/compiler/msp430-gcc-9.2.0.50_win64/bin/../lib/gcc/msp430-elf/9.2.0/../../../../msp430-elf/lib/large\libc.a(lib_a-sbrkr.o)
 .comment       0x0000000000000039       0x3a c:/ti/ccs1000/ccs/tools/compiler/msp430-gcc-9.2.0.50_win64/bin/../lib/gcc/msp430-elf/9.2.0/../../../../msp430-elf/lib/large\libc.a(lib_a-strlen.o)
 .comment       0x0000000000000039       0x3a c:/ti/ccs1000/ccs/tools/compiler/msp430-gcc-9.2.0.50_win64/bin/../lib/gcc/msp430-elf/9.2.0/../../../../msp430-elf/lib/large\libc.a(lib_a-strstr.o)
 .comment       0x0000000000000039       0x3a c:/ti/ccs1000/ccs/tools/compiler/msp430-gcc-9.2.0.50_win64/bin/../lib/gcc/msp430-elf/9.2.0/../../../../msp430-elf/lib/large\libc.a(lib_a-impure.o)
 .comment       0x0000000000000039       0x3a c:/ti/ccs1000/ccs/tools/compiler/msp430-gcc-9.2.0.50_win64/bin/../lib/gcc/msp430-elf/9.2.0/../../../../msp430-elf/lib/large\libc.a(lib_a-reent.o)
 .comment       0x0000000000000039       0x3a c:/ti/ccs1000/ccs/tools/compiler/msp430-gcc-9.2.0.50_win64/bin/../lib/gcc/msp430-elf/9.2.0/../../../../msp430-elf/lib/large\libnosys.a(sbrk.o)
 .comment       0x0000000000000039       0x3a c:/ti/ccs1000/ccs/tools/compiler/msp430-gcc-9.2.0.50_win64/bin/../lib/gcc/msp430-elf/9.2.0/../../../../msp430-elf/lib/large\libnosys.a(write.o)
 .comment       0x0000000000000039       0x3a c:/ti/ccs1000/ccs/tools/compiler/msp430-gcc-9.2.0.50_win64/bin/../lib/gcc/msp430-elf/9.2.0/../../../../msp430-elf/lib/large\libc.a(lib_a-abort.o)
 .comment       0x0000000000000039       0x3a c:/ti/ccs1000/ccs/tools/compiler/msp430-gcc-9.2.0.50_win64/bin/../lib/gcc/msp430-elf/9.2.0/../../../../msp430-elf/lib/large\libc.a(lib_a-memmove.o)
 .comment       0x0000000000000039       0x3a c:/ti/ccs1000/ccs/tools/compiler/msp430-gcc-9.2.0.50_win64/bin/../lib/gcc/msp430-elf/9.2.0/../../../../msp430-elf/lib/large\libc.a(lib_a-memset.o)
 .comment       0x0000000000000039       0x3a c:/ti/ccs1000/ccs/tools/compiler/msp430-gcc-9.2.0.50_win64/bin/../lib/gcc/msp430-elf/9.2.0/../../../../msp430-elf/lib/large\libc.a(lib_a-signal.o)
 .comment       0x0000000000000039       0x3a c:/ti/ccs1000/ccs/tools/compiler/msp430-gcc-9.2.0.50_win64/bin/../lib/gcc/msp430-elf/9.2.0/../../../../msp430-elf/lib/large\libc.a(lib_a-signalr.o)
 .comment       0x0000000000000039       0x3a c:/ti/ccs1000/ccs/tools/compiler/msp430-gcc-9.2.0.50_win64/bin/../lib/gcc/msp430-elf/9.2.0/../../../../msp430-elf/lib/large\libnosys.a(exit.o)
 .comment       0x0000000000000039       0x3a c:/ti/ccs1000/ccs/tools/compiler/msp430-gcc-9.2.0.50_win64/bin/../lib/gcc/msp430-elf/9.2.0/../../../../msp430-elf/lib/large\libc.a(lib_a-errno.o)

.debug
 *(.debug)

.line
 *(.line)

.debug_srcinfo
 *(.debug_srcinfo)

.debug_sfnames
 *(.debug_sfnames)

.debug_aranges  0x0000000000000000      0x248
 *(.debug_aranges)
 .debug_aranges
                0x0000000000000000       0x28 ./main.o
 .debug_aranges
                0x0000000000000028       0x28 ./timer_a0.o
 .debug_aranges
                0x0000000000000050       0x28 ./timer_a1.o
 .debug_aranges
                0x0000000000000078       0x28 ./timer_a2.o
 .debug_aranges
                0x00000000000000a0       0x20 ./ui.o
 .debug_aranges
                0x00000000000000c0       0x20 ./driverlib/MSP430FR5xx_6xx/cs.o
 .debug_aranges
                0x00000000000000e0       0x20 ./glue/helper.o
 .debug_aranges
                0x0000000000000100       0x20 ./glue/sys_messagebus.o
 .debug_aranges
                0x0000000000000120       0x28 ./glue/uart0.o
 .debug_aranges
                0x0000000000000148       0x28 ./glue/uart1.o
 .debug_aranges
                0x0000000000000170       0x20 c:/ti/ccs1000/ccs/tools/compiler/msp430-gcc-9.2.0.50_win64/bin/../lib/gcc/msp430-elf/9.2.0/../../../../msp430-elf/lib/large\libnosys.a(sbrk.o)
 .debug_aranges
                0x0000000000000190       0x20 c:/ti/ccs1000/ccs/tools/compiler/msp430-gcc-9.2.0.50_win64/bin/../lib/gcc/msp430-elf/9.2.0/../../../../msp430-elf/lib/large\libnosys.a(write.o)
 .debug_aranges
                0x00000000000001b0       0x20 c:/ti/ccs1000/ccs/tools/compiler/msp430-gcc-9.2.0.50_win64/bin/../lib/gcc/msp430-elf/9.2.0/../../../../msp430-elf/lib/large\libnosys.a(cio.o)
 .debug_aranges
                0x00000000000001d0       0x58 c:/ti/ccs1000/ccs/tools/compiler/msp430-gcc-9.2.0.50_win64/bin/../lib/gcc/msp430-elf/9.2.0/../../../../msp430-elf/lib/large\libnosys.a(ciosyscalls.o)
 .debug_aranges
                0x0000000000000228       0x20 c:/ti/ccs1000/ccs/tools/compiler/msp430-gcc-9.2.0.50_win64/bin/../lib/gcc/msp430-elf/9.2.0/../../../../msp430-elf/lib/large\libnosys.a(exit.o)

.debug_pubnames
 *(.debug_pubnames)

.debug_info     0x0000000000000000    0x37d76
 *(.debug_info .gnu.linkonce.wi.*)
 .debug_info    0x0000000000000000     0x5fc2 ./main.o
 .debug_info    0x0000000000005fc2     0x5f38 ./timer_a0.o
 .debug_info    0x000000000000befa     0x5f3f ./timer_a1.o
 .debug_info    0x0000000000011e39     0x5fec ./timer_a2.o
 .debug_info    0x0000000000017e25     0x60ee ./ui.o
 .debug_info    0x000000000001df13     0x59e5 ./driverlib/MSP430FR5xx_6xx/cs.o
 .debug_info    0x00000000000238f8     0x19f7 ./glue/helper.o
 .debug_info    0x00000000000252ef     0x5ee5 ./glue/sys_messagebus.o
 .debug_info    0x000000000002b1d4     0x5f90 ./glue/uart0.o
 .debug_info    0x0000000000031164     0x5f64 ./glue/uart1.o
 .debug_info    0x00000000000370c8      0x155 c:/ti/ccs1000/ccs/tools/compiler/msp430-gcc-9.2.0.50_win64/bin/../lib/gcc/msp430-elf/9.2.0/../../../../msp430-elf/lib/large\libnosys.a(sbrk.o)
 .debug_info    0x000000000003721d      0xac2 c:/ti/ccs1000/ccs/tools/compiler/msp430-gcc-9.2.0.50_win64/bin/../lib/gcc/msp430-elf/9.2.0/../../../../msp430-elf/lib/large\libnosys.a(write.o)
 .debug_info    0x0000000000037cdf       0x26 c:/ti/ccs1000/ccs/tools/compiler/msp430-gcc-9.2.0.50_win64/bin/../lib/gcc/msp430-elf/9.2.0/../../../../msp430-elf/lib/large\libnosys.a(cio.o)
 .debug_info    0x0000000000037d05       0x22 c:/ti/ccs1000/ccs/tools/compiler/msp430-gcc-9.2.0.50_win64/bin/../lib/gcc/msp430-elf/9.2.0/../../../../msp430-elf/lib/large\libnosys.a(ciosyscalls.o)
 .debug_info    0x0000000000037d27       0x4f c:/ti/ccs1000/ccs/tools/compiler/msp430-gcc-9.2.0.50_win64/bin/../lib/gcc/msp430-elf/9.2.0/../../../../msp430-elf/lib/large\libnosys.a(exit.o)

.debug_abbrev   0x0000000000000000     0x1b08
 *(.debug_abbrev)
 .debug_abbrev  0x0000000000000000      0x245 ./main.o
 .debug_abbrev  0x0000000000000245      0x239 ./timer_a0.o
 .debug_abbrev  0x000000000000047e      0x248 ./timer_a1.o
 .debug_abbrev  0x00000000000006c6      0x243 ./timer_a2.o
 .debug_abbrev  0x0000000000000909      0x249 ./ui.o
 .debug_abbrev  0x0000000000000b52      0x1a4 ./driverlib/MSP430FR5xx_6xx/cs.o
 .debug_abbrev  0x0000000000000cf6      0x35f ./glue/helper.o
 .debug_abbrev  0x0000000000001055      0x1ef ./glue/sys_messagebus.o
 .debug_abbrev  0x0000000000001244      0x243 ./glue/uart0.o
 .debug_abbrev  0x0000000000001487      0x243 ./glue/uart1.o
 .debug_abbrev  0x00000000000016ca      0x16e c:/ti/ccs1000/ccs/tools/compiler/msp430-gcc-9.2.0.50_win64/bin/../lib/gcc/msp430-elf/9.2.0/../../../../msp430-elf/lib/large\libnosys.a(sbrk.o)
 .debug_abbrev  0x0000000000001838      0x25b c:/ti/ccs1000/ccs/tools/compiler/msp430-gcc-9.2.0.50_win64/bin/../lib/gcc/msp430-elf/9.2.0/../../../../msp430-elf/lib/large\libnosys.a(write.o)
 .debug_abbrev  0x0000000000001a93       0x14 c:/ti/ccs1000/ccs/tools/compiler/msp430-gcc-9.2.0.50_win64/bin/../lib/gcc/msp430-elf/9.2.0/../../../../msp430-elf/lib/large\libnosys.a(cio.o)
 .debug_abbrev  0x0000000000001aa7       0x12 c:/ti/ccs1000/ccs/tools/compiler/msp430-gcc-9.2.0.50_win64/bin/../lib/gcc/msp430-elf/9.2.0/../../../../msp430-elf/lib/large\libnosys.a(ciosyscalls.o)
 .debug_abbrev  0x0000000000001ab9       0x4f c:/ti/ccs1000/ccs/tools/compiler/msp430-gcc-9.2.0.50_win64/bin/../lib/gcc/msp430-elf/9.2.0/../../../../msp430-elf/lib/large\libnosys.a(exit.o)

.debug_line     0x0000000000000000     0x7060
 *(.debug_line .debug_line.* .debug_line_end)
 .debug_line    0x0000000000000000      0x97d ./main.o
 .debug_line    0x000000000000097d      0x602 ./timer_a0.o
 .debug_line    0x0000000000000f7f      0x604 ./timer_a1.o
 .debug_line    0x0000000000001583      0x6db ./timer_a2.o
 .debug_line    0x0000000000001c5e      0x7c2 ./ui.o
 .debug_line    0x0000000000002420     0x155d ./driverlib/MSP430FR5xx_6xx/cs.o
 .debug_line    0x000000000000397d     0x2007 ./glue/helper.o
 .debug_line    0x0000000000005984      0x47e ./glue/sys_messagebus.o
 .debug_line    0x0000000000005e02      0x755 ./glue/uart0.o
 .debug_line    0x0000000000006557      0x637 ./glue/uart1.o
 .debug_line    0x0000000000006b8e       0x5b c:/ti/ccs1000/ccs/tools/compiler/msp430-gcc-9.2.0.50_win64/bin/../lib/gcc/msp430-elf/9.2.0/../../../../msp430-elf/lib/large\libnosys.a(sbrk.o)
 .debug_line.text._sbrk
                0x0000000000006be9       0x8d c:/ti/ccs1000/ccs/tools/compiler/msp430-gcc-9.2.0.50_win64/bin/../lib/gcc/msp430-elf/9.2.0/../../../../msp430-elf/lib/large\libnosys.a(sbrk.o)
 .debug_line_end
                0x0000000000006c76        0x0 c:/ti/ccs1000/ccs/tools/compiler/msp430-gcc-9.2.0.50_win64/bin/../lib/gcc/msp430-elf/9.2.0/../../../../msp430-elf/lib/large\libnosys.a(sbrk.o)
 .debug_line    0x0000000000006c76      0x13c c:/ti/ccs1000/ccs/tools/compiler/msp430-gcc-9.2.0.50_win64/bin/../lib/gcc/msp430-elf/9.2.0/../../../../msp430-elf/lib/large\libnosys.a(write.o)
 .debug_line.text.write
                0x0000000000006db2      0x150 c:/ti/ccs1000/ccs/tools/compiler/msp430-gcc-9.2.0.50_win64/bin/../lib/gcc/msp430-elf/9.2.0/../../../../msp430-elf/lib/large\libnosys.a(write.o)
 .debug_line_end
                0x0000000000006f02        0x0 c:/ti/ccs1000/ccs/tools/compiler/msp430-gcc-9.2.0.50_win64/bin/../lib/gcc/msp430-elf/9.2.0/../../../../msp430-elf/lib/large\libnosys.a(write.o)
 .debug_line    0x0000000000006f02       0x62 c:/ti/ccs1000/ccs/tools/compiler/msp430-gcc-9.2.0.50_win64/bin/../lib/gcc/msp430-elf/9.2.0/../../../../msp430-elf/lib/large\libnosys.a(cio.o)
 .debug_line_end
                0x0000000000006f64        0x0 c:/ti/ccs1000/ccs/tools/compiler/msp430-gcc-9.2.0.50_win64/bin/../lib/gcc/msp430-elf/9.2.0/../../../../msp430-elf/lib/large\libnosys.a(cio.o)
 .debug_line    0x0000000000006f64       0x54 c:/ti/ccs1000/ccs/tools/compiler/msp430-gcc-9.2.0.50_win64/bin/../lib/gcc/msp430-elf/9.2.0/../../../../msp430-elf/lib/large\libnosys.a(ciosyscalls.o)
 .debug_line.text.getpid
                0x0000000000006fb8       0x16 c:/ti/ccs1000/ccs/tools/compiler/msp430-gcc-9.2.0.50_win64/bin/../lib/gcc/msp430-elf/9.2.0/../../../../msp430-elf/lib/large\libnosys.a(ciosyscalls.o)
 .debug_line.text.kill
                0x0000000000006fce       0x11 c:/ti/ccs1000/ccs/tools/compiler/msp430-gcc-9.2.0.50_win64/bin/../lib/gcc/msp430-elf/9.2.0/../../../../msp430-elf/lib/large\libnosys.a(ciosyscalls.o)
 .debug_line_end
                0x0000000000006fdf        0x0 c:/ti/ccs1000/ccs/tools/compiler/msp430-gcc-9.2.0.50_win64/bin/../lib/gcc/msp430-elf/9.2.0/../../../../msp430-elf/lib/large\libnosys.a(ciosyscalls.o)
 .debug_line    0x0000000000006fdf       0x4d c:/ti/ccs1000/ccs/tools/compiler/msp430-gcc-9.2.0.50_win64/bin/../lib/gcc/msp430-elf/9.2.0/../../../../msp430-elf/lib/large\libnosys.a(exit.o)
 .debug_line.text.exit
                0x000000000000702c       0x34 c:/ti/ccs1000/ccs/tools/compiler/msp430-gcc-9.2.0.50_win64/bin/../lib/gcc/msp430-elf/9.2.0/../../../../msp430-elf/lib/large\libnosys.a(exit.o)
 .debug_line_end
                0x0000000000007060        0x0 c:/ti/ccs1000/ccs/tools/compiler/msp430-gcc-9.2.0.50_win64/bin/../lib/gcc/msp430-elf/9.2.0/../../../../msp430-elf/lib/large\libnosys.a(exit.o)

.debug_frame    0x0000000000000000     0x1280
 *(.debug_frame)
 .debug_frame   0x0000000000000000      0x10c ./main.o
 .debug_frame   0x000000000000010c      0x10c ./timer_a0.o
 .debug_frame   0x0000000000000218       0xf4 ./timer_a1.o
 .debug_frame   0x000000000000030c      0x144 ./timer_a2.o
 .debug_frame   0x0000000000000450      0x1b0 ./ui.o
 .debug_frame   0x0000000000000600      0x20c ./driverlib/MSP430FR5xx_6xx/cs.o
 .debug_frame   0x000000000000080c      0x6d0 ./glue/helper.o
 .debug_frame   0x0000000000000edc       0xbc ./glue/sys_messagebus.o
 .debug_frame   0x0000000000000f98      0x114 ./glue/uart0.o
 .debug_frame   0x00000000000010ac      0x104 ./glue/uart1.o
 .debug_frame   0x00000000000011b0       0x44 c:/ti/ccs1000/ccs/tools/compiler/msp430-gcc-9.2.0.50_win64/bin/../lib/gcc/msp430-elf/9.2.0/../../../../msp430-elf/lib/large\libnosys.a(sbrk.o)
 .debug_frame   0x00000000000011f4       0x68 c:/ti/ccs1000/ccs/tools/compiler/msp430-gcc-9.2.0.50_win64/bin/../lib/gcc/msp430-elf/9.2.0/../../../../msp430-elf/lib/large\libnosys.a(write.o)
 .debug_frame   0x000000000000125c       0x24 c:/ti/ccs1000/ccs/tools/compiler/msp430-gcc-9.2.0.50_win64/bin/../lib/gcc/msp430-elf/9.2.0/../../../../msp430-elf/lib/large\libnosys.a(exit.o)

.debug_str      0x0000000000000000     0x4b9d
 *(.debug_str)
 .debug_str     0x0000000000000000     0x3cc1 ./main.o
                                       0x3d56 (size before relaxing)
 .debug_str     0x0000000000003cc1      0x10a ./timer_a0.o
                                       0x3d76 (size before relaxing)
 .debug_str     0x0000000000003dcb       0xfe ./timer_a1.o
                                       0x3d6a (size before relaxing)
 .debug_str     0x0000000000003ec9      0x1a2 ./timer_a2.o
                                       0x3e15 (size before relaxing)
 .debug_str     0x000000000000406b      0x13a ./ui.o
                                       0x3de0 (size before relaxing)
 .debug_str     0x00000000000041a5      0x350 ./driverlib/MSP430FR5xx_6xx/cs.o
                                       0x3bda (size before relaxing)
 .debug_str     0x00000000000044f5      0x22f ./glue/helper.o
                                        0x954 (size before relaxing)
 .debug_str     0x0000000000004724       0x92 ./glue/sys_messagebus.o
                                       0x3d16 (size before relaxing)
 .debug_str     0x00000000000047b6       0xee ./glue/uart0.o
                                       0x3d3b (size before relaxing)
 .debug_str     0x00000000000048a4       0xd2 ./glue/uart1.o
                                       0x3d26 (size before relaxing)
 .debug_str     0x0000000000004976       0x99 c:/ti/ccs1000/ccs/tools/compiler/msp430-gcc-9.2.0.50_win64/bin/../lib/gcc/msp430-elf/9.2.0/../../../../msp430-elf/lib/large\libnosys.a(sbrk.o)
                                         0xa4 (size before relaxing)
 .debug_str     0x0000000000004a0f       0x87 c:/ti/ccs1000/ccs/tools/compiler/msp430-gcc-9.2.0.50_win64/bin/../lib/gcc/msp430-elf/9.2.0/../../../../msp430-elf/lib/large\libnosys.a(write.o)
                                        0x5a9 (size before relaxing)
 .debug_str     0x0000000000004a96       0x9f c:/ti/ccs1000/ccs/tools/compiler/msp430-gcc-9.2.0.50_win64/bin/../lib/gcc/msp430-elf/9.2.0/../../../../msp430-elf/lib/large\libnosys.a(cio.o)
 .debug_str     0x0000000000004b35       0x34 c:/ti/ccs1000/ccs/tools/compiler/msp430-gcc-9.2.0.50_win64/bin/../lib/gcc/msp430-elf/9.2.0/../../../../msp430-elf/lib/large\libnosys.a(ciosyscalls.o)
                                         0xa7 (size before relaxing)
 .debug_str     0x0000000000004b69       0x34 c:/ti/ccs1000/ccs/tools/compiler/msp430-gcc-9.2.0.50_win64/bin/../lib/gcc/msp430-elf/9.2.0/../../../../msp430-elf/lib/large\libnosys.a(exit.o)
                                         0x94 (size before relaxing)

.debug_loc      0x0000000000000000     0x245a
 *(.debug_loc)
 .debug_loc     0x0000000000000000       0xce ./main.o
 .debug_loc     0x00000000000000ce       0x7a ./timer_a0.o
 .debug_loc     0x0000000000000148       0xba ./timer_a1.o
 .debug_loc     0x0000000000000202      0x149 ./timer_a2.o
 .debug_loc     0x000000000000034b      0x27c ./ui.o
 .debug_loc     0x00000000000005c7      0x547 ./driverlib/MSP430FR5xx_6xx/cs.o
 .debug_loc     0x0000000000000b0e     0x151a ./glue/helper.o
 .debug_loc     0x0000000000002028      0x136 ./glue/sys_messagebus.o
 .debug_loc     0x000000000000215e       0xbc ./glue/uart0.o
 .debug_loc     0x000000000000221a       0xbc ./glue/uart1.o
 .debug_loc     0x00000000000022d6       0x6f c:/ti/ccs1000/ccs/tools/compiler/msp430-gcc-9.2.0.50_win64/bin/../lib/gcc/msp430-elf/9.2.0/../../../../msp430-elf/lib/large\libnosys.a(sbrk.o)
 .debug_loc     0x0000000000002345      0x115 c:/ti/ccs1000/ccs/tools/compiler/msp430-gcc-9.2.0.50_win64/bin/../lib/gcc/msp430-elf/9.2.0/../../../../msp430-elf/lib/large\libnosys.a(write.o)

.debug_macinfo
 *(.debug_macinfo)

.debug_weaknames
 *(.debug_weaknames)

.debug_funcnames
 *(.debug_funcnames)

.debug_typenames
 *(.debug_typenames)

.debug_varnames
 *(.debug_varnames)

.debug_pubtypes
 *(.debug_pubtypes)

.debug_ranges   0x0000000000000000      0x158
 *(.debug_ranges)
 .debug_ranges  0x0000000000000000       0x18 ./main.o
 .debug_ranges  0x0000000000000018       0x18 ./timer_a0.o
 .debug_ranges  0x0000000000000030       0x18 ./timer_a1.o
 .debug_ranges  0x0000000000000048       0x18 ./timer_a2.o
 .debug_ranges  0x0000000000000060       0x18 ./glue/uart0.o
 .debug_ranges  0x0000000000000078       0x18 ./glue/uart1.o
 .debug_ranges  0x0000000000000090       0x10 c:/ti/ccs1000/ccs/tools/compiler/msp430-gcc-9.2.0.50_win64/bin/../lib/gcc/msp430-elf/9.2.0/../../../../msp430-elf/lib/large\libnosys.a(sbrk.o)
 .debug_ranges  0x00000000000000a0       0x58 c:/ti/ccs1000/ccs/tools/compiler/msp430-gcc-9.2.0.50_win64/bin/../lib/gcc/msp430-elf/9.2.0/../../../../msp430-elf/lib/large\libnosys.a(write.o)
 .debug_ranges  0x00000000000000f8       0x50 c:/ti/ccs1000/ccs/tools/compiler/msp430-gcc-9.2.0.50_win64/bin/../lib/gcc/msp430-elf/9.2.0/../../../../msp430-elf/lib/large\libnosys.a(ciosyscalls.o)
 .debug_ranges  0x0000000000000148       0x10 c:/ti/ccs1000/ccs/tools/compiler/msp430-gcc-9.2.0.50_win64/bin/../lib/gcc/msp430-elf/9.2.0/../../../../msp430-elf/lib/large\libnosys.a(exit.o)

.debug_macro
 *(.debug_macro)

/DISCARD/
 *(.note.GNU-stack)
                [!provide]                        PROVIDE (ADC12CTL0 = 0x800)
                [!provide]                        PROVIDE (ADC12CTL0_L = 0x800)
                [!provide]                        PROVIDE (ADC12CTL0_H = 0x801)
                [!provide]                        PROVIDE (ADC12CTL1 = 0x802)
                [!provide]                        PROVIDE (ADC12CTL1_L = 0x802)
                [!provide]                        PROVIDE (ADC12CTL1_H = 0x803)
                [!provide]                        PROVIDE (ADC12CTL2 = 0x804)
                [!provide]                        PROVIDE (ADC12CTL2_L = 0x804)
                [!provide]                        PROVIDE (ADC12CTL2_H = 0x805)
                [!provide]                        PROVIDE (ADC12CTL3 = 0x806)
                [!provide]                        PROVIDE (ADC12CTL3_L = 0x806)
                [!provide]                        PROVIDE (ADC12CTL3_H = 0x807)
                [!provide]                        PROVIDE (ADC12LO = 0x808)
                [!provide]                        PROVIDE (ADC12LO_L = 0x808)
                [!provide]                        PROVIDE (ADC12LO_H = 0x809)
                [!provide]                        PROVIDE (ADC12HI = 0x80a)
                [!provide]                        PROVIDE (ADC12HI_L = 0x80a)
                [!provide]                        PROVIDE (ADC12HI_H = 0x80b)
                [!provide]                        PROVIDE (ADC12IFGR0 = 0x80c)
                [!provide]                        PROVIDE (ADC12IFGR0_L = 0x80c)
                [!provide]                        PROVIDE (ADC12IFGR0_H = 0x80d)
                [!provide]                        PROVIDE (ADC12IFGR1 = 0x80e)
                [!provide]                        PROVIDE (ADC12IFGR1_L = 0x80e)
                [!provide]                        PROVIDE (ADC12IFGR1_H = 0x80f)